### das_discover_run3.sh era=2022EE nano=v15  2026-09-07T13:51:00Z
META|era=2022EE|nano=v15|mc_campaign=Run3Summer22EENanoAODv15|data_runera=Run2022|data_proc=NanoAODv15|utc=2026-09-07T13:51:00Z

### MC  campaign=/Run3Summer22EENanoAODv15*/NANOAODSIM  -- flavour re-productions (JMENano/BTVNano/...) included; filter later
NONE|MC|signal_ttHH|/TTHH*/Run3Summer22EENanoAODv15*/NANOAODSIM
HIT|MC|ttbar|had|/TTto4Q_TuneCP5_13p6TeV_powheg-pythia8/Run3Summer22EENanoAODv15-150X_mcRun3_2022_realistic_postEE_v1-v2/NANOAODSIM
HIT|MC|ttbar|had|/TTtoLNu2Q_TuneCP5_13p6TeV_powheg-pythia8/Run3Summer22EENanoAODv15-150X_mcRun3_2022_realistic_postEE_v1-v2/NANOAODSIM
HIT|MC|ttbar|had|/TTto2L2Nu_Hdamp-158_TuneCP5_13p6TeV_powheg-pythia8/Run3Summer22EENanoAODv15-150X_mcRun3_2022_realistic_postEE_v1-v1/NANOAODSIM
HIT|MC|ttbar|had|/TTto2L2Nu_Hdamp-418_TuneCP5_13p6TeV_powheg-pythia8/Run3Summer22EENanoAODv15-150X_mcRun3_2022_realistic_postEE_v1-v1/NANOAODSIM
HIT|MC|ttbar|had|/TTto2L2Nu_MT-171p5_TuneCP5_13p6TeV_powheg-pythia8/Run3Summer22EENanoAODv15-150X_mcRun3_2022_realistic_postEE_v1-v1/NANOAODSIM
HIT|MC|ttbar|had|/TTto2L2Nu_MT-175p5_TuneCP5_13p6TeV_powheg-pythia8/Run3Summer22EENanoAODv15-150X_mcRun3_2022_realistic_postEE_v1-v1/NANOAODSIM
HIT|MC|ttbar|had|/TTto2L2Nu_TuneCP5_13p6TeV_powheg-pythia8/Run3Summer22EENanoAODv15-150X_mcRun3_2022_realistic_postEE_v1-v3/NANOAODSIM
HIT|MC|ttbar|had|/TTto2L2Nu_TuneCP5Down_13p6TeV_powheg-pythia8/Run3Summer22EENanoAODv15-150X_mcRun3_2022_realistic_postEE_v1-v1/NANOAODSIM
HIT|MC|ttbar|had|/TTto2L2Nu_TuneCP5Up_13p6TeV_powheg-pythia8/Run3Summer22EENanoAODv15-150X_mcRun3_2022_realistic_postEE_v1-v1/NANOAODSIM
NONE|MC|ttbb|/TTbb*/Run3Summer22EENanoAODv15*/NANOAODSIM
NONE|MC|ttbb|/TTBB*/Run3Summer22EENanoAODv15*/NANOAODSIM
NONE|MC|qcd_ht|/QCD-4Jets*/Run3Summer22EENanoAODv15*/NANOAODSIM
NONE|MC|qcd_ht|/QCD_HT*/Run3Summer22EENanoAODv15*/NANOAODSIM
NONE|MC|qcd_ht|/QCD_Bin-HT*/Run3Summer22EENanoAODv15*/NANOAODSIM
HIT|MC|qcd_pt|had|/QCD_PT-1000_MuEnrichedPt5_TuneCP5_13p6TeV_pythia8/Run3Summer22EENanoAODv15-150X_mcRun3_2022_realistic_postEE_v1-v1/NANOAODSIM
HIT|MC|qcd_pt|had|/QCD_PT-1000to1400_TuneCP5_13p6TeV_pythia8/Run3Summer22EENanoAODv15-150X_mcRun3_2022_realistic_postEE_v1_ext1-v1/NANOAODSIM
HIT|MC|qcd_pt|had|/QCD_PT-120to170_MuEnrichedPt5_TuneCP5_13p6TeV_pythia8/Run3Summer22EENanoAODv15-150X_mcRun3_2022_realistic_postEE_v1-v1/NANOAODSIM
HIT|MC|qcd_pt|had|/QCD_PT-120to170_TuneCP5_13p6TeV_pythia8/Run3Summer22EENanoAODv15-150X_mcRun3_2022_realistic_postEE_v1_ext1-v1/NANOAODSIM
HIT|MC|qcd_pt|had|/QCD_PT-1400to1800_TuneCP5_13p6TeV_pythia8/Run3Summer22EENanoAODv15-150X_mcRun3_2022_realistic_postEE_v1_ext1-v1/NANOAODSIM
HIT|MC|qcd_pt|had|/QCD_PT-15to20_MuEnrichedPt5_TuneCP5_13p6TeV_pythia8/Run3Summer22EENanoAODv15-150X_mcRun3_2022_realistic_postEE_v1-v1/NANOAODSIM
HIT|MC|qcd_pt|had|/QCD_PT-15to30_TuneCP5_13p6TeV_pythia8/Run3Summer22EENanoAODv15-150X_mcRun3_2022_realistic_postEE_v1_ext1-v1/NANOAODSIM
HIT|MC|qcd_pt|had|/QCD_PT-15to7000_TuneCP5_Flat2022_13p6TeV_pythia8/Run3Summer22EENanoAODv15-150X_mcRun3_2022_realistic_postEE_v1-v3/NANOAODSIM
HIT|MC|qcd_pt|had|/QCD_PT-15to7000_TuneCP5_Flat2022_13p6TeV_pythia8/Run3Summer22EENanoAODv15-JMENano_150X_mcRun3_2022_realistic_postEE_v1-v2/NANOAODSIM
HIT|MC|qcd_pt|had|/QCD_PT-170to300_MuEnrichedPt5_TuneCP5_13p6TeV_pythia8/Run3Summer22EENanoAODv15-150X_mcRun3_2022_realistic_postEE_v1-v3/NANOAODSIM
HIT|MC|qcd_pt|had|/QCD_PT-170to300_TuneCP5_13p6TeV_pythia8/Run3Summer22EENanoAODv15-150X_mcRun3_2022_realistic_postEE_v1_ext1-v1/NANOAODSIM
HIT|MC|qcd_pt|had|/QCD_PT-1800to2400_TuneCP5_13p6TeV_pythia8/Run3Summer22EENanoAODv15-150X_mcRun3_2022_realistic_postEE_v1_ext1-v1/NANOAODSIM
HIT|MC|qcd_pt|had|/QCD_PT-20to30_MuEnrichedPt5_TuneCP5_13p6TeV_pythia8/Run3Summer22EENanoAODv15-150X_mcRun3_2022_realistic_postEE_v1-v2/NANOAODSIM
HIT|MC|qcd_pt|had|/QCD_PT-2400to3200_TuneCP5_13p6TeV_pythia8/Run3Summer22EENanoAODv15-150X_mcRun3_2022_realistic_postEE_v1_ext1-v1/NANOAODSIM
HIT|MC|qcd_pt|had|/QCD_PT-300to470_MuEnrichedPt5_TuneCP5_13p6TeV_pythia8/Run3Summer22EENanoAODv15-150X_mcRun3_2022_realistic_postEE_v1-v1/NANOAODSIM
HIT|MC|qcd_pt|had|/QCD_PT-300to470_TuneCP5_13p6TeV_pythia8/Run3Summer22EENanoAODv15-150X_mcRun3_2022_realistic_postEE_v1_ext1-v1/NANOAODSIM
HIT|MC|qcd_pt|had|/QCD_PT-30to50_MuEnrichedPt5_TuneCP5_13p6TeV_pythia8/Run3Summer22EENanoAODv15-150X_mcRun3_2022_realistic_postEE_v1-v1/NANOAODSIM
HIT|MC|qcd_pt|had|/QCD_PT-30to50_TuneCP5_13p6TeV_pythia8/Run3Summer22EENanoAODv15-150X_mcRun3_2022_realistic_postEE_v1_ext1-v1/NANOAODSIM
HIT|MC|qcd_pt|had|/QCD_PT-3200_TuneCP5_13p6TeV_pythia8/Run3Summer22EENanoAODv15-150X_mcRun3_2022_realistic_postEE_v1_ext1-v2/NANOAODSIM
HIT|MC|qcd_pt|had|/QCD_PT-470to600_MuEnrichedPt5_TuneCP5_13p6TeV_pythia8/Run3Summer22EENanoAODv15-150X_mcRun3_2022_realistic_postEE_v1-v1/NANOAODSIM
HIT|MC|qcd_pt|had|/QCD_PT-470to600_TuneCP5_13p6TeV_pythia8/Run3Summer22EENanoAODv15-150X_mcRun3_2022_realistic_postEE_v1_ext1-v1/NANOAODSIM
HIT|MC|qcd_pt|had|/QCD_PT-50to80_MuEnrichedPt5_TuneCP5_13p6TeV_pythia8/Run3Summer22EENanoAODv15-150X_mcRun3_2022_realistic_postEE_v1-v1/NANOAODSIM
HIT|MC|qcd_pt|had|/QCD_PT-50to80_TuneCP5_13p6TeV_pythia8/Run3Summer22EENanoAODv15-150X_mcRun3_2022_realistic_postEE_v1-v1/NANOAODSIM
HIT|MC|qcd_pt|had|/QCD_PT-600to800_MuEnrichedPt5_TuneCP5_13p6TeV_pythia8/Run3Summer22EENanoAODv15-150X_mcRun3_2022_realistic_postEE_v1-v1/NANOAODSIM
HIT|MC|qcd_pt|had|/QCD_PT-600to800_TuneCP5_13p6TeV_pythia8/Run3Summer22EENanoAODv15-150X_mcRun3_2022_realistic_postEE_v1-v2/NANOAODSIM
HIT|MC|qcd_pt|had|/QCD_PT-800to1000_MuEnrichedPt5_TuneCP5_13p6TeV_pythia8/Run3Summer22EENanoAODv15-150X_mcRun3_2022_realistic_postEE_v1-v1/NANOAODSIM
HIT|MC|qcd_pt|had|/QCD_PT-800to1000_TuneCP5_13p6TeV_pythia8/Run3Summer22EENanoAODv15-150X_mcRun3_2022_realistic_postEE_v1_ext1-v1/NANOAODSIM
HIT|MC|qcd_pt|had|/QCD_PT-80to120_MuEnrichedPt5_TuneCP5_13p6TeV_pythia8/Run3Summer22EENanoAODv15-150X_mcRun3_2022_realistic_postEE_v1-v4/NANOAODSIM
HIT|MC|qcd_pt|had|/QCD_PT-80to120_TuneCP5_13p6TeV_pythia8/Run3Summer22EENanoAODv15-150X_mcRun3_2022_realistic_postEE_v1-v1/NANOAODSIM
NONE|MC|qcd_pt|/QCD_Bin-PT*/Run3Summer22EENanoAODv15*/NANOAODSIM
NONE|MC|ttH|/TTH*/Run3Summer22EENanoAODv15*/NANOAODSIM
NONE|MC|ttH|/ttH*/Run3Summer22EENanoAODv15*/NANOAODSIM
NONE|MC|tH|/THQ*/Run3Summer22EENanoAODv15*/NANOAODSIM
NONE|MC|tH|/THW*/Run3Summer22EENanoAODv15*/NANOAODSIM
NONE|MC|tH|/TQ*H*/Run3Summer22EENanoAODv15*/NANOAODSIM
NONE|MC|tH|/TW*H*/Run3Summer22EENanoAODv15*/NANOAODSIM
HIT|MC|ttV|had|/TTZ-ZtoQQ-1Jets_TuneCP5_13p6TeV_amcatnloFXFX-pythia8/Run3Summer22EENanoAODv15-150X_mcRun3_2022_realistic_postEE_v1-v1/NANOAODSIM
HIT|MC|ttV|had|/TTLL_MLL-4to50_TuneCP5_13p6TeV_amcatnlo-pythia8/Run3Summer22EENanoAODv15-150X_mcRun3_2022_realistic_postEE_v1-v1/NANOAODSIM
HIT|MC|ttV|had|/TTLL_MLL-50_TuneCP5_13p6TeV_amcatnlo-pythia8/Run3Summer22EENanoAODv15-150X_mcRun3_2022_realistic_postEE_v1-v1/NANOAODSIM
HIT|MC|ttV|had|/TTLNu-1Jets_TuneCP5_13p6TeV_amcatnloFXFX-pythia8/Run3Summer22EENanoAODv15-mg35x_150X_mcRun3_2022_realistic_postEE_v1-v1/NANOAODSIM
HIT|MC|ttV|had|/TTW-WtoQQ-1Jets_TuneCP5_13p6TeV_amcatnloFXFXold-pythia8/Run3Summer22EENanoAODv15-150X_mcRun3_2022_realistic_postEE_v1-v1/NANOAODSIM
HIT|MC|ttV|had|/TTNuNu_TuneCP5_13p6TeV_amcatnlo-pythia8/Run3Summer22EENanoAODv15-150X_mcRun3_2022_realistic_postEE_v1-v1/NANOAODSIM
NONE|MC|ttVV_4top|/TTWW*/Run3Summer22EENanoAODv15*/NANOAODSIM
NONE|MC|ttVV_4top|/TTWZ*/Run3Summer22EENanoAODv15*/NANOAODSIM
NONE|MC|ttVV_4top|/TTZZ*/Run3Summer22EENanoAODv15*/NANOAODSIM
NONE|MC|ttVV_4top|/TTWH*/Run3Summer22EENanoAODv15*/NANOAODSIM
NONE|MC|ttVV_4top|/TTZH*/Run3Summer22EENanoAODv15*/NANOAODSIM
NONE|MC|ttVV_4top|/TTTT*/Run3Summer22EENanoAODv15*/NANOAODSIM
NONE|MC|ttVV_4top|/TTTW*/Run3Summer22EENanoAODv15*/NANOAODSIM
NONE|MC|ttVV_4top|/TT4b*/Run3Summer22EENanoAODv15*/NANOAODSIM
NONE|MC|ttVV_4top|/TTbbbb*/Run3Summer22EENanoAODv15*/NANOAODSIM
HIT|MC|singletop|had|/TBbarQ_t-channel_4FS_TuneCP5_13p6TeV_powheg-madspin-pythia8/Run3Summer22EENanoAODv15-150X_mcRun3_2022_realistic_postEE_v1-v1/NANOAODSIM
HIT|MC|singletop|had|/TbarBQ_t-channel_4FS_TuneCP5_13p6TeV_powheg-madspin-pythia8/Run3Summer22EENanoAODv15-150X_mcRun3_2022_realistic_postEE_v1-v1/NANOAODSIM
HIT|MC|singletop|had|/TWminusto2L2Nu_TuneCP5_13p6TeV_powheg-pythia8/Run3Summer22EENanoAODv15-150X_mcRun3_2022_realistic_postEE_v1-v1/NANOAODSIM
HIT|MC|singletop|had|/TWminusto4Q_TuneCP5_13p6TeV_powheg-pythia8/Run3Summer22EENanoAODv15-150X_mcRun3_2022_realistic_postEE_v1-v1/NANOAODSIM
HIT|MC|singletop|had|/TWminustoLNu2Q_TuneCP5_13p6TeV_powheg-pythia8/Run3Summer22EENanoAODv15-150X_mcRun3_2022_realistic_postEE_v1-v1/NANOAODSIM
HIT|MC|singletop|had|/TbarWplusto2L2Nu_TuneCP5_13p6TeV_powheg-pythia8/Run3Summer22EENanoAODv15-150X_mcRun3_2022_realistic_postEE_v1-v1/NANOAODSIM
HIT|MC|singletop|had|/TbarWplusto4Q_TuneCP5_13p6TeV_powheg-pythia8/Run3Summer22EENanoAODv15-150X_mcRun3_2022_realistic_postEE_v1-v1/NANOAODSIM
HIT|MC|singletop|had|/TbarWplustoLNu2Q_TuneCP5_13p6TeV_powheg-pythia8/Run3Summer22EENanoAODv15-150X_mcRun3_2022_realistic_postEE_v1-v1/NANOAODSIM
HIT|MC|singletop|had|/TBbartoLplusNuBbar-s-channel-4FS_TuneCP5_13p6TeV_amcatnlo-pythia8/Run3Summer22EENanoAODv15-150X_mcRun3_2022_realistic_postEE_v1-v1/NANOAODSIM
HIT|MC|singletop|had|/TbarBtoLminusNuB-s-channel-4FS_TuneCP5_13p6TeV_amcatnlo-pythia8/Run3Summer22EENanoAODv15-150X_mcRun3_2022_realistic_postEE_v1-v1/NANOAODSIM
NONE|MC|singletop|/ST_*/Run3Summer22EENanoAODv15*/NANOAODSIM
HIT|MC|diboson|had|/WW_TuneCP5_13p6TeV_pythia8/Run3Summer22EENanoAODv15-150X_mcRun3_2022_realistic_postEE_v1-v1/NANOAODSIM
HIT|MC|diboson|had|/WZtoL3Nu-1Jets-4FS_TuneCP5_13p6TeV_amcatnloFXFX-pythia8/Run3Summer22EENanoAODv15-150X_mcRun3_2022_realistic_postEE_v1-v1/NANOAODSIM
HIT|MC|diboson|had|/WZ_TuneCP5_13p6TeV_pythia8/Run3Summer22EENanoAODv15-150X_mcRun3_2022_realistic_postEE_v1-v1/NANOAODSIM
HIT|MC|diboson|had|/ZZ_TuneCP5_13p6TeV_pythia8/Run3Summer22EENanoAODv15-150X_mcRun3_2022_realistic_postEE_v1-v1/NANOAODSIM
NONE|MC|vjets_qq|/Wto2Q*/Run3Summer22EENanoAODv15*/NANOAODSIM
NONE|MC|vjets_qq|/Zto2Q*/Run3Summer22EENanoAODv15*/NANOAODSIM
HIT|MC|wjets_lnu|lep|/WtoLNu-2Jets_TuneCP5_13p6TeV_amcatnloFXFX-pythia8/Run3Summer22EENanoAODv15-150X_mcRun3_2022_realistic_postEE_v1-v3/NANOAODSIM
HIT|MC|wjets_lnu|lep|/WtoLNu-4Jets_1J_TuneCP5_13p6TeV_madgraphMLM-pythia8/Run3Summer22EENanoAODv15-150X_mcRun3_2022_realistic_postEE_v1-v1/NANOAODSIM
HIT|MC|wjets_lnu|lep|/WtoLNu-4Jets_2J_TuneCP5_13p6TeV_madgraphMLM-pythia8/Run3Summer22EENanoAODv15-150X_mcRun3_2022_realistic_postEE_v1-v1/NANOAODSIM
HIT|MC|wjets_lnu|lep|/WtoLNu-4Jets_3J_TuneCP5_13p6TeV_madgraphMLM-pythia8/Run3Summer22EENanoAODv15-150X_mcRun3_2022_realistic_postEE_v1-v1/NANOAODSIM
HIT|MC|wjets_lnu|lep|/WtoLNu-4Jets_4J_TuneCP5_13p6TeV_madgraphMLM-pythia8/Run3Summer22EENanoAODv15-150X_mcRun3_2022_realistic_postEE_v1-v1/NANOAODSIM
HIT|MC|wjets_lnu|lep|/WtoLNu-4Jets_TuneCP5_13p6TeV_madgraphMLM-pythia8/Run3Summer22EENanoAODv15-150X_mcRun3_2022_realistic_postEE_v1_ext1-v2/NANOAODSIM
HIT|MC|dy_ll|lep|/DYto2L-2Jets_MLL-10to50_TuneCP5_13p6TeV_amcatnloFXFX-pythia8/Run3Summer22EENanoAODv15-150X_mcRun3_2022_realistic_postEE_v1-v1/NANOAODSIM
HIT|MC|dy_ll|lep|/DYto2L-2Jets_MLL-50_TuneCP5_13p6TeV_amcatnloFXFX-pythia8/Run3Summer22EENanoAODv15-150X_mcRun3_2022_realistic_postEE_v1-v2/NANOAODSIM
HIT|MC|dy_ll|lep|/DYto2L-4Jets_MLL-10to50_TuneCP5_13p6TeV_madgraphMLM-pythia8/Run3Summer22EENanoAODv15-150X_mcRun3_2022_realistic_postEE_v1-v1/NANOAODSIM
HIT|MC|dy_ll|lep|/DYto2L-4Jets_MLL-50_TuneCP5_13p6TeV_madgraphMLM-pythia8/Run3Summer22EENanoAODv15-150X_mcRun3_2022_realistic_postEE_v1-v2/NANOAODSIM
HIT|MC|dy_ll|lep|/DYto2Mu_MLL-50to120_TuneCP5_13p6TeV_powheg-pythia8/Run3Summer22EENanoAODv15-150X_mcRun3_2022_realistic_postEE_v1-v4/NANOAODSIM
HIT|MC|dy_ll|lep|/DYto2E_MLL-50to120_TuneCP5_13p6TeV_powheg-pythia8/Run3Summer22EENanoAODv15-150X_mcRun3_2022_realistic_postEE_v1-v3/NANOAODSIM
HIT|MC|dy_ll|lep|/DYto2Tau-2Jets_MLL-50_0J_TuneCP5_13p6TeV_amcatnloFXFX-pythia8/Run3Summer22EENanoAODv15-150X_mcRun3_2022_realistic_postEE_v1-v3/NANOAODSIM
HIT|MC|dy_ll|lep|/DYto2Tau_MLL-50to120_TuneCP5_13p6TeV_powheg-pythia8/Run3Summer22EENanoAODv15-150X_mcRun3_2022_realistic_postEE_v1-v4/NANOAODSIM

### DATA  Run2022*  -- first every NanoAOD campaign of the PD (proc-string discovery), then the NanoAODv15* match
CAMP|DATA|JetMET|Run2022C-19Dec2023-v1
CAMP|DATA|JetMET|Run2022C-22Sep2023-v1
CAMP|DATA|JetMET|Run2022C-BTVNanoAODv15-v1
CAMP|DATA|JetMET|Run2022C-JMENano12p5-v1
CAMP|DATA|JetMET|Run2022C-JMENanoAODv15-v1
CAMP|DATA|JetMET|Run2022C-NanoAODv15-v1
CAMP|DATA|JetMET|Run2022C-PromptNanoAODv10-v1
CAMP|DATA|JetMET|Run2022C-PromptNanoAODv10_v1-v1
CAMP|DATA|JetMET|Run2022C-ReRecoNanoAODv11-v1
CAMP|DATA|JetMET|Run2022D-19Dec2023-v1
CAMP|DATA|JetMET|Run2022D-22Sep2023-v1
CAMP|DATA|JetMET|Run2022D-BTVNanoAODv15-v1
CAMP|DATA|JetMET|Run2022D-JMENano12p5-v1
CAMP|DATA|JetMET|Run2022D-JMENanoAODv15-v1
CAMP|DATA|JetMET|Run2022D-NanoAODv15-v1
CAMP|DATA|JetMET|Run2022D-PromptNanoAODv10_v1-v1
CAMP|DATA|JetMET|Run2022D-PromptNanoAODv10_v2-v1
CAMP|DATA|JetMET|Run2022D-ReRecoNanoAODv11-v1
CAMP|DATA|JetMET|Run2022E-19Dec2023-v1
CAMP|DATA|JetMET|Run2022E-22Sep2023-v1
CAMP|DATA|JetMET|Run2022E-BTVNanoAODv15-v1
CAMP|DATA|JetMET|Run2022E-JMENano12p5-v1
CAMP|DATA|JetMET|Run2022E-JMENanoAODv15-v1
CAMP|DATA|JetMET|Run2022E-NanoAODv15-v1
CAMP|DATA|JetMET|Run2022E-PromptNanoAODv10_v1-v3
CAMP|DATA|JetMET|Run2022E-ReRecoNanoAODv11-v1
CAMP|DATA|JetMET|Run2022F-19Dec2023-v2
CAMP|DATA|JetMET|Run2022F-22Sep2023-v2
CAMP|DATA|JetMET|Run2022F-BTVNanoAODv15-v1
CAMP|DATA|JetMET|Run2022F-JMENano12p5-v1
CAMP|DATA|JetMET|Run2022F-JMENanoAODv15-v1
CAMP|DATA|JetMET|Run2022F-NanoAODv15-v1
CAMP|DATA|JetMET|Run2022F-PromptNanoAODv10_v1-v2
CAMP|DATA|JetMET|Run2022F-PromptNanoAODv11_v1-v2
CAMP|DATA|JetMET|Run2022G-19Dec2023-v1
CAMP|DATA|JetMET|Run2022G-22Sep2023-v2
CAMP|DATA|JetMET|Run2022G-BTVNanoAODv15-v1
CAMP|DATA|JetMET|Run2022G-JMENano12p5-v1
CAMP|DATA|JetMET|Run2022G-JMENanoAODv15-v1
CAMP|DATA|JetMET|Run2022G-NanoAODv15-v1
CAMP|DATA|JetMET|Run2022G-PromptNanoAODv10_v1-v1
CAMP|DATA|JetMET|Run2022G-PromptNanoAODv11_v1-v2
HIT|DATA|JetMET|had|/JetMET/Run2022C-NanoAODv15-v1/NANOAOD
HIT|DATA|JetMET|had|/JetMET/Run2022D-NanoAODv15-v1/NANOAOD
HIT|DATA|JetMET|had|/JetMET/Run2022E-NanoAODv15-v1/NANOAOD
HIT|DATA|JetMET|had|/JetMET/Run2022F-NanoAODv15-v1/NANOAOD
HIT|DATA|JetMET|had|/JetMET/Run2022G-NanoAODv15-v1/NANOAOD
NONE|DATA|JetMET0|/JetMET0/Run2022*-NanoAODv15*/NANOAOD
NONE|DATA|JetMET1|/JetMET1/Run2022*-NanoAODv15*/NANOAOD
CAMP|DATA|JetHT|Run2022A-22Sep2023-v1
CAMP|DATA|JetHT|Run2022A-NanoAODv15-v1
CAMP|DATA|JetHT|Run2022A-ReRecoNanoAODv11-v1
CAMP|DATA|JetHT|Run2022B-19Dec2023-v1
CAMP|DATA|JetHT|Run2022B-22Sep2023-v1
CAMP|DATA|JetHT|Run2022B-NanoAODv15-v1
CAMP|DATA|JetHT|Run2022B-ReRecoNanoAODv11-v1
CAMP|DATA|JetHT|Run2022B-TEST-v2
CAMP|DATA|JetHT|Run2022C-19Dec2023-v1
CAMP|DATA|JetHT|Run2022C-22Sep2023-v1
CAMP|DATA|JetHT|Run2022C-BTVNanoAODv15-v1
CAMP|DATA|JetHT|Run2022C-JMENano12p5-v1
CAMP|DATA|JetHT|Run2022C-JMENanoAODv15-v1
CAMP|DATA|JetHT|Run2022C-NanoAODv15-v1
CAMP|DATA|JetHT|Run2022C-PromptNanoAODv10-v1
CAMP|DATA|JetHT|Run2022C-PromptNanoAODv10_v1-v1
CAMP|DATA|JetHT|Run2022C-ReRecoNanoAODv11-v1
HIT|DATA|JetHT|had|/JetHT/Run2022A-NanoAODv15-v1/NANOAOD
HIT|DATA|JetHT|had|/JetHT/Run2022B-NanoAODv15-v1/NANOAOD
HIT|DATA|JetHT|had|/JetHT/Run2022C-NanoAODv15-v1/NANOAOD
CAMP|DATA|BTagMu|Run2022A-22Sep2023-v2
CAMP|DATA|BTagMu|Run2022A-NanoAODv15-v1
CAMP|DATA|BTagMu|Run2022A-ReRecoNanoAODv11-v1
CAMP|DATA|BTagMu|Run2022B-22Sep2023-v1
CAMP|DATA|BTagMu|Run2022B-NanoAODv15-v1
CAMP|DATA|BTagMu|Run2022B-ReRecoNanoAODv11-v1
CAMP|DATA|BTagMu|Run2022C-22Sep2023-v1
CAMP|DATA|BTagMu|Run2022C-BTVNanoAODv15-v1
CAMP|DATA|BTagMu|Run2022C-NanoAODv15-v1
CAMP|DATA|BTagMu|Run2022C-PromptNanoAODv10-v1
CAMP|DATA|BTagMu|Run2022C-PromptNanoAODv10_v1-v1
CAMP|DATA|BTagMu|Run2022C-ReRecoNanoAODv11-v1
CAMP|DATA|BTagMu|Run2022D-22Sep2023-v1
CAMP|DATA|BTagMu|Run2022D-BTVNanoAODv15-v1
CAMP|DATA|BTagMu|Run2022D-NanoAODv15-v1
CAMP|DATA|BTagMu|Run2022D-PromptNanoAODv10_Pilot-v2
CAMP|DATA|BTagMu|Run2022D-PromptNanoAODv10_v1-v1
CAMP|DATA|BTagMu|Run2022D-PromptNanoAODv10_v2-v1
CAMP|DATA|BTagMu|Run2022D-ReRecoNanoAODv11-v1
CAMP|DATA|BTagMu|Run2022E-22Sep2023-v1
CAMP|DATA|BTagMu|Run2022E-BTVNanoAODv15-v1
CAMP|DATA|BTagMu|Run2022E-NanoAODv15-v1
CAMP|DATA|BTagMu|Run2022E-PromptNanoAODv10_v1-v3
CAMP|DATA|BTagMu|Run2022E-ReRecoNanoAODv11-v1
CAMP|DATA|BTagMu|Run2022F-22Sep2023-v2
CAMP|DATA|BTagMu|Run2022F-BTVNanoAODv15-v1
CAMP|DATA|BTagMu|Run2022F-NanoAODv15-v1
CAMP|DATA|BTagMu|Run2022F-PromptNanoAODv10_v1-v2
CAMP|DATA|BTagMu|Run2022F-PromptNanoAODv11_v1-v2
CAMP|DATA|BTagMu|Run2022G-22Sep2023-v1
CAMP|DATA|BTagMu|Run2022G-BTVNanoAODv15-v1
CAMP|DATA|BTagMu|Run2022G-NanoAODv15-v1
CAMP|DATA|BTagMu|Run2022G-PromptNanoAODv10_v1-v1
CAMP|DATA|BTagMu|Run2022G-PromptNanoAODv11_v1-v2
HIT|DATA|BTagMu|had|/BTagMu/Run2022A-NanoAODv15-v1/NANOAOD
HIT|DATA|BTagMu|had|/BTagMu/Run2022B-NanoAODv15-v1/NANOAOD
HIT|DATA|BTagMu|had|/BTagMu/Run2022C-NanoAODv15-v1/NANOAOD
HIT|DATA|BTagMu|had|/BTagMu/Run2022D-NanoAODv15-v1/NANOAOD
HIT|DATA|BTagMu|had|/BTagMu/Run2022E-NanoAODv15-v1/NANOAOD
HIT|DATA|BTagMu|had|/BTagMu/Run2022F-NanoAODv15-v1/NANOAOD
HIT|DATA|BTagMu|had|/BTagMu/Run2022G-NanoAODv15-v1/NANOAOD
CAMP|DATA|Muon|Run2022C-16Dec2023-v1
CAMP|DATA|Muon|Run2022C-18Sep2023-v3
CAMP|DATA|Muon|Run2022C-22Sep2023-v1
CAMP|DATA|Muon|Run2022C-BTVNanoAODv15-v1
CAMP|DATA|Muon|Run2022C-JMENano12p5-v2
CAMP|DATA|Muon|Run2022C-JMENanoAODv15-v2
CAMP|DATA|Muon|Run2022C-NanoAODv15-v1
CAMP|DATA|Muon|Run2022C-PromptNanoAODv10-v1
CAMP|DATA|Muon|Run2022C-PromptNanoAODv10_v1-v1
CAMP|DATA|Muon|Run2022C-ReRecoNanoAODv11-v1
CAMP|DATA|Muon|Run2022D-16Dec2023-v1
CAMP|DATA|Muon|Run2022D-22Sep2023-v1
CAMP|DATA|Muon|Run2022D-BTVNanoAODv15-v1
CAMP|DATA|Muon|Run2022D-JMENano12p5-v1
CAMP|DATA|Muon|Run2022D-JMENanoAODv15-v1
CAMP|DATA|Muon|Run2022D-NanoAODv15-v1
CAMP|DATA|Muon|Run2022D-PromptNanoAODv10_v1-v1
CAMP|DATA|Muon|Run2022D-PromptNanoAODv10_v2-v1
CAMP|DATA|Muon|Run2022D-ReRecoNanoAODv11-v1
CAMP|DATA|Muon|Run2022E-16Dec2023-v1
CAMP|DATA|Muon|Run2022E-22Sep2023-v1
CAMP|DATA|Muon|Run2022E-BTVNanoAODv15-v1
CAMP|DATA|Muon|Run2022E-JMENano12p5-v1
CAMP|DATA|Muon|Run2022E-JMENanoAODv15-v1
CAMP|DATA|Muon|Run2022E-NanoAODv15-v1
CAMP|DATA|Muon|Run2022E-PromptNanoAODv10_v1-v3
CAMP|DATA|Muon|Run2022E-ReRecoNanoAODv11-v1
CAMP|DATA|Muon|Run2022F-16Dec2023-v1
CAMP|DATA|Muon|Run2022F-19Dec2023-v1
CAMP|DATA|Muon|Run2022F-22Sep2023-v2
CAMP|DATA|Muon|Run2022F-BTVNanoAODv15-v1
CAMP|DATA|Muon|Run2022F-JMENano12p5-v1
CAMP|DATA|Muon|Run2022F-JMENanoAODv15-v1
CAMP|DATA|Muon|Run2022F-NanoAODv15-v1
CAMP|DATA|Muon|Run2022F-PromptNanoAODv10_v1-v2
CAMP|DATA|Muon|Run2022F-PromptNanoAODv11_v1-v2
CAMP|DATA|Muon|Run2022G-16Dec2023-v1
CAMP|DATA|Muon|Run2022G-19Dec2023-v2
CAMP|DATA|Muon|Run2022G-22Sep2023-v1
CAMP|DATA|Muon|Run2022G-BTVNanoAODv15-v1
CAMP|DATA|Muon|Run2022G-JMENano12p5-v1
CAMP|DATA|Muon|Run2022G-JMENanoAODv15-v1
CAMP|DATA|Muon|Run2022G-NanoAODv15-v1
CAMP|DATA|Muon|Run2022G-PromptNanoAODv10_v1-v1
CAMP|DATA|Muon|Run2022G-PromptNanoAODv11_v1-v2
HIT|DATA|Muon|had,lep|/Muon/Run2022C-NanoAODv15-v1/NANOAOD
HIT|DATA|Muon|had,lep|/Muon/Run2022D-NanoAODv15-v1/NANOAOD
HIT|DATA|Muon|had,lep|/Muon/Run2022E-NanoAODv15-v1/NANOAOD
HIT|DATA|Muon|had,lep|/Muon/Run2022F-NanoAODv15-v1/NANOAOD
HIT|DATA|Muon|had,lep|/Muon/Run2022G-NanoAODv15-v1/NANOAOD
NONE|DATA|Muon0|/Muon0/Run2022*-NanoAODv15*/NANOAOD
NONE|DATA|Muon1|/Muon1/Run2022*-NanoAODv15*/NANOAOD
CAMP|DATA|SingleMuon|Run2022A-22Sep2023-v1
CAMP|DATA|SingleMuon|Run2022A-NanoAODv15-v1
CAMP|DATA|SingleMuon|Run2022A-ReRecoNanoAODv11-v1
CAMP|DATA|SingleMuon|Run2022B-22Sep2023-v1
CAMP|DATA|SingleMuon|Run2022B-NanoAODv15-v1
CAMP|DATA|SingleMuon|Run2022B-ReRecoNanoAODv11-v1
CAMP|DATA|SingleMuon|Run2022C-16Dec2023-v1
CAMP|DATA|SingleMuon|Run2022C-22Sep2023-v1
CAMP|DATA|SingleMuon|Run2022C-BTVNanoAODv15-v1
CAMP|DATA|SingleMuon|Run2022C-JMENano12p5-v3
CAMP|DATA|SingleMuon|Run2022C-JMENanoAODv15-v1
CAMP|DATA|SingleMuon|Run2022C-NanoAODv15-v1
CAMP|DATA|SingleMuon|Run2022C-PromptNanoAODv10-v1
CAMP|DATA|SingleMuon|Run2022C-PromptNanoAODv10_v1-v1
CAMP|DATA|SingleMuon|Run2022C-ReRecoNanoAODv11-v1
HIT|DATA|SingleMuon|had,lep|/SingleMuon/Run2022A-NanoAODv15-v1/NANOAOD
HIT|DATA|SingleMuon|had,lep|/SingleMuon/Run2022B-NanoAODv15-v1/NANOAOD
HIT|DATA|SingleMuon|had,lep|/SingleMuon/Run2022C-NanoAODv15-v1/NANOAOD
CAMP|DATA|EGamma|Run2022A-22Sep2023-v1
CAMP|DATA|EGamma|Run2022A-NanoAODv15-v1
CAMP|DATA|EGamma|Run2022A-ReRecoNanoAODv11-v1
CAMP|DATA|EGamma|Run2022B-22Sep2023-v2
CAMP|DATA|EGamma|Run2022B-NanoAODv15-v1
CAMP|DATA|EGamma|Run2022B-ReRecoNanoAODv11-v1
CAMP|DATA|EGamma|Run2022C-16Dec2023-v1
CAMP|DATA|EGamma|Run2022C-22Sep2023-v1
CAMP|DATA|EGamma|Run2022C-BTVNanoAODv15-v1
CAMP|DATA|EGamma|Run2022C-JMENano12p5-v1
CAMP|DATA|EGamma|Run2022C-JMENanoAODv15-v1
CAMP|DATA|EGamma|Run2022C-NanoAODv15-v1
CAMP|DATA|EGamma|Run2022C-PromptNanoAODv10_v1-v1
CAMP|DATA|EGamma|Run2022C-PromptNanoAODv10-v2
CAMP|DATA|EGamma|Run2022C-ReRecoNanoAODv11-v1
CAMP|DATA|EGamma|Run2022D-16Dec2023-v1
CAMP|DATA|EGamma|Run2022D-22Sep2023-v1
CAMP|DATA|EGamma|Run2022D-BTVNanoAODv15-v1
CAMP|DATA|EGamma|Run2022D-JMENano12p5-v1
CAMP|DATA|EGamma|Run2022D-JMENanoAODv15-v3
CAMP|DATA|EGamma|Run2022D-NanoAODv15-v1
CAMP|DATA|EGamma|Run2022D-PromptNanoAODv10_v1-v1
CAMP|DATA|EGamma|Run2022D-PromptNanoAODv10_v2-v1
CAMP|DATA|EGamma|Run2022D-ReRecoNanoAODv11-v1
CAMP|DATA|EGamma|Run2022E-16Dec2023-v1
CAMP|DATA|EGamma|Run2022E-22Sep2023-v1
CAMP|DATA|EGamma|Run2022E-BTVNanoAODv15-v1
CAMP|DATA|EGamma|Run2022E-JMENano12p5-v1
CAMP|DATA|EGamma|Run2022E-JMENanoAODv15-v1
CAMP|DATA|EGamma|Run2022E-NanoAODv15-v1
CAMP|DATA|EGamma|Run2022E-PromptNanoAODv10_v1-v2
CAMP|DATA|EGamma|Run2022E-ReRecoNanoAODv11-v1
CAMP|DATA|EGamma|Run2022F-16Dec2023-v1
CAMP|DATA|EGamma|Run2022F-19Dec2023-v1
CAMP|DATA|EGamma|Run2022F-22Sep2023-v1
CAMP|DATA|EGamma|Run2022F-BTVNanoAODv15-v1
CAMP|DATA|EGamma|Run2022F-JMENano12p5-v1
CAMP|DATA|EGamma|Run2022F-JMENanoAODv15-v1
CAMP|DATA|EGamma|Run2022F-NanoAODv15-v1
CAMP|DATA|EGamma|Run2022F-PromptNanoAODv10_v1-v2
CAMP|DATA|EGamma|Run2022F-PromptNanoAODv11_v1-v2
CAMP|DATA|EGamma|Run2022G-16Dec2023-v1
CAMP|DATA|EGamma|Run2022G-19Dec2023-v1
CAMP|DATA|EGamma|Run2022G-22Sep2023-v2
CAMP|DATA|EGamma|Run2022G-BTVNanoAODv15-v1
CAMP|DATA|EGamma|Run2022G-JMENano12p5-v1
CAMP|DATA|EGamma|Run2022G-JMENanoAODv15-v1
CAMP|DATA|EGamma|Run2022G-NanoAODv15-v1
CAMP|DATA|EGamma|Run2022G-PromptNanoAODv10_v1-v1
CAMP|DATA|EGamma|Run2022G-PromptNanoAODv11_v1-v2
HIT|DATA|EGamma|lep|/EGamma/Run2022A-NanoAODv15-v1/NANOAOD
HIT|DATA|EGamma|lep|/EGamma/Run2022B-NanoAODv15-v1/NANOAOD
HIT|DATA|EGamma|lep|/EGamma/Run2022C-NanoAODv15-v1/NANOAOD
HIT|DATA|EGamma|lep|/EGamma/Run2022D-NanoAODv15-v1/NANOAOD
HIT|DATA|EGamma|lep|/EGamma/Run2022E-NanoAODv15-v1/NANOAOD
HIT|DATA|EGamma|lep|/EGamma/Run2022F-NanoAODv15-v1/NANOAOD
HIT|DATA|EGamma|lep|/EGamma/Run2022G-NanoAODv15-v1/NANOAOD
NONE|DATA|EGamma0|/EGamma0/Run2022*-NanoAODv15*/NANOAOD
NONE|DATA|EGamma1|/EGamma1/Run2022*-NanoAODv15*/NANOAOD

### DONE era=2022EE nano=v15  2026-09-07T13:51:47Z
### next: fill script/samples_registry_run3.txt from the HIT| lines (drop JMENano/BTVNano/PFNano flavours),
###       then: bash script/das_scan.sh --era 2022EE --nano v15 --registry script/samples_registry_run3.txt --workstream had --out ...
