### das_discover_run3.sh era=2023BPix nano=v15  2026-09-07T13:49:32Z
META|era=2023BPix|nano=v15|mc_campaign=Run3Summer23BPixNanoAODv15|data_runera=Run2023|data_proc=NanoAODv15|utc=2026-09-07T13:49:32Z

### MC  campaign=/Run3Summer23BPixNanoAODv15*/NANOAODSIM  -- flavour re-productions (JMENano/BTVNano/...) included; filter later
NONE|MC|signal_ttHH|/TTHH*/Run3Summer23BPixNanoAODv15*/NANOAODSIM
HIT|MC|ttbar|had|/TTto4Q_TuneCP5_13p6TeV_powheg-pythia8/Run3Summer23BPixNanoAODv15-150X_mcRun3_2023_realistic_postBPix_v1-v2/NANOAODSIM
HIT|MC|ttbar|had|/TTtoLNu2Q_TuneCP5_13p6TeV_powheg-pythia8/Run3Summer23BPixNanoAODv15-150X_mcRun3_2023_realistic_postBPix_v1-v2/NANOAODSIM
HIT|MC|ttbar|had|/TTto2L2Nu_Hdamp-158_TuneCP5_13p6TeV_powheg-pythia8/Run3Summer23BPixNanoAODv15-150X_mcRun3_2023_realistic_postBPix_v1-v1/NANOAODSIM
HIT|MC|ttbar|had|/TTto2L2Nu_Hdamp-418_TuneCP5_13p6TeV_powheg-pythia8/Run3Summer23BPixNanoAODv15-150X_mcRun3_2023_realistic_postBPix_v1-v1/NANOAODSIM
HIT|MC|ttbar|had|/TTto2L2Nu_MT-171p5_TuneCP5_13p6TeV_powheg-pythia8/Run3Summer23BPixNanoAODv15-150X_mcRun3_2023_realistic_postBPix_v1-v1/NANOAODSIM
HIT|MC|ttbar|had|/TTto2L2Nu_MT-175p5_TuneCP5_13p6TeV_powheg-pythia8/Run3Summer23BPixNanoAODv15-150X_mcRun3_2023_realistic_postBPix_v1-v1/NANOAODSIM
HIT|MC|ttbar|had|/TTto2L2Nu_TuneCP5_13p6TeV_powheg-pythia8/Run3Summer23BPixNanoAODv15-150X_mcRun3_2023_realistic_postBPix_v1-v2/NANOAODSIM
HIT|MC|ttbar|had|/TTto2L2Nu_TuneCP5Down_13p6TeV_powheg-pythia8/Run3Summer23BPixNanoAODv15-150X_mcRun3_2023_realistic_postBPix_v1-v1/NANOAODSIM
HIT|MC|ttbar|had|/TTto2L2Nu_TuneCP5Up_13p6TeV_powheg-pythia8/Run3Summer23BPixNanoAODv15-150X_mcRun3_2023_realistic_postBPix_v1-v1/NANOAODSIM
NONE|MC|ttbb|/TTbb*/Run3Summer23BPixNanoAODv15*/NANOAODSIM
NONE|MC|ttbb|/TTBB*/Run3Summer23BPixNanoAODv15*/NANOAODSIM
NONE|MC|qcd_ht|/QCD-4Jets*/Run3Summer23BPixNanoAODv15*/NANOAODSIM
NONE|MC|qcd_ht|/QCD_HT*/Run3Summer23BPixNanoAODv15*/NANOAODSIM
NONE|MC|qcd_ht|/QCD_Bin-HT*/Run3Summer23BPixNanoAODv15*/NANOAODSIM
HIT|MC|qcd_pt|had|/QCD_PT-1000_MuEnrichedPt5_TuneCP5_13p6TeV_pythia8/Run3Summer23BPixNanoAODv15-150X_mcRun3_2023_realistic_postBPix_v1-v1/NANOAODSIM
HIT|MC|qcd_pt|had|/QCD_PT-1000to1400_TuneCP5_13p6TeV_pythia8/Run3Summer23BPixNanoAODv15-150X_mcRun3_2023_realistic_postBPix_v1-v1/NANOAODSIM
HIT|MC|qcd_pt|had|/QCD_PT-120to170_MuEnrichedPt5_TuneCP5_13p6TeV_pythia8/Run3Summer23BPixNanoAODv15-150X_mcRun3_2023_realistic_postBPix_v1-v1/NANOAODSIM
HIT|MC|qcd_pt|had|/QCD_PT-120to170_TuneCP5_13p6TeV_pythia8/Run3Summer23BPixNanoAODv15-150X_mcRun3_2023_realistic_postBPix_v1-v1/NANOAODSIM
HIT|MC|qcd_pt|had|/QCD_PT-1400to1800_TuneCP5_13p6TeV_pythia8/Run3Summer23BPixNanoAODv15-150X_mcRun3_2023_realistic_postBPix_v1-v1/NANOAODSIM
HIT|MC|qcd_pt|had|/QCD_PT-15to20_MuEnrichedPt5_TuneCP5_13p6TeV_pythia8/Run3Summer23BPixNanoAODv15-150X_mcRun3_2023_realistic_postBPix_v1-v1/NANOAODSIM
HIT|MC|qcd_pt|had|/QCD_PT-15to30_TuneCP5_13p6TeV_pythia8/Run3Summer23BPixNanoAODv15-150X_mcRun3_2023_realistic_postBPix_v1-v1/NANOAODSIM
HIT|MC|qcd_pt|had|/QCD_PT-15to7000_TuneCP5_Flat2022_13p6TeV_pythia8/Run3Summer23BPixNanoAODv15-150X_mcRun3_2023_realistic_postBPix_v1-v2/NANOAODSIM
HIT|MC|qcd_pt|had|/QCD_PT-15to7000_TuneCP5_Flat2022_13p6TeV_pythia8/Run3Summer23BPixNanoAODv15-JMENano_150X_mcRun3_2023_realistic_postBPix_v1-v2/NANOAODSIM
HIT|MC|qcd_pt|had|/QCD_PT-170to300_MuEnrichedPt5_TuneCP5_13p6TeV_pythia8/Run3Summer23BPixNanoAODv15-150X_mcRun3_2023_realistic_postBPix_v1-v1/NANOAODSIM
HIT|MC|qcd_pt|had|/QCD_PT-170to300_TuneCP5_13p6TeV_pythia8/Run3Summer23BPixNanoAODv15-150X_mcRun3_2023_realistic_postBPix_v1-v1/NANOAODSIM
HIT|MC|qcd_pt|had|/QCD_PT-1800to2400_TuneCP5_13p6TeV_pythia8/Run3Summer23BPixNanoAODv15-150X_mcRun3_2023_realistic_postBPix_v1-v1/NANOAODSIM
HIT|MC|qcd_pt|had|/QCD_PT-20to30_MuEnrichedPt5_TuneCP5_13p6TeV_pythia8/Run3Summer23BPixNanoAODv15-150X_mcRun3_2023_realistic_postBPix_v1-v1/NANOAODSIM
HIT|MC|qcd_pt|had|/QCD_PT-2400to3200_TuneCP5_13p6TeV_pythia8/Run3Summer23BPixNanoAODv15-150X_mcRun3_2023_realistic_postBPix_v1-v1/NANOAODSIM
HIT|MC|qcd_pt|had|/QCD_PT-300to470_MuEnrichedPt5_TuneCP5_13p6TeV_pythia8/Run3Summer23BPixNanoAODv15-150X_mcRun3_2023_realistic_postBPix_v1-v1/NANOAODSIM
HIT|MC|qcd_pt|had|/QCD_PT-300to470_TuneCP5_13p6TeV_pythia8/Run3Summer23BPixNanoAODv15-150X_mcRun3_2023_realistic_postBPix_v1-v1/NANOAODSIM
HIT|MC|qcd_pt|had|/QCD_PT-30to50_MuEnrichedPt5_TuneCP5_13p6TeV_pythia8/Run3Summer23BPixNanoAODv15-150X_mcRun3_2023_realistic_postBPix_v1-v1/NANOAODSIM
HIT|MC|qcd_pt|had|/QCD_PT-30to50_TuneCP5_13p6TeV_pythia8/Run3Summer23BPixNanoAODv15-150X_mcRun3_2023_realistic_postBPix_v1-v1/NANOAODSIM
HIT|MC|qcd_pt|had|/QCD_PT-3200_TuneCP5_13p6TeV_pythia8/Run3Summer23BPixNanoAODv15-150X_mcRun3_2023_realistic_postBPix_v1-v1/NANOAODSIM
HIT|MC|qcd_pt|had|/QCD_PT-470to600_MuEnrichedPt5_TuneCP5_13p6TeV_pythia8/Run3Summer23BPixNanoAODv15-150X_mcRun3_2023_realistic_postBPix_v1-v1/NANOAODSIM
HIT|MC|qcd_pt|had|/QCD_PT-470to600_TuneCP5_13p6TeV_pythia8/Run3Summer23BPixNanoAODv15-150X_mcRun3_2023_realistic_postBPix_v1-v1/NANOAODSIM
HIT|MC|qcd_pt|had|/QCD_PT-50to80_MuEnrichedPt5_TuneCP5_13p6TeV_pythia8/Run3Summer23BPixNanoAODv15-150X_mcRun3_2023_realistic_postBPix_v1-v1/NANOAODSIM
HIT|MC|qcd_pt|had|/QCD_PT-50to80_TuneCP5_13p6TeV_pythia8/Run3Summer23BPixNanoAODv15-150X_mcRun3_2023_realistic_postBPix_v1-v1/NANOAODSIM
HIT|MC|qcd_pt|had|/QCD_PT-600to800_MuEnrichedPt5_TuneCP5_13p6TeV_pythia8/Run3Summer23BPixNanoAODv15-150X_mcRun3_2023_realistic_postBPix_v1-v1/NANOAODSIM
HIT|MC|qcd_pt|had|/QCD_PT-600to800_TuneCP5_13p6TeV_pythia8/Run3Summer23BPixNanoAODv15-150X_mcRun3_2023_realistic_postBPix_v1-v2/NANOAODSIM
HIT|MC|qcd_pt|had|/QCD_PT-800to1000_MuEnrichedPt5_TuneCP5_13p6TeV_pythia8/Run3Summer23BPixNanoAODv15-150X_mcRun3_2023_realistic_postBPix_v1-v1/NANOAODSIM
HIT|MC|qcd_pt|had|/QCD_PT-800to1000_TuneCP5_13p6TeV_pythia8/Run3Summer23BPixNanoAODv15-150X_mcRun3_2023_realistic_postBPix_v1-v1/NANOAODSIM
HIT|MC|qcd_pt|had|/QCD_PT-80to120_MuEnrichedPt5_TuneCP5_13p6TeV_pythia8/Run3Summer23BPixNanoAODv15-150X_mcRun3_2023_realistic_postBPix_v1-v1/NANOAODSIM
HIT|MC|qcd_pt|had|/QCD_PT-80to120_TuneCP5_13p6TeV_pythia8/Run3Summer23BPixNanoAODv15-150X_mcRun3_2023_realistic_postBPix_v1-v1/NANOAODSIM
NONE|MC|qcd_pt|/QCD_Bin-PT*/Run3Summer23BPixNanoAODv15*/NANOAODSIM
NONE|MC|ttH|/TTH*/Run3Summer23BPixNanoAODv15*/NANOAODSIM
NONE|MC|ttH|/ttH*/Run3Summer23BPixNanoAODv15*/NANOAODSIM
NONE|MC|tH|/THQ*/Run3Summer23BPixNanoAODv15*/NANOAODSIM
NONE|MC|tH|/THW*/Run3Summer23BPixNanoAODv15*/NANOAODSIM
NONE|MC|tH|/TQ*H*/Run3Summer23BPixNanoAODv15*/NANOAODSIM
NONE|MC|tH|/TW*H*/Run3Summer23BPixNanoAODv15*/NANOAODSIM
HIT|MC|ttV|had|/TTZ-ZtoQQ-1Jets_TuneCP5_13p6TeV_amcatnloFXFX-pythia8/Run3Summer23BPixNanoAODv15-150X_mcRun3_2023_realistic_postBPix_v1-v1/NANOAODSIM
HIT|MC|ttV|had|/TTLL_MLL-4to50_TuneCP5_13p6TeV_amcatnlo-pythia8/Run3Summer23BPixNanoAODv15-150X_mcRun3_2023_realistic_postBPix_v1-v1/NANOAODSIM
HIT|MC|ttV|had|/TTLL_MLL-50_TuneCP5_13p6TeV_amcatnlo-pythia8/Run3Summer23BPixNanoAODv15-150X_mcRun3_2023_realistic_postBPix_v1-v1/NANOAODSIM
HIT|MC|ttV|had|/TTLNu-1Jets_TuneCP5_13p6TeV_amcatnloFXFX-pythia8/Run3Summer23BPixNanoAODv15-mg35x_150X_mcRun3_2023_realistic_postBPix_v1-v1/NANOAODSIM
HIT|MC|ttV|had|/TTW-WtoQQ-1Jets_TuneCP5_13p6TeV_amcatnloFXFXold-pythia8/Run3Summer23BPixNanoAODv15-150X_mcRun3_2023_realistic_postBPix_v1-v1/NANOAODSIM
HIT|MC|ttV|had|/TTNuNu_TuneCP5_13p6TeV_amcatnlo-pythia8/Run3Summer23BPixNanoAODv15-150X_mcRun3_2023_realistic_postBPix_v1-v1/NANOAODSIM
NONE|MC|ttVV_4top|/TTWW*/Run3Summer23BPixNanoAODv15*/NANOAODSIM
NONE|MC|ttVV_4top|/TTWZ*/Run3Summer23BPixNanoAODv15*/NANOAODSIM
NONE|MC|ttVV_4top|/TTZZ*/Run3Summer23BPixNanoAODv15*/NANOAODSIM
NONE|MC|ttVV_4top|/TTWH*/Run3Summer23BPixNanoAODv15*/NANOAODSIM
NONE|MC|ttVV_4top|/TTZH*/Run3Summer23BPixNanoAODv15*/NANOAODSIM
NONE|MC|ttVV_4top|/TTTT*/Run3Summer23BPixNanoAODv15*/NANOAODSIM
NONE|MC|ttVV_4top|/TTTW*/Run3Summer23BPixNanoAODv15*/NANOAODSIM
NONE|MC|ttVV_4top|/TT4b*/Run3Summer23BPixNanoAODv15*/NANOAODSIM
NONE|MC|ttVV_4top|/TTbbbb*/Run3Summer23BPixNanoAODv15*/NANOAODSIM
HIT|MC|singletop|had|/TBbarQ_t-channel_4FS_TuneCP5_13p6TeV_powheg-madspin-pythia8/Run3Summer23BPixNanoAODv15-150X_mcRun3_2023_realistic_postBPix_v1-v1/NANOAODSIM
HIT|MC|singletop|had|/TbarBQ_t-channel_4FS_TuneCP5_13p6TeV_powheg-madspin-pythia8/Run3Summer23BPixNanoAODv15-150X_mcRun3_2023_realistic_postBPix_v1-v1/NANOAODSIM
HIT|MC|singletop|had|/TWminusto2L2Nu_TuneCP5_13p6TeV_powheg-pythia8/Run3Summer23BPixNanoAODv15-150X_mcRun3_2023_realistic_postBPix_v1-v1/NANOAODSIM
HIT|MC|singletop|had|/TWminusto4Q_TuneCP5_13p6TeV_powheg-pythia8/Run3Summer23BPixNanoAODv15-150X_mcRun3_2023_realistic_postBPix_v1-v1/NANOAODSIM
HIT|MC|singletop|had|/TWminustoLNu2Q_TuneCP5_13p6TeV_powheg-pythia8/Run3Summer23BPixNanoAODv15-150X_mcRun3_2023_realistic_postBPix_v1-v1/NANOAODSIM
HIT|MC|singletop|had|/TbarWplusto2L2Nu_TuneCP5_13p6TeV_powheg-pythia8/Run3Summer23BPixNanoAODv15-150X_mcRun3_2023_realistic_postBPix_v1-v1/NANOAODSIM
HIT|MC|singletop|had|/TbarWplusto4Q_TuneCP5_13p6TeV_powheg-pythia8/Run3Summer23BPixNanoAODv15-150X_mcRun3_2023_realistic_postBPix_v1-v1/NANOAODSIM
HIT|MC|singletop|had|/TbarWplustoLNu2Q_TuneCP5_13p6TeV_powheg-pythia8/Run3Summer23BPixNanoAODv15-150X_mcRun3_2023_realistic_postBPix_v1-v1/NANOAODSIM
HIT|MC|singletop|had|/TBbartoLplusNuBbar-s-channel-4FS_TuneCP5_13p6TeV_amcatnlo-pythia8/Run3Summer23BPixNanoAODv15-150X_mcRun3_2023_realistic_postBPix_v1-v1/NANOAODSIM
HIT|MC|singletop|had|/TbarBtoLminusNuB-s-channel-4FS_TuneCP5_13p6TeV_amcatnlo-pythia8/Run3Summer23BPixNanoAODv15-150X_mcRun3_2023_realistic_postBPix_v1-v1/NANOAODSIM
NONE|MC|singletop|/ST_*/Run3Summer23BPixNanoAODv15*/NANOAODSIM
HIT|MC|diboson|had|/WW_TuneCP5_13p6TeV_pythia8/Run3Summer23BPixNanoAODv15-150X_mcRun3_2023_realistic_postBPix_v1-v1/NANOAODSIM
HIT|MC|diboson|had|/WZtoL3Nu-1Jets-4FS_TuneCP5_13p6TeV_amcatnloFXFX-pythia8/Run3Summer23BPixNanoAODv15-150X_mcRun3_2023_realistic_postBPix_v1-v1/NANOAODSIM
HIT|MC|diboson|had|/WZ_TuneCP5_13p6TeV_pythia8/Run3Summer23BPixNanoAODv15-150X_mcRun3_2023_realistic_postBPix_v1-v1/NANOAODSIM
HIT|MC|diboson|had|/ZZ_TuneCP5_13p6TeV_pythia8/Run3Summer23BPixNanoAODv15-150X_mcRun3_2023_realistic_postBPix_v1-v1/NANOAODSIM
NONE|MC|vjets_qq|/Wto2Q*/Run3Summer23BPixNanoAODv15*/NANOAODSIM
NONE|MC|vjets_qq|/Zto2Q*/Run3Summer23BPixNanoAODv15*/NANOAODSIM
HIT|MC|wjets_lnu|lep|/WtoLNu-2Jets_TuneCP5_13p6TeV_amcatnloFXFX-pythia8/Run3Summer23BPixNanoAODv15-150X_mcRun3_2023_realistic_postBPix_v1-v2/NANOAODSIM
HIT|MC|wjets_lnu|lep|/WtoLNu-4Jets_1J_TuneCP5_13p6TeV_madgraphMLM-pythia8/Run3Summer23BPixNanoAODv15-150X_mcRun3_2023_realistic_postBPix_v1-v1/NANOAODSIM
HIT|MC|wjets_lnu|lep|/WtoLNu-4Jets_2J_TuneCP5_13p6TeV_madgraphMLM-pythia8/Run3Summer23BPixNanoAODv15-150X_mcRun3_2023_realistic_postBPix_v1-v1/NANOAODSIM
HIT|MC|wjets_lnu|lep|/WtoLNu-4Jets_3J_TuneCP5_13p6TeV_madgraphMLM-pythia8/Run3Summer23BPixNanoAODv15-150X_mcRun3_2023_realistic_postBPix_v1-v1/NANOAODSIM
HIT|MC|wjets_lnu|lep|/WtoLNu-4Jets_4J_TuneCP5_13p6TeV_madgraphMLM-pythia8/Run3Summer23BPixNanoAODv15-150X_mcRun3_2023_realistic_postBPix_v1-v1/NANOAODSIM
HIT|MC|wjets_lnu|lep|/WtoLNu-4Jets_TuneCP5_13p6TeV_madgraphMLM-pythia8/Run3Summer23BPixNanoAODv15-150X_mcRun3_2023_realistic_postBPix_v1-v1/NANOAODSIM
HIT|MC|dy_ll|lep|/DYto2L-2Jets_MLL-10to50_TuneCP5_13p6TeV_amcatnloFXFX-pythia8/Run3Summer23BPixNanoAODv15-150X_mcRun3_2023_realistic_postBPix_v1_ext1-v1/NANOAODSIM
HIT|MC|dy_ll|lep|/DYto2L-2Jets_MLL-50_TuneCP5_13p6TeV_amcatnloFXFX-pythia8/Run3Summer23BPixNanoAODv15-150X_mcRun3_2023_realistic_postBPix_v1-v1/NANOAODSIM
HIT|MC|dy_ll|lep|/DYto2L-4Jets_MLL-10to50_TuneCP5_13p6TeV_madgraphMLM-pythia8/Run3Summer23BPixNanoAODv15-150X_mcRun3_2023_realistic_postBPix_v1-v1/NANOAODSIM
HIT|MC|dy_ll|lep|/DYto2L-4Jets_MLL-50_TuneCP5_13p6TeV_madgraphMLM-pythia8/Run3Summer23BPixNanoAODv15-150X_mcRun3_2023_realistic_postBPix_v1-v2/NANOAODSIM
HIT|MC|dy_ll|lep|/DYto2Mu_MLL-50to120_TuneCP5_13p6TeV_powheg-pythia8/Run3Summer23BPixNanoAODv15-150X_mcRun3_2023_realistic_postBPix_v1-v3/NANOAODSIM
HIT|MC|dy_ll|lep|/DYto2E_MLL-50to120_TuneCP5_13p6TeV_powheg-pythia8/Run3Summer23BPixNanoAODv15-150X_mcRun3_2023_realistic_postBPix_v1-v3/NANOAODSIM
HIT|MC|dy_ll|lep|/DYto2Tau-2Jets_MLL-50_0J_TuneCP5_13p6TeV_amcatnloFXFX-pythia8/Run3Summer23BPixNanoAODv15-150X_mcRun3_2023_realistic_postBPix_v1-v3/NANOAODSIM
HIT|MC|dy_ll|lep|/DYto2Tau_MLL-50to120_TuneCP5_13p6TeV_powheg-pythia8/Run3Summer23BPixNanoAODv15-150X_mcRun3_2023_realistic_postBPix_v1-v3/NANOAODSIM

### DATA  Run2023*  -- first every NanoAOD campaign of the PD (proc-string discovery), then the NanoAODv15* match
CAMP|DATA|JetMET|Run2023E-PromptReco-v1
NONE|DATA|JetMET|/JetMET/Run2023*-NanoAODv15*/NANOAOD
CAMP|DATA|JetMET0|Run2023A-PromptNanoAODv11p9_v2-v1
CAMP|DATA|JetMET0|Run2023B-19Dec2023-v1
CAMP|DATA|JetMET0|Run2023B-22Sep2023-v1
CAMP|DATA|JetMET0|Run2023B-NanoAODv15-v1
CAMP|DATA|JetMET0|Run2023B-PromptNanoAODv11p9_v1-v1
CAMP|DATA|JetMET0|Run2023C-19Dec2023-v1
CAMP|DATA|JetMET0|Run2023C-22Sep2023_v1-v1
CAMP|DATA|JetMET0|Run2023C-22Sep2023_v2-v1
CAMP|DATA|JetMET0|Run2023C-22Sep2023_v3-v1
CAMP|DATA|JetMET0|Run2023C-22Sep2023_v4-v1
CAMP|DATA|JetMET0|Run2023C-BTVNanoAODv15-v1
CAMP|DATA|JetMET0|Run2023C-BTVNanoAODv15_v2-v1
CAMP|DATA|JetMET0|Run2023C-BTVNanoAODv15_v3-v1
CAMP|DATA|JetMET0|Run2023C-BTVNanoAODv15_v4-v1
CAMP|DATA|JetMET0|Run2023C-JMENano12p5_v1-v2
CAMP|DATA|JetMET0|Run2023C-JMENano12p5_v2-v1
CAMP|DATA|JetMET0|Run2023C-JMENano12p5_v3-v2
CAMP|DATA|JetMET0|Run2023C-JMENano12p5_v4-v2
CAMP|DATA|JetMET0|Run2023C-JMENanoAODv15-v1
CAMP|DATA|JetMET0|Run2023C-JMENanoAODv15_v2-v1
CAMP|DATA|JetMET0|Run2023C-JMENanoAODv15_v3-v1
CAMP|DATA|JetMET0|Run2023C-JMENanoAODv15_v4-v1
CAMP|DATA|JetMET0|Run2023C-NanoAODv15-v1
CAMP|DATA|JetMET0|Run2023C-NanoAODv15_v2-v1
CAMP|DATA|JetMET0|Run2023C-NanoAODv15_v3-v1
CAMP|DATA|JetMET0|Run2023C-NanoAODv15_v4-v1
CAMP|DATA|JetMET0|Run2023C-PromptNanoAODv11p9_v1-v1
CAMP|DATA|JetMET0|Run2023C-PromptNanoAODv12_v3-v1
CAMP|DATA|JetMET0|Run2023C-PromptNanoAODv12_v4-v1
CAMP|DATA|JetMET0|Run2023C-PromptReco-v4
CAMP|DATA|JetMET0|Run2023D-19Dec2023-v1
CAMP|DATA|JetMET0|Run2023D-22Sep2023_v1-v1
CAMP|DATA|JetMET0|Run2023D-22Sep2023_v2-v1
CAMP|DATA|JetMET0|Run2023D-BTVNanoAODv15-v1
CAMP|DATA|JetMET0|Run2023D-BTVNanoAODv15_v2-v1
CAMP|DATA|JetMET0|Run2023D-JMENano12p5_v1-v2
CAMP|DATA|JetMET0|Run2023D-JMENano12p5_v2-v2
CAMP|DATA|JetMET0|Run2023D-JMENanoAODv15-v1
CAMP|DATA|JetMET0|Run2023D-JMENanoAODv15_v2-v1
CAMP|DATA|JetMET0|Run2023D-NanoAODv15-v1
CAMP|DATA|JetMET0|Run2023D-NanoAODv15_v2-v1
CAMP|DATA|JetMET0|Run2023D-PromptReco-v1
CAMP|DATA|JetMET0|Run2023D-PromptReco-v2
HIT|DATA|JetMET0|had|/JetMET0/Run2023B-NanoAODv15-v1/NANOAOD
HIT|DATA|JetMET0|had|/JetMET0/Run2023C-NanoAODv15-v1/NANOAOD
HIT|DATA|JetMET0|had|/JetMET0/Run2023C-NanoAODv15_v2-v1/NANOAOD
HIT|DATA|JetMET0|had|/JetMET0/Run2023C-NanoAODv15_v3-v1/NANOAOD
HIT|DATA|JetMET0|had|/JetMET0/Run2023C-NanoAODv15_v4-v1/NANOAOD
HIT|DATA|JetMET0|had|/JetMET0/Run2023D-NanoAODv15-v1/NANOAOD
HIT|DATA|JetMET0|had|/JetMET0/Run2023D-NanoAODv15_v2-v1/NANOAOD
CAMP|DATA|JetMET1|Run2023A-PromptNanoAODv11p9_v2-v1
CAMP|DATA|JetMET1|Run2023B-19Dec2023-v1
CAMP|DATA|JetMET1|Run2023B-22Sep2023-v2
CAMP|DATA|JetMET1|Run2023B-JMENanoAODv15_v2-v1
CAMP|DATA|JetMET1|Run2023B-NanoAODv15_v2-v1
CAMP|DATA|JetMET1|Run2023B-PromptNanoAODv11p9_v1-v1
CAMP|DATA|JetMET1|Run2023C-19Dec2023-v1
CAMP|DATA|JetMET1|Run2023C-22Sep2023_v1-v1
CAMP|DATA|JetMET1|Run2023C-22Sep2023_v2-v1
CAMP|DATA|JetMET1|Run2023C-22Sep2023_v3-v1
CAMP|DATA|JetMET1|Run2023C-22Sep2023_v4-v1
CAMP|DATA|JetMET1|Run2023C-BTVNanoAODv15-v1
CAMP|DATA|JetMET1|Run2023C-BTVNanoAODv15_v2-v1
CAMP|DATA|JetMET1|Run2023C-BTVNanoAODv15_v3-v1
CAMP|DATA|JetMET1|Run2023C-BTVNanoAODv15_v4-v1
CAMP|DATA|JetMET1|Run2023C-JMENano12p5_v1-v2
CAMP|DATA|JetMET1|Run2023C-JMENano12p5_v2-v1
CAMP|DATA|JetMET1|Run2023C-JMENano12p5_v3-v2
CAMP|DATA|JetMET1|Run2023C-JMENano12p5_v4-v2
CAMP|DATA|JetMET1|Run2023C-JMENanoAODv15-v1
CAMP|DATA|JetMET1|Run2023C-JMENanoAODv15_v2-v1
CAMP|DATA|JetMET1|Run2023C-JMENanoAODv15_v3-v1
CAMP|DATA|JetMET1|Run2023C-JMENanoAODv15_v4-v2
CAMP|DATA|JetMET1|Run2023C-NanoAODv15-v1
CAMP|DATA|JetMET1|Run2023C-NanoAODv15_v2-v1
CAMP|DATA|JetMET1|Run2023C-NanoAODv15_v3-v1
CAMP|DATA|JetMET1|Run2023C-NanoAODv15_v4-v1
CAMP|DATA|JetMET1|Run2023C-PromptNanoAODv11p9_v1-v1
CAMP|DATA|JetMET1|Run2023C-PromptNanoAODv12_v3-v1
CAMP|DATA|JetMET1|Run2023C-PromptNanoAODv12_v4-v1
CAMP|DATA|JetMET1|Run2023C-PromptReco-v4
CAMP|DATA|JetMET1|Run2023D-19Dec2023-v1
CAMP|DATA|JetMET1|Run2023D-22Sep2023_v1-v1
CAMP|DATA|JetMET1|Run2023D-22Sep2023_v2-v1
CAMP|DATA|JetMET1|Run2023D-BTVNanoAODv15-v1
CAMP|DATA|JetMET1|Run2023D-BTVNanoAODv15_v2-v1
CAMP|DATA|JetMET1|Run2023D-JMENano12p5_v1-v1
CAMP|DATA|JetMET1|Run2023D-JMENano12p5_v2-v2
CAMP|DATA|JetMET1|Run2023D-JMENanoAODv15-v1
CAMP|DATA|JetMET1|Run2023D-JMENanoAODv15_v2-v1
CAMP|DATA|JetMET1|Run2023D-NanoAODv15-v1
CAMP|DATA|JetMET1|Run2023D-NanoAODv15_v2-v1
CAMP|DATA|JetMET1|Run2023D-PromptReco-v1
CAMP|DATA|JetMET1|Run2023D-PromptReco-v2
HIT|DATA|JetMET1|had|/JetMET1/Run2023B-NanoAODv15_v2-v1/NANOAOD
HIT|DATA|JetMET1|had|/JetMET1/Run2023C-NanoAODv15-v1/NANOAOD
HIT|DATA|JetMET1|had|/JetMET1/Run2023C-NanoAODv15_v2-v1/NANOAOD
HIT|DATA|JetMET1|had|/JetMET1/Run2023C-NanoAODv15_v3-v1/NANOAOD
HIT|DATA|JetMET1|had|/JetMET1/Run2023C-NanoAODv15_v4-v1/NANOAOD
HIT|DATA|JetMET1|had|/JetMET1/Run2023D-NanoAODv15-v1/NANOAOD
HIT|DATA|JetMET1|had|/JetMET1/Run2023D-NanoAODv15_v2-v1/NANOAOD
NONE|DATA|JetHT|/JetHT/Run2023*-NanoAODv15*/NANOAOD
CAMP|DATA|BTagMu|Run2023A-PromptNanoAODv11p9_v2-v1
CAMP|DATA|BTagMu|Run2023B-22Sep2023-v1
CAMP|DATA|BTagMu|Run2023B-NanoAODv15-v1
CAMP|DATA|BTagMu|Run2023B-PromptNanoAODv11p9_v1-v1
CAMP|DATA|BTagMu|Run2023C-22Sep2023_v1-v1
CAMP|DATA|BTagMu|Run2023C-22Sep2023_v2-v1
CAMP|DATA|BTagMu|Run2023C-22Sep2023_v3-v1
CAMP|DATA|BTagMu|Run2023C-22Sep2023_v4-v1
CAMP|DATA|BTagMu|Run2023C-BTVNanoAODv15-v1
CAMP|DATA|BTagMu|Run2023C-BTVNanoAODv15_v2-v1
CAMP|DATA|BTagMu|Run2023C-BTVNanoAODv15_v3-v1
CAMP|DATA|BTagMu|Run2023C-BTVNanoAODv15_v4-v1
CAMP|DATA|BTagMu|Run2023C-NanoAODv15-v1
CAMP|DATA|BTagMu|Run2023C-NanoAODv15_v2-v1
CAMP|DATA|BTagMu|Run2023C-NanoAODv15_v3-v1
CAMP|DATA|BTagMu|Run2023C-NanoAODv15_v4-v1
CAMP|DATA|BTagMu|Run2023C-PromptNanoAODv11p9_v1-v1
CAMP|DATA|BTagMu|Run2023C-PromptNanoAODv12_v3-v1
CAMP|DATA|BTagMu|Run2023C-PromptNanoAODv12_v4-v1
CAMP|DATA|BTagMu|Run2023C-PromptReco-v4
CAMP|DATA|BTagMu|Run2023D-22Sep2023_v1-v1
CAMP|DATA|BTagMu|Run2023D-22Sep2023_v2-v1
CAMP|DATA|BTagMu|Run2023D-BTVNanoAODv15-v1
CAMP|DATA|BTagMu|Run2023D-BTVNanoAODv15_v2-v1
CAMP|DATA|BTagMu|Run2023D-NanoAODv15-v1
CAMP|DATA|BTagMu|Run2023D-NanoAODv15_v2-v1
CAMP|DATA|BTagMu|Run2023D-PromptReco-v1
CAMP|DATA|BTagMu|Run2023D-PromptReco-v2
HIT|DATA|BTagMu|had|/BTagMu/Run2023B-NanoAODv15-v1/NANOAOD
HIT|DATA|BTagMu|had|/BTagMu/Run2023C-NanoAODv15-v1/NANOAOD
HIT|DATA|BTagMu|had|/BTagMu/Run2023C-NanoAODv15_v2-v1/NANOAOD
HIT|DATA|BTagMu|had|/BTagMu/Run2023C-NanoAODv15_v3-v1/NANOAOD
HIT|DATA|BTagMu|had|/BTagMu/Run2023C-NanoAODv15_v4-v1/NANOAOD
HIT|DATA|BTagMu|had|/BTagMu/Run2023D-NanoAODv15-v1/NANOAOD
HIT|DATA|BTagMu|had|/BTagMu/Run2023D-NanoAODv15_v2-v1/NANOAOD
CAMP|DATA|Muon|Run2023E-PromptReco-v1
NONE|DATA|Muon|/Muon/Run2023*-NanoAODv15*/NANOAOD
CAMP|DATA|Muon0|Run2023A-PromptNanoAODv11p9_v2-v1
CAMP|DATA|Muon0|Run2023B-18Sep2023-v2
CAMP|DATA|Muon0|Run2023B-22Sep2023-v1
CAMP|DATA|Muon0|Run2023B-NanoAODv15-v1
CAMP|DATA|Muon0|Run2023B-PromptNanoAODv11p9_v1-v2
CAMP|DATA|Muon0|Run2023C-22Sep2023_v1-v1
CAMP|DATA|Muon0|Run2023C-22Sep2023_v2-v1
CAMP|DATA|Muon0|Run2023C-22Sep2023_v3-v1
CAMP|DATA|Muon0|Run2023C-22Sep2023_v4-v1
CAMP|DATA|Muon0|Run2023C-24Jan2024_v1-v1
CAMP|DATA|Muon0|Run2023C-24Jan2024_v2-v1
CAMP|DATA|Muon0|Run2023C-24Jan2024_v3-v1
CAMP|DATA|Muon0|Run2023C-24Jan2024_v4-v1
CAMP|DATA|Muon0|Run2023C-BTVNanoAODv15-v1
CAMP|DATA|Muon0|Run2023C-BTVNanoAODv15_v2-v1
CAMP|DATA|Muon0|Run2023C-BTVNanoAODv15_v3-v1
CAMP|DATA|Muon0|Run2023C-BTVNanoAODv15_v4-v1
CAMP|DATA|Muon0|Run2023C-JMENano12p5_v1-v1
CAMP|DATA|Muon0|Run2023C-JMENano12p5_v2-v2
CAMP|DATA|Muon0|Run2023C-JMENano12p5_v3-v2
CAMP|DATA|Muon0|Run2023C-JMENano12p5_v4-v2
CAMP|DATA|Muon0|Run2023C-JMENanoAODv15-v2
CAMP|DATA|Muon0|Run2023C-JMENanoAODv15_v2-v2
CAMP|DATA|Muon0|Run2023C-JMENanoAODv15_v3-v1
CAMP|DATA|Muon0|Run2023C-JMENanoAODv15_v4-v1
CAMP|DATA|Muon0|Run2023C-NanoAODv15-v1
CAMP|DATA|Muon0|Run2023C-NanoAODv15_v2-v1
CAMP|DATA|Muon0|Run2023C-NanoAODv15_v3-v1
CAMP|DATA|Muon0|Run2023C-NanoAODv15_v4-v1
CAMP|DATA|Muon0|Run2023C-PromptNanoAODv11p9_v1-v1
CAMP|DATA|Muon0|Run2023C-PromptNanoAODv12_v3-v1
CAMP|DATA|Muon0|Run2023C-PromptNanoAODv12_v4-v1
CAMP|DATA|Muon0|Run2023C-PromptReco-v4
CAMP|DATA|Muon0|Run2023D-22Sep2023_v1-v1
CAMP|DATA|Muon0|Run2023D-22Sep2023_v2-v1
CAMP|DATA|Muon0|Run2023D-24Jan2024_v1-v1
CAMP|DATA|Muon0|Run2023D-24Jan2024_v2-v1
CAMP|DATA|Muon0|Run2023D-BTVNanoAODv15-v1
CAMP|DATA|Muon0|Run2023D-BTVNanoAODv15_v2-v1
CAMP|DATA|Muon0|Run2023D-JMENano12p5_v1-v2
CAMP|DATA|Muon0|Run2023D-JMENano12p5_v2-v2
CAMP|DATA|Muon0|Run2023D-JMENanoAODv15-v1
CAMP|DATA|Muon0|Run2023D-JMENanoAODv15_v2-v1
CAMP|DATA|Muon0|Run2023D-NanoAODv15-v1
CAMP|DATA|Muon0|Run2023D-NanoAODv15_v2-v1
CAMP|DATA|Muon0|Run2023D-PromptReco-v1
CAMP|DATA|Muon0|Run2023D-PromptReco-v2
HIT|DATA|Muon0|had,lep|/Muon0/Run2023B-NanoAODv15-v1/NANOAOD
HIT|DATA|Muon0|had,lep|/Muon0/Run2023C-NanoAODv15-v1/NANOAOD
HIT|DATA|Muon0|had,lep|/Muon0/Run2023C-NanoAODv15_v2-v1/NANOAOD
HIT|DATA|Muon0|had,lep|/Muon0/Run2023C-NanoAODv15_v3-v1/NANOAOD
HIT|DATA|Muon0|had,lep|/Muon0/Run2023C-NanoAODv15_v4-v1/NANOAOD
HIT|DATA|Muon0|had,lep|/Muon0/Run2023D-NanoAODv15-v1/NANOAOD
HIT|DATA|Muon0|had,lep|/Muon0/Run2023D-NanoAODv15_v2-v1/NANOAOD
CAMP|DATA|Muon1|Run2023A-PromptNanoAODv11p9_v2-v1
CAMP|DATA|Muon1|Run2023B-22Sep2023-v1
CAMP|DATA|Muon1|Run2023B-NanoAODv15-v1
CAMP|DATA|Muon1|Run2023B-PromptNanoAODv11p9_v1-v2
CAMP|DATA|Muon1|Run2023C-22Sep2023_v1-v1
CAMP|DATA|Muon1|Run2023C-22Sep2023_v2-v1
CAMP|DATA|Muon1|Run2023C-22Sep2023_v3-v1
CAMP|DATA|Muon1|Run2023C-22Sep2023_v4-v2
CAMP|DATA|Muon1|Run2023C-24Jan2024_v1-v1
CAMP|DATA|Muon1|Run2023C-24Jan2024_v2-v1
CAMP|DATA|Muon1|Run2023C-24Jan2024_v3-v1
CAMP|DATA|Muon1|Run2023C-24Jan2024_v4-v1
CAMP|DATA|Muon1|Run2023C-24Jan2024_v4-v2
CAMP|DATA|Muon1|Run2023C-BTVNanoAODv15-v1
CAMP|DATA|Muon1|Run2023C-BTVNanoAODv15_v2-v1
CAMP|DATA|Muon1|Run2023C-BTVNanoAODv15_v3-v1
CAMP|DATA|Muon1|Run2023C-BTVNanoAODv15_v4-v1
CAMP|DATA|Muon1|Run2023C-JMENano12p5_v1-v2
CAMP|DATA|Muon1|Run2023C-JMENano12p5_v2-v2
CAMP|DATA|Muon1|Run2023C-JMENano12p5_v3-v2
CAMP|DATA|Muon1|Run2023C-JMENano12p5_v4-v2
CAMP|DATA|Muon1|Run2023C-JMENanoAODv15-v2
CAMP|DATA|Muon1|Run2023C-JMENanoAODv15_v2-v1
CAMP|DATA|Muon1|Run2023C-JMENanoAODv15_v3-v1
CAMP|DATA|Muon1|Run2023C-JMENanoAODv15_v4-v2
CAMP|DATA|Muon1|Run2023C-NanoAODv15-v1
CAMP|DATA|Muon1|Run2023C-NanoAODv15_v2-v1
CAMP|DATA|Muon1|Run2023C-NanoAODv15_v3-v1
CAMP|DATA|Muon1|Run2023C-NanoAODv15_v4-v1
CAMP|DATA|Muon1|Run2023C-PromptNanoAODv11p9_v1-v1
CAMP|DATA|Muon1|Run2023C-PromptNanoAODv12_v3-v1
CAMP|DATA|Muon1|Run2023C-PromptNanoAODv12_v4-v1
CAMP|DATA|Muon1|Run2023C-PromptReco-v4
CAMP|DATA|Muon1|Run2023D-22Sep2023_v1-v1
CAMP|DATA|Muon1|Run2023D-22Sep2023_v2-v1
CAMP|DATA|Muon1|Run2023D-24Jan2024_v1-v1
CAMP|DATA|Muon1|Run2023D-24Jan2024_v2-v1
CAMP|DATA|Muon1|Run2023D-BTVNanoAODv15-v1
CAMP|DATA|Muon1|Run2023D-BTVNanoAODv15_v2-v1
CAMP|DATA|Muon1|Run2023D-JMENano12p5_v1-v2
CAMP|DATA|Muon1|Run2023D-JMENano12p5_v2-v2
CAMP|DATA|Muon1|Run2023D-JMENanoAODv15-v1
CAMP|DATA|Muon1|Run2023D-JMENanoAODv15_v2-v1
CAMP|DATA|Muon1|Run2023D-NanoAODv15-v1
CAMP|DATA|Muon1|Run2023D-NanoAODv15_v2-v1
CAMP|DATA|Muon1|Run2023D-PromptReco-v1
CAMP|DATA|Muon1|Run2023D-PromptReco-v2
HIT|DATA|Muon1|had,lep|/Muon1/Run2023B-NanoAODv15-v1/NANOAOD
HIT|DATA|Muon1|had,lep|/Muon1/Run2023C-NanoAODv15-v1/NANOAOD
HIT|DATA|Muon1|had,lep|/Muon1/Run2023C-NanoAODv15_v2-v1/NANOAOD
HIT|DATA|Muon1|had,lep|/Muon1/Run2023C-NanoAODv15_v3-v1/NANOAOD
HIT|DATA|Muon1|had,lep|/Muon1/Run2023C-NanoAODv15_v4-v1/NANOAOD
HIT|DATA|Muon1|had,lep|/Muon1/Run2023D-NanoAODv15-v1/NANOAOD
HIT|DATA|Muon1|had,lep|/Muon1/Run2023D-NanoAODv15_v2-v1/NANOAOD
NONE|DATA|SingleMuon|/SingleMuon/Run2023*-NanoAODv15*/NANOAOD
CAMP|DATA|EGamma|Run2023E-PromptReco-v1
NONE|DATA|EGamma|/EGamma/Run2023*-NanoAODv15*/NANOAOD
CAMP|DATA|EGamma0|Run2023A-PromptNanoAODv11p9_v2-v1
CAMP|DATA|EGamma0|Run2023B-22Sep2023-v1
CAMP|DATA|EGamma0|Run2023B-NanoAODv15-v1
CAMP|DATA|EGamma0|Run2023B-PromptNanoAODv11p9_v1-v1
CAMP|DATA|EGamma0|Run2023C-22Sep2023_v1-v1
CAMP|DATA|EGamma0|Run2023C-22Sep2023_v2-v1
CAMP|DATA|EGamma0|Run2023C-22Sep2023_v3-v1
CAMP|DATA|EGamma0|Run2023C-22Sep2023_v4-v1
CAMP|DATA|EGamma0|Run2023C-24Jan2024_v1-v1
CAMP|DATA|EGamma0|Run2023C-24Jan2024_v2-v1
CAMP|DATA|EGamma0|Run2023C-24Jan2024_v3-v1
CAMP|DATA|EGamma0|Run2023C-24Jan2024_v4-v1
CAMP|DATA|EGamma0|Run2023C-BTVNanoAODv15-v1
CAMP|DATA|EGamma0|Run2023C-BTVNanoAODv15_v2-v1
CAMP|DATA|EGamma0|Run2023C-BTVNanoAODv15_v3-v1
CAMP|DATA|EGamma0|Run2023C-BTVNanoAODv15_v4-v1
CAMP|DATA|EGamma0|Run2023C-JMENano12p5_v1-v1
CAMP|DATA|EGamma0|Run2023C-JMENano12p5_v2-v1
CAMP|DATA|EGamma0|Run2023C-JMENano12p5_v3-v2
CAMP|DATA|EGamma0|Run2023C-JMENano12p5_v4-v2
CAMP|DATA|EGamma0|Run2023C-JMENanoAODv15-v1
CAMP|DATA|EGamma0|Run2023C-JMENanoAODv15_v2-v1
CAMP|DATA|EGamma0|Run2023C-JMENanoAODv15_v3-v1
CAMP|DATA|EGamma0|Run2023C-JMENanoAODv15_v4-v2
CAMP|DATA|EGamma0|Run2023C-NanoAODv15-v1
CAMP|DATA|EGamma0|Run2023C-NanoAODv15_v2-v1
CAMP|DATA|EGamma0|Run2023C-NanoAODv15_v3-v1
CAMP|DATA|EGamma0|Run2023C-NanoAODv15_v4-v1
CAMP|DATA|EGamma0|Run2023C-PromptNanoAODv11p9_v1-v1
CAMP|DATA|EGamma0|Run2023C-PromptNanoAODv12_v3-v1
CAMP|DATA|EGamma0|Run2023C-PromptNanoAODv12_v4-v1
CAMP|DATA|EGamma0|Run2023C-PromptReco-v4
CAMP|DATA|EGamma0|Run2023D-22Sep2023_v1-v1
CAMP|DATA|EGamma0|Run2023D-22Sep2023_v2-v1
CAMP|DATA|EGamma0|Run2023D-24Jan2024_v1-v1
CAMP|DATA|EGamma0|Run2023D-24Jan2024_v2-v1
CAMP|DATA|EGamma0|Run2023D-BTVNanoAODv15-v1
CAMP|DATA|EGamma0|Run2023D-BTVNanoAODv15_v2-v1
CAMP|DATA|EGamma0|Run2023D-JMENano12p5_v1-v2
CAMP|DATA|EGamma0|Run2023D-JMENano12p5_v2-v1
CAMP|DATA|EGamma0|Run2023D-JMENanoAODv15-v1
CAMP|DATA|EGamma0|Run2023D-JMENanoAODv15_v2-v2
CAMP|DATA|EGamma0|Run2023D-NanoAODv15-v1
CAMP|DATA|EGamma0|Run2023D-NanoAODv15_v2-v1
CAMP|DATA|EGamma0|Run2023D-PromptReco-v1
CAMP|DATA|EGamma0|Run2023D-PromptReco-v2
HIT|DATA|EGamma0|lep|/EGamma0/Run2023B-NanoAODv15-v1/NANOAOD
HIT|DATA|EGamma0|lep|/EGamma0/Run2023C-NanoAODv15-v1/NANOAOD
HIT|DATA|EGamma0|lep|/EGamma0/Run2023C-NanoAODv15_v2-v1/NANOAOD
HIT|DATA|EGamma0|lep|/EGamma0/Run2023C-NanoAODv15_v3-v1/NANOAOD
HIT|DATA|EGamma0|lep|/EGamma0/Run2023C-NanoAODv15_v4-v1/NANOAOD
HIT|DATA|EGamma0|lep|/EGamma0/Run2023D-NanoAODv15-v1/NANOAOD
HIT|DATA|EGamma0|lep|/EGamma0/Run2023D-NanoAODv15_v2-v1/NANOAOD
CAMP|DATA|EGamma1|Run2023A-PromptNanoAODv11p9_v2-v1
CAMP|DATA|EGamma1|Run2023B-22Sep2023-v1
CAMP|DATA|EGamma1|Run2023B-NanoAODv15-v1
CAMP|DATA|EGamma1|Run2023B-PromptNanoAODv11p9_v1-v1
CAMP|DATA|EGamma1|Run2023C-22Sep2023_v1-v1
CAMP|DATA|EGamma1|Run2023C-22Sep2023_v2-v1
CAMP|DATA|EGamma1|Run2023C-22Sep2023_v3-v1
CAMP|DATA|EGamma1|Run2023C-22Sep2023_v4-v1
CAMP|DATA|EGamma1|Run2023C-24Jan2024_v1-v1
CAMP|DATA|EGamma1|Run2023C-24Jan2024_v2-v1
CAMP|DATA|EGamma1|Run2023C-24Jan2024_v3-v1
CAMP|DATA|EGamma1|Run2023C-24Jan2024_v4-v1
CAMP|DATA|EGamma1|Run2023C-BTVNanoAODv15-v1
CAMP|DATA|EGamma1|Run2023C-BTVNanoAODv15_v2-v1
CAMP|DATA|EGamma1|Run2023C-BTVNanoAODv15_v3-v1
CAMP|DATA|EGamma1|Run2023C-BTVNanoAODv15_v4-v1
CAMP|DATA|EGamma1|Run2023C-JMENano12p5_v1-v2
CAMP|DATA|EGamma1|Run2023C-JMENano12p5_v2-v2
CAMP|DATA|EGamma1|Run2023C-JMENano12p5_v3-v2
CAMP|DATA|EGamma1|Run2023C-JMENano12p5_v4-v2
CAMP|DATA|EGamma1|Run2023C-JMENanoAODv15-v1
CAMP|DATA|EGamma1|Run2023C-JMENanoAODv15_v2-v1
CAMP|DATA|EGamma1|Run2023C-JMENanoAODv15_v3-v1
CAMP|DATA|EGamma1|Run2023C-JMENanoAODv15_v4-v1
CAMP|DATA|EGamma1|Run2023C-NanoAODv15-v1
CAMP|DATA|EGamma1|Run2023C-NanoAODv15_v2-v1
CAMP|DATA|EGamma1|Run2023C-NanoAODv15_v3-v1
CAMP|DATA|EGamma1|Run2023C-NanoAODv15_v4-v1
CAMP|DATA|EGamma1|Run2023C-PromptNanoAODv11p9_v1-v1
CAMP|DATA|EGamma1|Run2023C-PromptNanoAODv12_v3-v1
CAMP|DATA|EGamma1|Run2023C-PromptNanoAODv12_v4-v1
CAMP|DATA|EGamma1|Run2023C-PromptReco-v4
CAMP|DATA|EGamma1|Run2023D-22Sep2023_v1-v1
CAMP|DATA|EGamma1|Run2023D-22Sep2023_v2-v1
CAMP|DATA|EGamma1|Run2023D-24Jan2024_v1-v1
CAMP|DATA|EGamma1|Run2023D-24Jan2024_v2-v1
CAMP|DATA|EGamma1|Run2023D-BTVNanoAODv15-v1
CAMP|DATA|EGamma1|Run2023D-BTVNanoAODv15_v2-v1
CAMP|DATA|EGamma1|Run2023D-JMENano12p5_v1-v2
CAMP|DATA|EGamma1|Run2023D-JMENano12p5_v2-v1
CAMP|DATA|EGamma1|Run2023D-JMENanoAODv15-v1
CAMP|DATA|EGamma1|Run2023D-JMENanoAODv15_v2-v1
CAMP|DATA|EGamma1|Run2023D-NanoAODv15-v1
CAMP|DATA|EGamma1|Run2023D-NanoAODv15_v2-v1
CAMP|DATA|EGamma1|Run2023D-PromptReco-v1
CAMP|DATA|EGamma1|Run2023D-PromptReco-v2
HIT|DATA|EGamma1|lep|/EGamma1/Run2023B-NanoAODv15-v1/NANOAOD
HIT|DATA|EGamma1|lep|/EGamma1/Run2023C-NanoAODv15-v1/NANOAOD
HIT|DATA|EGamma1|lep|/EGamma1/Run2023C-NanoAODv15_v2-v1/NANOAOD
HIT|DATA|EGamma1|lep|/EGamma1/Run2023C-NanoAODv15_v3-v1/NANOAOD
HIT|DATA|EGamma1|lep|/EGamma1/Run2023C-NanoAODv15_v4-v1/NANOAOD
HIT|DATA|EGamma1|lep|/EGamma1/Run2023D-NanoAODv15-v1/NANOAOD
HIT|DATA|EGamma1|lep|/EGamma1/Run2023D-NanoAODv15_v2-v1/NANOAOD

### DONE era=2023BPix nano=v15  2026-09-07T13:50:15Z
### next: fill script/samples_registry_run3.txt from the HIT| lines (drop JMENano/BTVNano/PFNano flavours),
###       then: bash script/das_scan.sh --era 2023BPix --nano v15 --registry script/samples_registry_run3.txt --workstream had --out ...
