### das_discover_run3.sh era=2025 nano=v15  2026-09-07T13:48:35Z
META|era=2025|nano=v15|mc_campaign=RunIII2024Summer24NanoAODv15|data_runera=Run2025|data_proc=PromptReco|utc=2026-09-07T13:48:35Z

### DATA  Run2025*  -- first every NanoAOD campaign of the PD (proc-string discovery), then the PromptReco* match
NONE|DATA|JetMET|/JetMET/Run2025*-PromptReco*/NANOAOD
CAMP|DATA|JetMET0|Run2025B-PromptReco-v1
CAMP|DATA|JetMET0|Run2025C-PromptBTVNano_pilot-v1
CAMP|DATA|JetMET0|Run2025C-PromptBTVNano-v2
CAMP|DATA|JetMET0|Run2025C-PromptBTVNano_v2-v1
CAMP|DATA|JetMET0|Run2025C-PromptJMENano-v2
CAMP|DATA|JetMET0|Run2025C-PromptJMENano_v2-v1
CAMP|DATA|JetMET0|Run2025C-PromptReco-v1
CAMP|DATA|JetMET0|Run2025C-PromptReco-v2
CAMP|DATA|JetMET0|Run2025C-TrkRadDamage-v2
CAMP|DATA|JetMET0|Run2025D-PromptBTVNano-v2
CAMP|DATA|JetMET0|Run2025D-PromptJMENano-v1
CAMP|DATA|JetMET0|Run2025D-PromptReco-v1
CAMP|DATA|JetMET0|Run2025E-PromptBTVNano-v1
CAMP|DATA|JetMET0|Run2025E-PromptJMENano-v1
CAMP|DATA|JetMET0|Run2025E-PromptReco-v1
CAMP|DATA|JetMET0|Run2025F-PromptBTVNano-v1
CAMP|DATA|JetMET0|Run2025F-PromptBTVNano_v2-v1
CAMP|DATA|JetMET0|Run2025F-PromptJMENano-v1
CAMP|DATA|JetMET0|Run2025F-PromptJMENano_v2-v1
CAMP|DATA|JetMET0|Run2025F-PromptReco-v1
CAMP|DATA|JetMET0|Run2025F-PromptReco-v2
CAMP|DATA|JetMET0|Run2025G-MLPFHighPU-v2
CAMP|DATA|JetMET0|Run2025G-MLPFNominalPU-v1
CAMP|DATA|JetMET0|Run2025G-PFHighPU-v2
CAMP|DATA|JetMET0|Run2025G-PFNominalPU-v1
CAMP|DATA|JetMET0|Run2025G-PromptBTVNano-v1
CAMP|DATA|JetMET0|Run2025G-PromptJMENano-v1
CAMP|DATA|JetMET0|Run2025G-PromptReco-v1
HIT|DATA|JetMET0|had|/JetMET0/Run2025B-PromptReco-v1/NANOAOD
HIT|DATA|JetMET0|had|/JetMET0/Run2025C-PromptReco-v1/NANOAOD
HIT|DATA|JetMET0|had|/JetMET0/Run2025C-PromptReco-v2/NANOAOD
HIT|DATA|JetMET0|had|/JetMET0/Run2025D-PromptReco-v1/NANOAOD
HIT|DATA|JetMET0|had|/JetMET0/Run2025E-PromptReco-v1/NANOAOD
HIT|DATA|JetMET0|had|/JetMET0/Run2025F-PromptReco-v1/NANOAOD
HIT|DATA|JetMET0|had|/JetMET0/Run2025F-PromptReco-v2/NANOAOD
HIT|DATA|JetMET0|had|/JetMET0/Run2025G-PromptReco-v1/NANOAOD
CAMP|DATA|JetMET1|Run2025B-PromptReco-v1
CAMP|DATA|JetMET1|Run2025C-PromptBTVNano-v2
CAMP|DATA|JetMET1|Run2025C-PromptBTVNano_v2-v1
CAMP|DATA|JetMET1|Run2025C-PromptJMENano-v2
CAMP|DATA|JetMET1|Run2025C-PromptJMENano_v2-v1
CAMP|DATA|JetMET1|Run2025C-PromptReco-v1
CAMP|DATA|JetMET1|Run2025C-PromptReco-v2
CAMP|DATA|JetMET1|Run2025C-TrkRadDamage-v2
CAMP|DATA|JetMET1|Run2025D-PromptBTVNano-v2
CAMP|DATA|JetMET1|Run2025D-PromptJMENano-v1
CAMP|DATA|JetMET1|Run2025D-PromptReco-v1
CAMP|DATA|JetMET1|Run2025E-PromptBTVNano-v1
CAMP|DATA|JetMET1|Run2025E-PromptJMENano-v1
CAMP|DATA|JetMET1|Run2025E-PromptReco-v1
CAMP|DATA|JetMET1|Run2025F-PromptBTVNano-v1
CAMP|DATA|JetMET1|Run2025F-PromptBTVNano_v2-v2
CAMP|DATA|JetMET1|Run2025F-PromptJMENano-v1
CAMP|DATA|JetMET1|Run2025F-PromptJMENano_v2-v1
CAMP|DATA|JetMET1|Run2025F-PromptReco-v1
CAMP|DATA|JetMET1|Run2025F-PromptReco-v2
CAMP|DATA|JetMET1|Run2025G-MLPFHighPU-v2
CAMP|DATA|JetMET1|Run2025G-MLPFNominalPU-v1
CAMP|DATA|JetMET1|Run2025G-PFHighPU-v2
CAMP|DATA|JetMET1|Run2025G-PFNominalPU-v1
CAMP|DATA|JetMET1|Run2025G-PromptBTVNano-v1
CAMP|DATA|JetMET1|Run2025G-PromptJMENano-v1
CAMP|DATA|JetMET1|Run2025G-PromptReco-v1
HIT|DATA|JetMET1|had|/JetMET1/Run2025B-PromptReco-v1/NANOAOD
HIT|DATA|JetMET1|had|/JetMET1/Run2025C-PromptReco-v1/NANOAOD
HIT|DATA|JetMET1|had|/JetMET1/Run2025C-PromptReco-v2/NANOAOD
HIT|DATA|JetMET1|had|/JetMET1/Run2025D-PromptReco-v1/NANOAOD
HIT|DATA|JetMET1|had|/JetMET1/Run2025E-PromptReco-v1/NANOAOD
HIT|DATA|JetMET1|had|/JetMET1/Run2025F-PromptReco-v1/NANOAOD
HIT|DATA|JetMET1|had|/JetMET1/Run2025F-PromptReco-v2/NANOAOD
HIT|DATA|JetMET1|had|/JetMET1/Run2025G-PromptReco-v1/NANOAOD
NONE|DATA|JetHT|/JetHT/Run2025*-PromptReco*/NANOAOD
CAMP|DATA|BTagMu|Run2025B-PromptReco-v1
CAMP|DATA|BTagMu|Run2025C-PromptBTVNano-v2
CAMP|DATA|BTagMu|Run2025C-PromptBTVNano_v2-v1
CAMP|DATA|BTagMu|Run2025C-PromptReco-v1
CAMP|DATA|BTagMu|Run2025C-PromptReco-v2
CAMP|DATA|BTagMu|Run2025D-PromptBTVNano-v1
CAMP|DATA|BTagMu|Run2025D-PromptReco-v1
CAMP|DATA|BTagMu|Run2025E-PromptBTVNano-v1
CAMP|DATA|BTagMu|Run2025E-PromptReco-v1
CAMP|DATA|BTagMu|Run2025F-PromptBTVNano-v1
CAMP|DATA|BTagMu|Run2025F-PromptBTVNano_v2-v1
CAMP|DATA|BTagMu|Run2025F-PromptReco-v1
CAMP|DATA|BTagMu|Run2025F-PromptReco-v2
CAMP|DATA|BTagMu|Run2025G-PromptBTVNano-v1
CAMP|DATA|BTagMu|Run2025G-PromptReco-v1
HIT|DATA|BTagMu|had|/BTagMu/Run2025B-PromptReco-v1/NANOAOD
HIT|DATA|BTagMu|had|/BTagMu/Run2025C-PromptReco-v1/NANOAOD
HIT|DATA|BTagMu|had|/BTagMu/Run2025C-PromptReco-v2/NANOAOD
HIT|DATA|BTagMu|had|/BTagMu/Run2025D-PromptReco-v1/NANOAOD
HIT|DATA|BTagMu|had|/BTagMu/Run2025E-PromptReco-v1/NANOAOD
HIT|DATA|BTagMu|had|/BTagMu/Run2025F-PromptReco-v1/NANOAOD
HIT|DATA|BTagMu|had|/BTagMu/Run2025F-PromptReco-v2/NANOAOD
HIT|DATA|BTagMu|had|/BTagMu/Run2025G-PromptReco-v1/NANOAOD
NONE|DATA|Muon|/Muon/Run2025*-PromptReco*/NANOAOD
CAMP|DATA|Muon0|Run2025B-PromptReco-v1
CAMP|DATA|Muon0|Run2025C-PromptBTVNano-v2
CAMP|DATA|Muon0|Run2025C-PromptBTVNano_v2-v1
CAMP|DATA|Muon0|Run2025C-PromptJMENano-v2
CAMP|DATA|Muon0|Run2025C-PromptJMENano_v2-v1
CAMP|DATA|Muon0|Run2025C-PromptMuoPOGNano_v2-v2
CAMP|DATA|Muon0|Run2025C-PromptMuoPOGNano-v3
CAMP|DATA|Muon0|Run2025C-PromptReco-v1
CAMP|DATA|Muon0|Run2025C-PromptReco-v2
CAMP|DATA|Muon0|Run2025C-TrkRadDamage-v2
CAMP|DATA|Muon0|Run2025C-ZMu_PromptMUODPGNano-v2
CAMP|DATA|Muon0|Run2025C-ZMu_PromptMUODPGNano_v2-v1
CAMP|DATA|Muon0|Run2025D-PromptBTVNano-v2
CAMP|DATA|Muon0|Run2025D-PromptJMENano-v1
CAMP|DATA|Muon0|Run2025D-PromptMuoPOGNano-v2
CAMP|DATA|Muon0|Run2025D-PromptReco-v1
CAMP|DATA|Muon0|Run2025D-ZMu_PromptMUODPGNano-v1
CAMP|DATA|Muon0|Run2025E-PromptBTVNano-v1
CAMP|DATA|Muon0|Run2025E-PromptJMENano-v1
CAMP|DATA|Muon0|Run2025E-PromptMuoPOGNano-v2
CAMP|DATA|Muon0|Run2025E-PromptReco-v1
CAMP|DATA|Muon0|Run2025E-ZMu_PromptMUODPGNano-v1
CAMP|DATA|Muon0|Run2025F-PromptBTVNano-v1
CAMP|DATA|Muon0|Run2025F-PromptBTVNano_v2-v2
CAMP|DATA|Muon0|Run2025F-PromptJMENano-v1
CAMP|DATA|Muon0|Run2025F-PromptJMENano_v2-v1
CAMP|DATA|Muon0|Run2025F-PromptMuoPOGNano-v2
CAMP|DATA|Muon0|Run2025F-PromptMuoPOGNano_v2-v2
CAMP|DATA|Muon0|Run2025F-PromptReco-v1
CAMP|DATA|Muon0|Run2025F-PromptReco-v2
CAMP|DATA|Muon0|Run2025F-ZMu_PromptMUODPGNano-v1
CAMP|DATA|Muon0|Run2025F-ZMu_PromptMUODPGNano_v2-v1
CAMP|DATA|Muon0|Run2025G-MLPFHighPU-v2
CAMP|DATA|Muon0|Run2025G-MLPFNominalPU-v1
CAMP|DATA|Muon0|Run2025G-PFHighPU-v2
CAMP|DATA|Muon0|Run2025G-PFNominalPU-v1
CAMP|DATA|Muon0|Run2025G-PromptBTVNano-v1
CAMP|DATA|Muon0|Run2025G-PromptJMENano-v1
CAMP|DATA|Muon0|Run2025G-PromptMuoPOGNano-v2
CAMP|DATA|Muon0|Run2025G-PromptReco-v1
CAMP|DATA|Muon0|Run2025G-ZMu_PromptMUODPGNano-v2
HIT|DATA|Muon0|had,lep|/Muon0/Run2025B-PromptReco-v1/NANOAOD
HIT|DATA|Muon0|had,lep|/Muon0/Run2025C-PromptReco-v1/NANOAOD
HIT|DATA|Muon0|had,lep|/Muon0/Run2025C-PromptReco-v2/NANOAOD
HIT|DATA|Muon0|had,lep|/Muon0/Run2025D-PromptReco-v1/NANOAOD
HIT|DATA|Muon0|had,lep|/Muon0/Run2025E-PromptReco-v1/NANOAOD
HIT|DATA|Muon0|had,lep|/Muon0/Run2025F-PromptReco-v1/NANOAOD
HIT|DATA|Muon0|had,lep|/Muon0/Run2025F-PromptReco-v2/NANOAOD
HIT|DATA|Muon0|had,lep|/Muon0/Run2025G-PromptReco-v1/NANOAOD
CAMP|DATA|Muon1|Run2025B-PromptReco-v1
CAMP|DATA|Muon1|Run2025C-PromptBTVNano-v2
CAMP|DATA|Muon1|Run2025C-PromptBTVNano_v2-v1
CAMP|DATA|Muon1|Run2025C-PromptJMENano-v2
CAMP|DATA|Muon1|Run2025C-PromptJMENano_v2-v1
CAMP|DATA|Muon1|Run2025C-PromptMuoPOGNano_v2-v2
CAMP|DATA|Muon1|Run2025C-PromptMuoPOGNano-v3
CAMP|DATA|Muon1|Run2025C-PromptReco-v1
CAMP|DATA|Muon1|Run2025C-PromptReco-v2
CAMP|DATA|Muon1|Run2025C-TrkRadDamage-v2
CAMP|DATA|Muon1|Run2025C-ZMu_PromptMUODPGNano-v2
CAMP|DATA|Muon1|Run2025C-ZMu_PromptMUODPGNano_v2-v1
CAMP|DATA|Muon1|Run2025D-PromptBTVNano-v2
CAMP|DATA|Muon1|Run2025D-PromptJMENano-v1
CAMP|DATA|Muon1|Run2025D-PromptMuoPOGNano-v2
CAMP|DATA|Muon1|Run2025D-PromptReco-v1
CAMP|DATA|Muon1|Run2025D-ZMu_PromptMUODPGNano-v1
CAMP|DATA|Muon1|Run2025E-PromptBTVNano-v1
CAMP|DATA|Muon1|Run2025E-PromptJMENano-v1
CAMP|DATA|Muon1|Run2025E-PromptMuoPOGNano-v2
CAMP|DATA|Muon1|Run2025E-PromptReco-v1
CAMP|DATA|Muon1|Run2025E-ZMu_PromptMUODPGNano-v1
CAMP|DATA|Muon1|Run2025F-PromptBTVNano-v1
CAMP|DATA|Muon1|Run2025F-PromptBTVNano_v2-v2
CAMP|DATA|Muon1|Run2025F-PromptJMENano-v1
CAMP|DATA|Muon1|Run2025F-PromptJMENano_v2-v1
CAMP|DATA|Muon1|Run2025F-PromptMuoPOGNano-v2
CAMP|DATA|Muon1|Run2025F-PromptMuoPOGNano_v2-v2
CAMP|DATA|Muon1|Run2025F-PromptReco-v1
CAMP|DATA|Muon1|Run2025F-PromptReco-v2
CAMP|DATA|Muon1|Run2025F-ZMu_PromptMUODPGNano-v1
CAMP|DATA|Muon1|Run2025F-ZMu_PromptMUODPGNano_v2-v1
CAMP|DATA|Muon1|Run2025G-MLPFHighPU-v2
CAMP|DATA|Muon1|Run2025G-MLPFNominalPU-v1
CAMP|DATA|Muon1|Run2025G-PFHighPU-v2
CAMP|DATA|Muon1|Run2025G-PFNominalPU-v1
CAMP|DATA|Muon1|Run2025G-PromptBTVNano-v1
CAMP|DATA|Muon1|Run2025G-PromptJMENano-v1
CAMP|DATA|Muon1|Run2025G-PromptMuoPOGNano-v2
CAMP|DATA|Muon1|Run2025G-PromptReco-v1
CAMP|DATA|Muon1|Run2025G-ZMu_PromptMUODPGNano-v2
HIT|DATA|Muon1|had,lep|/Muon1/Run2025B-PromptReco-v1/NANOAOD
HIT|DATA|Muon1|had,lep|/Muon1/Run2025C-PromptReco-v1/NANOAOD
HIT|DATA|Muon1|had,lep|/Muon1/Run2025C-PromptReco-v2/NANOAOD
HIT|DATA|Muon1|had,lep|/Muon1/Run2025D-PromptReco-v1/NANOAOD
HIT|DATA|Muon1|had,lep|/Muon1/Run2025E-PromptReco-v1/NANOAOD
HIT|DATA|Muon1|had,lep|/Muon1/Run2025F-PromptReco-v1/NANOAOD
HIT|DATA|Muon1|had,lep|/Muon1/Run2025F-PromptReco-v2/NANOAOD
HIT|DATA|Muon1|had,lep|/Muon1/Run2025G-PromptReco-v1/NANOAOD
NONE|DATA|SingleMuon|/SingleMuon/Run2025*-PromptReco*/NANOAOD
NONE|DATA|EGamma|/EGamma/Run2025*-PromptReco*/NANOAOD
CAMP|DATA|EGamma0|Run2025B-PromptReco-v1
CAMP|DATA|EGamma0|Run2025C-PromptBTVNano-v2
CAMP|DATA|EGamma0|Run2025C-PromptBTVNano_v2-v1
CAMP|DATA|EGamma0|Run2025C-PromptEGMNano-v2
CAMP|DATA|EGamma0|Run2025C-PromptEGMNano_v2-v1
CAMP|DATA|EGamma0|Run2025C-PromptJMENano-v2
CAMP|DATA|EGamma0|Run2025C-PromptJMENano_v2-v1
CAMP|DATA|EGamma0|Run2025C-PromptReco-v1
CAMP|DATA|EGamma0|Run2025C-PromptReco-v2
CAMP|DATA|EGamma0|Run2025C-TrkRadDamage-v2
CAMP|DATA|EGamma0|Run2025D-PromptBTVNano-v2
CAMP|DATA|EGamma0|Run2025D-PromptEGMNano-v2
CAMP|DATA|EGamma0|Run2025D-PromptJMENano-v1
CAMP|DATA|EGamma0|Run2025D-PromptReco-v1
CAMP|DATA|EGamma0|Run2025E-PromptBTVNano-v1
CAMP|DATA|EGamma0|Run2025E-PromptEGMNano-v1
CAMP|DATA|EGamma0|Run2025E-PromptJMENano-v1
CAMP|DATA|EGamma0|Run2025E-PromptReco-v1
CAMP|DATA|EGamma0|Run2025F-PromptBTVNano-v1
CAMP|DATA|EGamma0|Run2025F-PromptBTVNano_v2-v1
CAMP|DATA|EGamma0|Run2025F-PromptEGMNano-v1
CAMP|DATA|EGamma0|Run2025F-PromptEGMNano_v2-v1
CAMP|DATA|EGamma0|Run2025F-PromptJMENano-v1
CAMP|DATA|EGamma0|Run2025F-PromptJMENano_v2-v1
CAMP|DATA|EGamma0|Run2025F-PromptReco-v1
CAMP|DATA|EGamma0|Run2025F-PromptReco-v2
CAMP|DATA|EGamma0|Run2025G-MLPFHighPU-v2
CAMP|DATA|EGamma0|Run2025G-MLPFNominalPU-v1
CAMP|DATA|EGamma0|Run2025G-PFHighPU-v2
CAMP|DATA|EGamma0|Run2025G-PFNominalPU-v2
CAMP|DATA|EGamma0|Run2025G-PromptBTVNano-v1
CAMP|DATA|EGamma0|Run2025G-PromptEGMNano-v1
CAMP|DATA|EGamma0|Run2025G-PromptJMENano-v1
CAMP|DATA|EGamma0|Run2025G-PromptReco-v1
HIT|DATA|EGamma0|lep|/EGamma0/Run2025B-PromptReco-v1/NANOAOD
HIT|DATA|EGamma0|lep|/EGamma0/Run2025C-PromptReco-v1/NANOAOD
HIT|DATA|EGamma0|lep|/EGamma0/Run2025C-PromptReco-v2/NANOAOD
HIT|DATA|EGamma0|lep|/EGamma0/Run2025D-PromptReco-v1/NANOAOD
HIT|DATA|EGamma0|lep|/EGamma0/Run2025E-PromptReco-v1/NANOAOD
HIT|DATA|EGamma0|lep|/EGamma0/Run2025F-PromptReco-v1/NANOAOD
HIT|DATA|EGamma0|lep|/EGamma0/Run2025F-PromptReco-v2/NANOAOD
HIT|DATA|EGamma0|lep|/EGamma0/Run2025G-PromptReco-v1/NANOAOD
CAMP|DATA|EGamma1|Run2025B-PromptReco-v1
CAMP|DATA|EGamma1|Run2025C-PromptBTVNano-v2
CAMP|DATA|EGamma1|Run2025C-PromptBTVNano_v2-v1
CAMP|DATA|EGamma1|Run2025C-PromptEGMNano-v2
CAMP|DATA|EGamma1|Run2025C-PromptEGMNano_v2-v1
CAMP|DATA|EGamma1|Run2025C-PromptJMENano-v2
CAMP|DATA|EGamma1|Run2025C-PromptJMENano_v2-v1
CAMP|DATA|EGamma1|Run2025C-PromptReco-v1
CAMP|DATA|EGamma1|Run2025C-PromptReco-v2
CAMP|DATA|EGamma1|Run2025C-TrkRadDamage-v2
CAMP|DATA|EGamma1|Run2025D-PromptBTVNano-v2
CAMP|DATA|EGamma1|Run2025D-PromptEGMNano-v2
CAMP|DATA|EGamma1|Run2025D-PromptJMENano-v1
CAMP|DATA|EGamma1|Run2025D-PromptReco-v1
CAMP|DATA|EGamma1|Run2025E-PromptBTVNano-v1
CAMP|DATA|EGamma1|Run2025E-PromptEGMNano-v1
CAMP|DATA|EGamma1|Run2025E-PromptJMENano-v1
CAMP|DATA|EGamma1|Run2025E-PromptReco-v1
CAMP|DATA|EGamma1|Run2025F-PromptBTVNano-v1
CAMP|DATA|EGamma1|Run2025F-PromptBTVNano_v2-v1
CAMP|DATA|EGamma1|Run2025F-PromptEGMNano-v1
CAMP|DATA|EGamma1|Run2025F-PromptEGMNano_v2-v2
CAMP|DATA|EGamma1|Run2025F-PromptJMENano-v1
CAMP|DATA|EGamma1|Run2025F-PromptJMENano_v2-v1
CAMP|DATA|EGamma1|Run2025F-PromptReco-v1
CAMP|DATA|EGamma1|Run2025F-PromptReco-v2
CAMP|DATA|EGamma1|Run2025G-MLPFHighPU-v5
CAMP|DATA|EGamma1|Run2025G-MLPFNominalPU-v1
CAMP|DATA|EGamma1|Run2025G-PFHighPU-v3
CAMP|DATA|EGamma1|Run2025G-PFNominalPU-v1
CAMP|DATA|EGamma1|Run2025G-PromptBTVNano-v1
CAMP|DATA|EGamma1|Run2025G-PromptEGMNano-v1
CAMP|DATA|EGamma1|Run2025G-PromptJMENano-v1
CAMP|DATA|EGamma1|Run2025G-PromptReco-v1
HIT|DATA|EGamma1|lep|/EGamma1/Run2025B-PromptReco-v1/NANOAOD
HIT|DATA|EGamma1|lep|/EGamma1/Run2025C-PromptReco-v1/NANOAOD
HIT|DATA|EGamma1|lep|/EGamma1/Run2025C-PromptReco-v2/NANOAOD
HIT|DATA|EGamma1|lep|/EGamma1/Run2025D-PromptReco-v1/NANOAOD
HIT|DATA|EGamma1|lep|/EGamma1/Run2025E-PromptReco-v1/NANOAOD
HIT|DATA|EGamma1|lep|/EGamma1/Run2025F-PromptReco-v1/NANOAOD
HIT|DATA|EGamma1|lep|/EGamma1/Run2025F-PromptReco-v2/NANOAOD
HIT|DATA|EGamma1|lep|/EGamma1/Run2025G-PromptReco-v1/NANOAOD

### DONE era=2025 nano=v15  2026-09-07T13:48:50Z
### next: fill script/samples_registry_run3.txt from the HIT| lines (drop JMENano/BTVNano/PFNano flavours),
###       then: bash script/das_scan.sh --era 2025 --nano v15 --registry script/samples_registry_run3.txt --workstream had --out ...
