=========================================================================
das_scan.sh   era=2018UL   nano=v9   2026-09-03T08:16:21Z
  MC campaign prefix : RunIISummer20UL18NanoAODv9
  Data era / proc    : Run2018* / UL2018_MiniAODv2_NanoAODv9*
  registry           : /afs/cern.ch/user/j/junghyun/CMSSW_14_2_1/src/NtupleForge/script/samples_registry.txt
  workstream filter  : ttHH
=========================================================================
META|era=2018UL|nano=v9|mc_campaign=RunIISummer20UL18NanoAODv9|data_runera=Run2018|data_proc=UL2018_MiniAODv2_NanoAODv9|registry=/afs/cern.ch/user/j/junghyun/CMSSW_14_2_1/src/NtupleForge/script/samples_registry.txt|workstream=ttHH|utc=2026-09-03T08:16:21Z
### registry: 63 sample(s) selected for era=2018UL --workstream ttHH

### MC TTHHto4b  (primary: TTHHTo4b_TuneCP5_13TeV-madgraph-pythia8)
DS|TTHHto4b|/TTHHTo4b_TuneCP5_13TeV-madgraph-pythia8/RunIISummer20UL18NanoAODv9-106X_upgrade2018_realistic_v16_L1v1-v2/NANOAODSIM|nevents=9598000|nfiles=52|size_TB=0.032
RESULT|TTHHto4b|EXACT|1

### MC TTbar_SemiLep  (primary: TTToSemiLeptonic_TuneCP5_13TeV-powheg-pythia8)
DS|TTbar_SemiLep|/TTToSemiLeptonic_TuneCP5_13TeV-powheg-pythia8/RunIISummer20UL18NanoAODv9-106X_upgrade2018_realistic_v16_L1v1-v1/NANOAODSIM|nevents=476408000|nfiles=391|size_TB=1.031
DS|TTbar_SemiLep|/TTToSemiLeptonic_TuneCP5_13TeV-powheg-pythia8/RunIISummer20UL18NanoAODv9-20UL18JMENano_106X_upgrade2018_realistic_v16_L1v1-v1/NANOAODSIM|nevents=462282000|nfiles=1056|size_TB=2.679
DS|TTbar_SemiLep|/TTToSemiLeptonic_TuneCP5_13TeV-powheg-pythia8/RunIISummer20UL18NanoAODv9-PUForMUOVal_106X_upgrade2018_realistic_v16_L1v1_ext1-v1/NANOAODSIM|nevents=24997030|nfiles=25|size_TB=0.054
DS|TTbar_SemiLep|/TTToSemiLeptonic_TuneCP5_13TeV-powheg-pythia8/RunIISummer20UL18NanoAODv9-PUForTRK_TRK_106X_upgrade2018_realistic_v16_L1v1-v2/NANOAODSIM|nevents=99999|nfiles=31|size_TB=0.000
DS|TTbar_SemiLep|/TTToSemiLeptonic_TuneCP5_13TeV-powheg-pythia8/RunIISummer20UL18NanoAODv9-PUForTRKv2_TRKv2_106X_upgrade2018_realistic_v16_L1v1-v2/NANOAODSIM|nevents=97831|nfiles=32|size_TB=0.000
RESULT|TTbar_SemiLep|EXACT|5

### MC TTbar_Hadronic  (primary: TTToHadronic_TuneCP5_13TeV-powheg-pythia8)
DS|TTbar_Hadronic|/TTToHadronic_TuneCP5_13TeV-powheg-pythia8/RunIISummer20UL18NanoAODv9-106X_upgrade2018_realistic_v16_L1v1-v1/NANOAODSIM|nevents=334206000|nfiles=339|size_TB=0.721
DS|TTbar_Hadronic|/TTToHadronic_TuneCP5_13TeV-powheg-pythia8/RunIISummer20UL18NanoAODv9-20UL18JMENano_106X_upgrade2018_realistic_v16_L1v1-v1/NANOAODSIM|nevents=342913000|nfiles=833|size_TB=2.039
DS|TTbar_Hadronic|/TTToHadronic_TuneCP5_13TeV-powheg-pythia8/RunIISummer20UL18NanoAODv9-FSUL18_FSUL18_bugFix_106X_upgrade2018_realistic_v16_L1v1-v1/NANOAODSIM|nevents=245727000|nfiles=171|size_TB=0.456
DS|TTbar_Hadronic|/TTToHadronic_TuneCP5_13TeV-powheg-pythia8/RunIISummer20UL18NanoAODv9-PUForTRK_TRK_106X_upgrade2018_realistic_v16_L1v1-v2/NANOAODSIM|nevents=99728|nfiles=29|size_TB=0.000
DS|TTbar_Hadronic|/TTToHadronic_TuneCP5_13TeV-powheg-pythia8/RunIISummer20UL18NanoAODv9-PUForTRKv2_TRKv2_106X_upgrade2018_realistic_v16_L1v1-v2/NANOAODSIM|nevents=95934|nfiles=30|size_TB=0.000
RESULT|TTbar_Hadronic|EXACT|5

### MC TTbar_DiLep  (primary: TTTo2L2Nu_TuneCP5_13TeV-powheg-pythia8)
DS|TTbar_DiLep|/TTTo2L2Nu_TuneCP5_13TeV-powheg-pythia8/RunIISummer20UL18NanoAODv9-106X_upgrade2018_realistic_v16_L1v1-v1/NANOAODSIM|nevents=145020000|nfiles=155|size_TB=0.309
DS|TTbar_DiLep|/TTTo2L2Nu_TuneCP5_13TeV-powheg-pythia8/RunIISummer20UL18NanoAODv9-20UL18JMENano_106X_upgrade2018_realistic_v16_L1v1-v1/NANOAODSIM|nevents=144378000|nfiles=354|size_TB=0.806
DS|TTbar_DiLep|/TTTo2L2Nu_TuneCP5_13TeV-powheg-pythia8/RunIISummer20UL18NanoAODv9-FSUL18_FSUL18_106X_upgrade2018_realistic_v16_L1v1_ext1-v3/NANOAODSIM|nevents=149834999|nfiles=257|size_TB=0.278
DS|TTbar_DiLep|/TTTo2L2Nu_TuneCP5_13TeV-powheg-pythia8/RunIISummer20UL18NanoAODv9-PU35ForTRK_TRK_106X_upgrade2018_realistic_v16_L1v1-v2/NANOAODSIM|nevents=100000|nfiles=2|size_TB=0.000
DS|TTbar_DiLep|/TTTo2L2Nu_TuneCP5_13TeV-powheg-pythia8/RunIISummer20UL18NanoAODv9-PU35ForTRKv2_TRKv2_106X_upgrade2018_realistic_v16_L1v1-v2/NANOAODSIM|nevents=100000|nfiles=3|size_TB=0.000
DS|TTbar_DiLep|/TTTo2L2Nu_TuneCP5_13TeV-powheg-pythia8/RunIISummer20UL18NanoAODv9-PUForTRK_TRK_106X_upgrade2018_realistic_v16_L1v1-v2/NANOAODSIM|nevents=99999|nfiles=23|size_TB=0.000
DS|TTbar_DiLep|/TTTo2L2Nu_TuneCP5_13TeV-powheg-pythia8/RunIISummer20UL18NanoAODv9-PUForTRKv2_TRKv2_106X_upgrade2018_realistic_v16_L1v1-v2/NANOAODSIM|nevents=98373|nfiles=33|size_TB=0.000
RESULT|TTbar_DiLep|EXACT|7

### MC TTbb_SemiLep  (primary: TTbb_4f_TTToSemiLeptonic_TuneCP5-Powheg-Openloops-Pythia8)
DS|TTbb_SemiLep|/TTbb_4f_TTToSemiLeptonic_TuneCP5-Powheg-Openloops-Pythia8/RunIISummer20UL18NanoAODv9-106X_upgrade2018_realistic_v16_L1v1-v1/NANOAODSIM|nevents=10378681|nfiles=15|size_TB=0.026
RESULT|TTbb_SemiLep|EXACT|1

### MC TTbb_Hadronic  (primary: TTbb_4f_TTToHadronic_TuneCP5-Powheg-Openloops-Pythia8)
DS|TTbb_Hadronic|/TTbb_4f_TTToHadronic_TuneCP5-Powheg-Openloops-Pythia8/RunIISummer20UL18NanoAODv9-106X_upgrade2018_realistic_v16_L1v1-v1/NANOAODSIM|nevents=8049064|nfiles=10|size_TB=0.020
RESULT|TTbb_Hadronic|EXACT|1

### MC TTbb_DiLep  (primary: TTbb_4f_TTTo2L2Nu_TuneCP5-Powheg-Openloops-Pythia8)
DS|TTbb_DiLep|/TTbb_4f_TTTo2L2Nu_TuneCP5-Powheg-Openloops-Pythia8/RunIISummer20UL18NanoAODv9-106X_upgrade2018_realistic_v16_L1v1-v1/NANOAODSIM|nevents=4792850|nfiles=6|size_TB=0.012
RESULT|TTbb_DiLep|EXACT|1

### MC QCD_HT200to300  (primary: QCD_HT200to300_TuneCP5_13TeV-madgraphMLM-pythia8)
DS|QCD_HT200to300|/QCD_HT200to300_TuneCP5_13TeV-madgraphMLM-pythia8/RunIISummer20UL18NanoAODv9-106X_upgrade2018_realistic_v16_L1v1-v1/NANOAODSIM|nevents=61542214|nfiles=63|size_TB=0.084
RESULT|QCD_HT200to300|EXACT|1

### MC QCD_HT300to500  (primary: QCD_HT300to500_TuneCP5_13TeV-madgraphMLM-pythia8)
DS|QCD_HT300to500|/QCD_HT300to500_TuneCP5_13TeV-madgraphMLM-pythia8/RunIISummer20UL18NanoAODv9-106X_upgrade2018_realistic_v16_L1v1-v1/NANOAODSIM|nevents=56214199|nfiles=96|size_TB=0.093
RESULT|QCD_HT300to500|EXACT|1

### MC QCD_HT500to700  (primary: QCD_HT500to700_TuneCP5_13TeV-madgraphMLM-pythia8)
DS|QCD_HT500to700|/QCD_HT500to700_TuneCP5_13TeV-madgraphMLM-pythia8/RunIISummer20UL18NanoAODv9-106X_upgrade2018_realistic_v16_L1v1-v1/NANOAODSIM|nevents=61097673|nfiles=102|size_TB=0.124
RESULT|QCD_HT500to700|EXACT|1

### MC QCD_HT700to1000  (primary: QCD_HT700to1000_TuneCP5_13TeV-madgraphMLM-pythia8)
DS|QCD_HT700to1000|/QCD_HT700to1000_TuneCP5_13TeV-madgraphMLM-pythia8/RunIISummer20UL18NanoAODv9-106X_upgrade2018_realistic_v16_L1v1-v1/NANOAODSIM|nevents=47314826|nfiles=95|size_TB=0.105
RESULT|QCD_HT700to1000|EXACT|1

### MC QCD_HT1000to1500  (primary: QCD_HT1000to1500_TuneCP5_13TeV-madgraphMLM-pythia8)
DS|QCD_HT1000to1500|/QCD_HT1000to1500_TuneCP5_13TeV-madgraphMLM-pythia8/RunIISummer20UL18NanoAODv9-106X_upgrade2018_realistic_v16_L1v1-v1/NANOAODSIM|nevents=15230975|nfiles=52|size_TB=0.036
RESULT|QCD_HT1000to1500|EXACT|1

### MC QCD_HT1500to2000  (primary: QCD_HT1500to2000_TuneCP5_13TeV-madgraphMLM-pythia8)
DS|QCD_HT1500to2000|/QCD_HT1500to2000_TuneCP5_13TeV-madgraphMLM-pythia8/RunIISummer20UL18NanoAODv9-106X_upgrade2018_realistic_v16_L1v1-v1/NANOAODSIM|nevents=11887406|nfiles=80|size_TB=0.030
RESULT|QCD_HT1500to2000|EXACT|1

### MC QCD_HT2000toInf  (primary: QCD_HT2000toInf_TuneCP5_13TeV-madgraphMLM-pythia8)
DS|QCD_HT2000toInf|/QCD_HT2000toInf_TuneCP5_13TeV-madgraphMLM-pythia8/RunIISummer20UL18NanoAODv9-106X_upgrade2018_realistic_v16_L1v1-v1/NANOAODSIM|nevents=5710430|nfiles=48|size_TB=0.015
RESULT|QCD_HT2000toInf|EXACT|1

### MC ttHTobb  (primary: ttHTobb_M125_TuneCP5_13TeV-powheg-pythia8)
DS|ttHTobb|/ttHTobb_M125_TuneCP5_13TeV-powheg-pythia8/RunIISummer20UL18NanoAODv9-106X_upgrade2018_realistic_v16_L1v1-v2/NANOAODSIM|nevents=9668000|nfiles=57|size_TB=0.028
DS|ttHTobb|/ttHTobb_M125_TuneCP5_13TeV-powheg-pythia8/RunIISummer20UL18NanoAODv9-BPH_106X_upgrade2018_realistic_v16_L1v1-v2/NANOAODSIM|nevents=8782000|nfiles=72|size_TB=0.026
RESULT|ttHTobb|EXACT|2

### MC ttHToNonbb  (primary: ttHToNonbb_M125_TuneCP5_13TeV-powheg-pythia8)
DS|ttHToNonbb|/ttHToNonbb_M125_TuneCP5_13TeV-powheg-pythia8/RunIISummer20UL18NanoAODv9-106X_upgrade2018_realistic_v16_L1v1-v2/NANOAODSIM|nevents=7328993|nfiles=48|size_TB=0.021
RESULT|ttHToNonbb|EXACT|1

### MC tHq  (primary: THQ_ctcvcp_4f_Hincl_TuneCP5_13TeV_madgraph_pythia8)
DS|tHq|/THQ_ctcvcp_4f_Hincl_TuneCP5_13TeV_madgraph_pythia8/RunIISummer20UL18NanoAODv9-106X_upgrade2018_realistic_v16_L1v1-v2/NANOAODSIM|nevents=29799971|nfiles=76|size_TB=0.074
RESULT|tHq|EXACT|1

### MC tHW  (primary: THW_ctcvcp_5f_Hincl_TuneCP5_13TeV_madgraph_pythia8)
DS|tHW|/THW_ctcvcp_5f_Hincl_TuneCP5_13TeV_madgraph_pythia8/RunIISummer20UL18NanoAODv9-106X_upgrade2018_realistic_v16_L1v1-v2/NANOAODSIM|nevents=14604000|nfiles=128|size_TB=0.044
RESULT|tHW|EXACT|1

### MC TTZToBB  (primary: TTZToBB_TuneCP5_13TeV-amcatnlo-pythia8)
DS|TTZToBB|/TTZToBB_TuneCP5_13TeV-amcatnlo-pythia8/RunIISummer20UL18NanoAODv9-106X_upgrade2018_realistic_v16_L1v1-v2/NANOAODSIM|nevents=9842000|nfiles=14|size_TB=0.028
RESULT|TTZToBB|EXACT|1

### MC TTWJetsToQQ  (primary: TTWJetsToQQ_TuneCP5_13TeV-amcatnloFXFX-madspin-pythia8)
DS|TTWJetsToQQ|/TTWJetsToQQ_TuneCP5_13TeV-amcatnloFXFX-madspin-pythia8/RunIISummer20UL18NanoAODv9-106X_upgrade2018_realistic_v16_L1v1-v1/NANOAODSIM|nevents=970179|nfiles=3|size_TB=0.003
RESULT|TTWJetsToQQ|EXACT|1

### MC TTWJetsToLNu  (primary: TTWJetsToLNu_TuneCP5_13TeV-amcatnloFXFX-madspin-pythia8)
DS|TTWJetsToLNu|/TTWJetsToLNu_TuneCP5_13TeV-amcatnloFXFX-madspin-pythia8/RunIISummer20UL18NanoAODv9-106X_upgrade2018_realistic_v16_L1v1-v1/NANOAODSIM|nevents=10450000|nfiles=13|size_TB=0.028
RESULT|TTWJetsToLNu|EXACT|1

### MC TTZToLLNuNu  (primary: TTZToLLNuNu_M-10_TuneCP5_13TeV-amcatnlo-pythia8)
DS|TTZToLLNuNu|/TTZToLLNuNu_M-10_TuneCP5_13TeV-amcatnlo-pythia8/RunIISummer20UL18NanoAODv9-106X_upgrade2018_realistic_v16_L1v1-v1/NANOAODSIM|nevents=19608000|nfiles=21|size_TB=0.050
RESULT|TTZToLLNuNu|EXACT|1

### MC TTZHTo4b  (primary: TTZHTo4b_TuneCP5_13TeV-madgraph-pythia8)
DS|TTZHTo4b|/TTZHTo4b_TuneCP5_13TeV-madgraph-pythia8/RunIISummer20UL18NanoAODv9-106X_upgrade2018_realistic_v16_L1v1-v2/NANOAODSIM|nevents=4823000|nfiles=41|size_TB=0.016
DS|TTZHTo4b|/TTZHTo4b_TuneCP5_13TeV-madgraph-pythia8/RunIISummer20UL18NanoAODv9-106X_upgrade2018_realistic_v16_L1v1_ext1-v1/NANOAODSIM|nevents=4998000|nfiles=6|size_TB=0.017
RESULT|TTZHTo4b|EXACT|2

### MC TTZZTo4b  (primary: TTZZTo4b_TuneCP5_13TeV-madgraph-pythia8)
DS|TTZZTo4b|/TTZZTo4b_TuneCP5_13TeV-madgraph-pythia8/RunIISummer20UL18NanoAODv9-106X_upgrade2018_realistic_v16_L1v1-v2/NANOAODSIM|nevents=4934000|nfiles=29|size_TB=0.016
DS|TTZZTo4b|/TTZZTo4b_TuneCP5_13TeV-madgraph-pythia8/RunIISummer20UL18NanoAODv9-106X_upgrade2018_realistic_v16_L1v1_ext1-v1/NANOAODSIM|nevents=4864000|nfiles=8|size_TB=0.016
RESULT|TTZZTo4b|EXACT|2

### MC TTWW  (primary: TTWW_TuneCP5_13TeV-madgraph-pythia8)
DS|TTWW|/TTWW_TuneCP5_13TeV-madgraph-pythia8/RunIISummer20UL18NanoAODv9-106X_upgrade2018_realistic_v16_L1v1-v1/NANOAODSIM|nevents=944000|nfiles=3|size_TB=0.003
DS|TTWW|/TTWW_TuneCP5_13TeV-madgraph-pythia8/RunIISummer20UL18NanoAODv9-106X_upgrade2018_realistic_v16_L1v1_ext1-v2/NANOAODSIM|nevents=11910000|nfiles=83|size_TB=0.036
RESULT|TTWW|EXACT|2

### MC TTWH  (primary: TTWH_TuneCP5_13TeV-madgraph-pythia8)
DS|TTWH|/TTWH_TuneCP5_13TeV-madgraph-pythia8/RunIISummer20UL18NanoAODv9-106X_upgrade2018_realistic_v16_L1v1-v2/NANOAODSIM|nevents=497000|nfiles=4|size_TB=0.002
RESULT|TTWH|EXACT|1

### MC TTWZ  (primary: TTWZ_TuneCP5_13TeV-madgraph-pythia8)
DS|TTWZ|/TTWZ_TuneCP5_13TeV-madgraph-pythia8/RunIISummer20UL18NanoAODv9-106X_upgrade2018_realistic_v16_L1v1-v1/NANOAODSIM|nevents=498000|nfiles=2|size_TB=0.001
RESULT|TTWZ|EXACT|1

### MC TTTW  (primary: TTTW_TuneCP5_13TeV-madgraph-pythia8)
DS|TTTW|/TTTW_TuneCP5_13TeV-madgraph-pythia8/RunIISummer20UL18NanoAODv9-106X_upgrade2018_realistic_v16_L1v1-v2/NANOAODSIM|nevents=494000|nfiles=4|size_TB=0.002
RESULT|TTTW|EXACT|1

### MC TTTT  (primary: TTTT_TuneCP5_13TeV-amcatnlo-pythia8)
DS|TTTT|/TTTT_TuneCP5_13TeV-amcatnlo-pythia8/RunIISummer20UL18NanoAODv9-106X_upgrade2018_realistic_v16_L1v1-v2/NANOAODSIM|nevents=13058000|nfiles=49|size_TB=0.049
RESULT|TTTT|EXACT|1

### MC TT4b  (primary: TT4b_TuneCP5_13TeV_madgraph_pythia8)
DS|TT4b|/TT4b_TuneCP5_13TeV_madgraph_pythia8/RunIISummer20UL18NanoAODv9-106X_upgrade2018_realistic_v16_L1v1-v2/NANOAODSIM|nevents=9844000|nfiles=14|size_TB=0.028
RESULT|TT4b|EXACT|1

### MC ST_t_top  (primary: ST_t-channel_top_4f_InclusiveDecays_TuneCP5_13TeV-powheg-madspin-pythia8)
DS|ST_t_top|/ST_t-channel_top_4f_InclusiveDecays_TuneCP5_13TeV-powheg-madspin-pythia8/RunIISummer20UL18NanoAODv9-106X_upgrade2018_realistic_v16_L1v1-v1/NANOAODSIM|nevents=178336000|nfiles=149|size_TB=0.301
DS|ST_t_top|/ST_t-channel_top_4f_InclusiveDecays_TuneCP5_13TeV-powheg-madspin-pythia8/RunIISummer20UL18NanoAODv9-20UL18JMENano_106X_upgrade2018_realistic_v16_L1v1-v1/NANOAODSIM|nevents=178528000|nfiles=323|size_TB=0.903
RESULT|ST_t_top|EXACT|2

### MC ST_t_antitop  (primary: ST_t-channel_antitop_4f_InclusiveDecays_TuneCP5_13TeV-powheg-madspin-pythia8)
DS|ST_t_antitop|/ST_t-channel_antitop_4f_InclusiveDecays_TuneCP5_13TeV-powheg-madspin-pythia8/RunIISummer20UL18NanoAODv9-106X_upgrade2018_realistic_v16_L1v1-v1/NANOAODSIM|nevents=95627000|nfiles=130|size_TB=0.162
DS|ST_t_antitop|/ST_t-channel_antitop_4f_InclusiveDecays_TuneCP5_13TeV-powheg-madspin-pythia8/RunIISummer20UL18NanoAODv9-20UL18JMENano_106X_upgrade2018_realistic_v16_L1v1-v1/NANOAODSIM|nevents=94974000|nfiles=239|size_TB=0.476
RESULT|ST_t_antitop|EXACT|2

### MC ST_tW_top  (primary: ST_tW_top_5f_inclusiveDecays_TuneCP5_13TeV-powheg-pythia8)
DS|ST_tW_top|/ST_tW_top_5f_inclusiveDecays_TuneCP5_13TeV-powheg-pythia8/RunIISummer20UL18NanoAODv9-106X_upgrade2018_realistic_v16_L1v1-v2/NANOAODSIM|nevents=7956000|nfiles=52|size_TB=0.016
RESULT|ST_tW_top|EXACT|1

### MC ST_tW_antitop  (primary: ST_tW_antitop_5f_inclusiveDecays_TuneCP5_13TeV-powheg-pythia8)
DS|ST_tW_antitop|/ST_tW_antitop_5f_inclusiveDecays_TuneCP5_13TeV-powheg-pythia8/RunIISummer20UL18NanoAODv9-106X_upgrade2018_realistic_v16_L1v1-v2/NANOAODSIM|nevents=7749000|nfiles=23|size_TB=0.015
RESULT|ST_tW_antitop|EXACT|1

### MC ST_s_lep  (primary: ST_s-channel_4f_leptonDecays_TuneCP5_13TeV-amcatnlo-pythia8)
DS|ST_s_lep|/ST_s-channel_4f_leptonDecays_TuneCP5_13TeV-amcatnlo-pythia8/RunIISummer20UL18NanoAODv9-106X_upgrade2018_realistic_v16_L1v1-v1/NANOAODSIM|nevents=19365999|nfiles=19|size_TB=0.031
DS|ST_s_lep|/ST_s-channel_4f_leptonDecays_TuneCP5_13TeV-amcatnlo-pythia8/RunIISummer20UL18NanoAODv9-20UL18JMENano_106X_upgrade2018_realistic_v16_L1v1-v1/NANOAODSIM|nevents=19238999|nfiles=60|size_TB=0.092
RESULT|ST_s_lep|EXACT|2

### MC ST_s_had  (primary: ST_s-channel_4f_hadronicDecays_TuneCP5_13TeV-amcatnlo-pythia8)
DS|ST_s_had|/ST_s-channel_4f_hadronicDecays_TuneCP5_13TeV-amcatnlo-pythia8/RunIISummer20UL18NanoAODv9-106X_upgrade2018_realistic_v16_L1v1-v1/NANOAODSIM|nevents=16259000|nfiles=30|size_TB=0.026
RESULT|ST_s_had|EXACT|1

### MC WW  (primary: WW_TuneCP5_13TeV-pythia8)
DS|WW|/WW_TuneCP5_13TeV-pythia8/RunIISummer20UL18NanoAODv9-106X_upgrade2018_realistic_v16_L1v1-v1/NANOAODSIM|nevents=15679000|nfiles=31|size_TB=0.019
DS|WW|/WW_TuneCP5_13TeV-pythia8/RunIISummer20UL18NanoAODv9-20UL18JMENano_106X_upgrade2018_realistic_v16_L1v1-v1/NANOAODSIM|nevents=14938000|nfiles=53|size_TB=0.065
RESULT|WW|EXACT|2

### MC WZ  (primary: WZ_TuneCP5_13TeV-pythia8)
DS|WZ|/WZ_TuneCP5_13TeV-pythia8/RunIISummer20UL18NanoAODv9-106X_upgrade2018_realistic_v16_L1v1-v1/NANOAODSIM|nevents=7940000|nfiles=16|size_TB=0.010
DS|WZ|/WZ_TuneCP5_13TeV-pythia8/RunIISummer20UL18NanoAODv9-20UL18JMENano_106X_upgrade2018_realistic_v16_L1v1-v1/NANOAODSIM|nevents=7883000|nfiles=37|size_TB=0.034
RESULT|WZ|EXACT|2

### MC ZZ  (primary: ZZ_TuneCP5_13TeV-pythia8)
DS|ZZ|/ZZ_TuneCP5_13TeV-pythia8/RunIISummer20UL18NanoAODv9-106X_upgrade2018_realistic_v16_L1v1-v1/NANOAODSIM|nevents=3526000|nfiles=6|size_TB=0.004
DS|ZZ|/ZZ_TuneCP5_13TeV-pythia8/RunIISummer20UL18NanoAODv9-20UL18JMENano_106X_upgrade2018_realistic_v16_L1v1-v1/NANOAODSIM|nevents=3526000|nfiles=11|size_TB=0.015
RESULT|ZZ|EXACT|2

### MC WJetsToQQ_HT400to600  (primary: WJetsToQQ_HT-400to600_TuneCP5_13TeV-madgraphMLM-pythia8)
DS|WJetsToQQ_HT400to600|/WJetsToQQ_HT-400to600_TuneCP5_13TeV-madgraphMLM-pythia8/RunIISummer20UL18NanoAODv9-106X_upgrade2018_realistic_v16_L1v1-v2/NANOAODSIM|nevents=9335298|nfiles=33|size_TB=0.018
RESULT|WJetsToQQ_HT400to600|EXACT|1

### MC WJetsToQQ_HT600to800  (primary: WJetsToQQ_HT-600to800_TuneCP5_13TeV-madgraphMLM-pythia8)
DS|WJetsToQQ_HT600to800|/WJetsToQQ_HT-600to800_TuneCP5_13TeV-madgraphMLM-pythia8/RunIISummer20UL18NanoAODv9-106X_upgrade2018_realistic_v16_L1v1-v2/NANOAODSIM|nevents=13633226|nfiles=32|size_TB=0.030
RESULT|WJetsToQQ_HT600to800|EXACT|1

### MC WJetsToQQ_HT800toInf  (primary: WJetsToQQ_HT-800toInf_TuneCP5_13TeV-madgraphMLM-pythia8)
DS|WJetsToQQ_HT800toInf|/WJetsToQQ_HT-800toInf_TuneCP5_13TeV-madgraphMLM-pythia8/RunIISummer20UL18NanoAODv9-106X_upgrade2018_realistic_v16_L1v1-v2/NANOAODSIM|nevents=13581343|nfiles=67|size_TB=0.033
RESULT|WJetsToQQ_HT800toInf|EXACT|1

### MC ZJetsToQQ_HT400to600  (primary: ZJetsToQQ_HT-400to600_TuneCP5_13TeV-madgraphMLM-pythia8)
DS|ZJetsToQQ_HT400to600|/ZJetsToQQ_HT-400to600_TuneCP5_13TeV-madgraphMLM-pythia8/RunIISummer20UL18NanoAODv9-106X_upgrade2018_realistic_v16_L1v1-v2/NANOAODSIM|nevents=13930474|nfiles=24|size_TB=0.028
RESULT|ZJetsToQQ_HT400to600|EXACT|1

### MC ZJetsToQQ_HT600to800  (primary: ZJetsToQQ_HT-600to800_TuneCP5_13TeV-madgraphMLM-pythia8)
DS|ZJetsToQQ_HT600to800|/ZJetsToQQ_HT-600to800_TuneCP5_13TeV-madgraphMLM-pythia8/RunIISummer20UL18NanoAODv9-106X_upgrade2018_realistic_v16_L1v1-v2/NANOAODSIM|nevents=12029507|nfiles=44|size_TB=0.028
RESULT|ZJetsToQQ_HT600to800|EXACT|1

### MC ZJetsToQQ_HT800toInf  (primary: ZJetsToQQ_HT-800toInf_TuneCP5_13TeV-madgraphMLM-pythia8)
DS|ZJetsToQQ_HT800toInf|/ZJetsToQQ_HT-800toInf_TuneCP5_13TeV-madgraphMLM-pythia8/RunIISummer20UL18NanoAODv9-106X_upgrade2018_realistic_v16_L1v1-v2/NANOAODSIM|nevents=9681521|nfiles=59|size_TB=0.025
RESULT|ZJetsToQQ_HT800toInf|EXACT|1

### MC WJetsToLNu_HT70To100  (primary: WJetsToLNu_HT-70To100_TuneCP5_13TeV-madgraphMLM-pythia8)
DS|WJetsToLNu_HT70To100|/WJetsToLNu_HT-70To100_TuneCP5_13TeV-madgraphMLM-pythia8/RunIISummer20UL18NanoAODv9-106X_upgrade2018_realistic_v16_L1v1-v1/NANOAODSIM|nevents=66220256|nfiles=97|size_TB=0.087
DS|WJetsToLNu_HT70To100|/WJetsToLNu_HT-70To100_TuneCP5_13TeV-madgraphMLM-pythia8/RunIISummer20UL18NanoAODv9-106X_upgrade2018_realistic_v16_L1v1_ext1-v3/NANOAODSIM|nevents=72037044|nfiles=669|size_TB=0.096
RESULT|WJetsToLNu_HT70To100|EXACT|2

### MC WJetsToLNu_HT100To200  (primary: WJetsToLNu_HT-100To200_TuneCP5_13TeV-madgraphMLM-pythia8)
DS|WJetsToLNu_HT100To200|/WJetsToLNu_HT-100To200_TuneCP5_13TeV-madgraphMLM-pythia8/RunIISummer20UL18NanoAODv9-106X_upgrade2018_realistic_v16_L1v1-v1/NANOAODSIM|nevents=51408967|nfiles=57|size_TB=0.075
DS|WJetsToLNu_HT100To200|/WJetsToLNu_HT-100To200_TuneCP5_13TeV-madgraphMLM-pythia8/RunIISummer20UL18NanoAODv9-106X_upgrade2018_realistic_v16_L1v1_ext1-v3/NANOAODSIM|nevents=68556079|nfiles=523|size_TB=0.101
RESULT|WJetsToLNu_HT100To200|EXACT|2

### MC WJetsToLNu_HT200To400  (primary: WJetsToLNu_HT-200To400_TuneCP5_13TeV-madgraphMLM-pythia8)
DS|WJetsToLNu_HT200To400|/WJetsToLNu_HT-200To400_TuneCP5_13TeV-madgraphMLM-pythia8/RunIISummer20UL18NanoAODv9-106X_upgrade2018_realistic_v16_L1v1-v1/NANOAODSIM|nevents=58225632|nfiles=101|size_TB=0.104
DS|WJetsToLNu_HT200To400|/WJetsToLNu_HT-200To400_TuneCP5_13TeV-madgraphMLM-pythia8/RunIISummer20UL18NanoAODv9-106X_upgrade2018_realistic_v16_L1v1_ext1-v3/NANOAODSIM|nevents=59011717|nfiles=780|size_TB=0.108
RESULT|WJetsToLNu_HT200To400|EXACT|2

### MC WJetsToLNu_HT400To600  (primary: WJetsToLNu_HT-400To600_TuneCP5_13TeV-madgraphMLM-pythia8)
DS|WJetsToLNu_HT400To600|/WJetsToLNu_HT-400To600_TuneCP5_13TeV-madgraphMLM-pythia8/RunIISummer20UL18NanoAODv9-106X_upgrade2018_realistic_v16_L1v1-v1/NANOAODSIM|nevents=7444030|nfiles=44|size_TB=0.017
DS|WJetsToLNu_HT400To600|/WJetsToLNu_HT-400To600_TuneCP5_13TeV-madgraphMLM-pythia8/RunIISummer20UL18NanoAODv9-106X_upgrade2018_realistic_v16_L1v1_ext1-v2/NANOAODSIM|nevents=1971444|nfiles=27|size_TB=0.004
DS|WJetsToLNu_HT400To600|/WJetsToLNu_HT-400To600_TuneCP5_13TeV-madgraphMLM-pythia8/RunIISummer20UL18NanoAODv9-106X_upgrade2018_realistic_v16_L1v1_ext2-v3/NANOAODSIM|nevents=9997677|nfiles=177|size_TB=0.023
RESULT|WJetsToLNu_HT400To600|EXACT|3

### MC WJetsToLNu_HT600To800  (primary: WJetsToLNu_HT-600To800_TuneCP5_13TeV-madgraphMLM-pythia8)
DS|WJetsToLNu_HT600To800|/WJetsToLNu_HT-600To800_TuneCP5_13TeV-madgraphMLM-pythia8/RunIISummer20UL18NanoAODv9-106X_upgrade2018_realistic_v16_L1v1-v1/NANOAODSIM|nevents=7718765|nfiles=33|size_TB=0.019
DS|WJetsToLNu_HT600To800|/WJetsToLNu_HT-600To800_TuneCP5_13TeV-madgraphMLM-pythia8/RunIISummer20UL18NanoAODv9-106X_upgrade2018_realistic_v16_L1v1_ext1-v2/NANOAODSIM|nevents=5720014|nfiles=35|size_TB=0.014
DS|WJetsToLNu_HT600To800|/WJetsToLNu_HT-600To800_TuneCP5_13TeV-madgraphMLM-pythia8/RunIISummer20UL18NanoAODv9-106X_upgrade2018_realistic_v16_L1v1_ext2-v3/NANOAODSIM|nevents=15645953|nfiles=254|size_TB=0.039
RESULT|WJetsToLNu_HT600To800|EXACT|3

### MC WJetsToLNu_HT800To1200  (primary: WJetsToLNu_HT-800To1200_TuneCP5_13TeV-madgraphMLM-pythia8)
DS|WJetsToLNu_HT800To1200|/WJetsToLNu_HT-800To1200_TuneCP5_13TeV-madgraphMLM-pythia8/RunIISummer20UL18NanoAODv9-106X_upgrade2018_realistic_v16_L1v1-v1/NANOAODSIM|nevents=7306187|nfiles=11|size_TB=0.019
DS|WJetsToLNu_HT800To1200|/WJetsToLNu_HT-800To1200_TuneCP5_13TeV-madgraphMLM-pythia8/RunIISummer20UL18NanoAODv9-106X_upgrade2018_realistic_v16_L1v1_ext1-v2/NANOAODSIM|nevents=5418842|nfiles=32|size_TB=0.014
DS|WJetsToLNu_HT800To1200|/WJetsToLNu_HT-800To1200_TuneCP5_13TeV-madgraphMLM-pythia8/RunIISummer20UL18NanoAODv9-106X_upgrade2018_realistic_v16_L1v1_ext2-v3/NANOAODSIM|nevents=14546732|nfiles=199|size_TB=0.038
RESULT|WJetsToLNu_HT800To1200|EXACT|3

### MC WJetsToLNu_HT1200To2500  (primary: WJetsToLNu_HT-1200To2500_TuneCP5_13TeV-madgraphMLM-pythia8)
DS|WJetsToLNu_HT1200To2500|/WJetsToLNu_HT-1200To2500_TuneCP5_13TeV-madgraphMLM-pythia8/RunIISummer20UL18NanoAODv9-106X_upgrade2018_realistic_v16_L1v1-v1/NANOAODSIM|nevents=6481518|nfiles=8|size_TB=0.018
DS|WJetsToLNu_HT1200To2500|/WJetsToLNu_HT-1200To2500_TuneCP5_13TeV-madgraphMLM-pythia8/RunIISummer20UL18NanoAODv9-106X_upgrade2018_realistic_v16_L1v1_ext1-v2/NANOAODSIM|nevents=6486269|nfiles=51|size_TB=0.018
DS|WJetsToLNu_HT1200To2500|/WJetsToLNu_HT-1200To2500_TuneCP5_13TeV-madgraphMLM-pythia8/RunIISummer20UL18NanoAODv9-106X_upgrade2018_realistic_v16_L1v1_ext2-v3/NANOAODSIM|nevents=14170096|nfiles=172|size_TB=0.040
RESULT|WJetsToLNu_HT1200To2500|EXACT|3

### MC WJetsToLNu_HT2500ToInf  (primary: WJetsToLNu_HT-2500ToInf_TuneCP5_13TeV-madgraphMLM-pythia8)
DS|WJetsToLNu_HT2500ToInf|/WJetsToLNu_HT-2500ToInf_TuneCP5_13TeV-madgraphMLM-pythia8/RunIISummer20UL18NanoAODv9-106X_upgrade2018_realistic_v16_L1v1-v2/NANOAODSIM|nevents=2097648|nfiles=51|size_TB=0.007
DS|WJetsToLNu_HT2500ToInf|/WJetsToLNu_HT-2500ToInf_TuneCP5_13TeV-madgraphMLM-pythia8/RunIISummer20UL18NanoAODv9-106X_upgrade2018_realistic_v16_L1v1_ext1-v2/NANOAODSIM|nevents=10124647|nfiles=50|size_TB=0.031
DS|WJetsToLNu_HT2500ToInf|/WJetsToLNu_HT-2500ToInf_TuneCP5_13TeV-madgraphMLM-pythia8/RunIISummer20UL18NanoAODv9-106X_upgrade2018_realistic_v16_L1v1_ext2-v3/NANOAODSIM|nevents=15094137|nfiles=241|size_TB=0.047
RESULT|WJetsToLNu_HT2500ToInf|EXACT|3

### MC DYJetsToLL_M50_HT70to100  (primary: DYJetsToLL_M-50_HT-70to100_TuneCP5_PSweights_13TeV-madgraphMLM-pythia8)
DS|DYJetsToLL_M50_HT70to100|/DYJetsToLL_M-50_HT-70to100_TuneCP5_PSweights_13TeV-madgraphMLM-pythia8/RunIISummer20UL18NanoAODv9-106X_upgrade2018_realistic_v16_L1v1-v1/NANOAODSIM|nevents=17004433|nfiles=13|size_TB=0.026
RESULT|DYJetsToLL_M50_HT70to100|EXACT|1

### MC DYJetsToLL_M50_HT100to200  (primary: DYJetsToLL_M-50_HT-100to200_TuneCP5_PSweights_13TeV-madgraphMLM-pythia8)
DS|DYJetsToLL_M50_HT100to200|/DYJetsToLL_M-50_HT-100to200_TuneCP5_PSweights_13TeV-madgraphMLM-pythia8/RunIISummer20UL18NanoAODv9-106X_upgrade2018_realistic_v16_L1v1-v1/NANOAODSIM|nevents=26202328|nfiles=30|size_TB=0.044
RESULT|DYJetsToLL_M50_HT100to200|EXACT|1

### MC DYJetsToLL_M50_HT200to400  (primary: DYJetsToLL_M-50_HT-200to400_TuneCP5_PSweights_13TeV-madgraphMLM-pythia8)
DS|DYJetsToLL_M50_HT200to400|/DYJetsToLL_M-50_HT-200to400_TuneCP5_PSweights_13TeV-madgraphMLM-pythia8/RunIISummer20UL18NanoAODv9-106X_upgrade2018_realistic_v16_L1v1-v1/NANOAODSIM|nevents=18455718|nfiles=21|size_TB=0.038
RESULT|DYJetsToLL_M50_HT200to400|EXACT|1

### MC DYJetsToLL_M50_HT400to600  (primary: DYJetsToLL_M-50_HT-400to600_TuneCP5_PSweights_13TeV-madgraphMLM-pythia8)
DS|DYJetsToLL_M50_HT400to600|/DYJetsToLL_M-50_HT-400to600_TuneCP5_PSweights_13TeV-madgraphMLM-pythia8/RunIISummer20UL18NanoAODv9-106X_upgrade2018_realistic_v16_L1v1-v1/NANOAODSIM|nevents=8682257|nfiles=28|size_TB=0.022
RESULT|DYJetsToLL_M50_HT400to600|EXACT|1

### MC DYJetsToLL_M50_HT600to800  (primary: DYJetsToLL_M-50_HT-600to800_TuneCP5_PSweights_13TeV-madgraphMLM-pythia8)
DS|DYJetsToLL_M50_HT600to800|/DYJetsToLL_M-50_HT-600to800_TuneCP5_PSweights_13TeV-madgraphMLM-pythia8/RunIISummer20UL18NanoAODv9-106X_upgrade2018_realistic_v16_L1v1-v1/NANOAODSIM|nevents=7035971|nfiles=11|size_TB=0.019
RESULT|DYJetsToLL_M50_HT600to800|EXACT|1

### MC DYJetsToLL_M50_HT800to1200  (primary: DYJetsToLL_M-50_HT-800to1200_TuneCP5_PSweights_13TeV-madgraphMLM-pythia8)
DS|DYJetsToLL_M50_HT800to1200|/DYJetsToLL_M-50_HT-800to1200_TuneCP5_PSweights_13TeV-madgraphMLM-pythia8/RunIISummer20UL18NanoAODv9-106X_upgrade2018_realistic_v16_L1v1-v1/NANOAODSIM|nevents=6554679|nfiles=24|size_TB=0.019
RESULT|DYJetsToLL_M50_HT800to1200|EXACT|1

### MC DYJetsToLL_M50_HT1200to2500  (primary: DYJetsToLL_M-50_HT-1200to2500_TuneCP5_PSweights_13TeV-madgraphMLM-pythia8)
DS|DYJetsToLL_M50_HT1200to2500|/DYJetsToLL_M-50_HT-1200to2500_TuneCP5_PSweights_13TeV-madgraphMLM-pythia8/RunIISummer20UL18NanoAODv9-106X_upgrade2018_realistic_v16_L1v1-v1/NANOAODSIM|nevents=5966661|nfiles=13|size_TB=0.018
RESULT|DYJetsToLL_M50_HT1200to2500|EXACT|1

### MC DYJetsToLL_M50_HT2500toInf  (primary: DYJetsToLL_M-50_HT-2500toInf_TuneCP5_PSweights_13TeV-madgraphMLM-pythia8)
DS|DYJetsToLL_M50_HT2500toInf|/DYJetsToLL_M-50_HT-2500toInf_TuneCP5_PSweights_13TeV-madgraphMLM-pythia8/RunIISummer20UL18NanoAODv9-106X_upgrade2018_realistic_v16_L1v1-v1/NANOAODSIM|nevents=1978203|nfiles=19|size_TB=0.007
RESULT|DYJetsToLL_M50_HT2500toInf|EXACT|1

### DATA JetHT
DS|JetHT|/JetHT/Run2018A-UL2018_MiniAODv2_NanoAODv9-v2/NANOAOD|nevents=171484635|nfiles=146|size_TB=0.228
DS|JetHT|/JetHT/Run2018A-UL2018_MiniAODv2_NanoAODv9_GT36-v1/NANOAOD|nevents=171492206|nfiles=112|size_TB=0.227
DS|JetHT|/JetHT/Run2018B-UL2018_MiniAODv2_NanoAODv9-v1/NANOAOD|nevents=78255208|nfiles=45|size_TB=0.105
DS|JetHT|/JetHT/Run2018B-UL2018_MiniAODv2_NanoAODv9_GT36-v1/NANOAOD|nevents=78253065|nfiles=61|size_TB=0.105
DS|JetHT|/JetHT/Run2018C-UL2018_MiniAODv2_NanoAODv9-v1/NANOAOD|nevents=70027804|nfiles=57|size_TB=0.096
DS|JetHT|/JetHT/Run2018C-UL2018_MiniAODv2_NanoAODv9_GT36-v1/NANOAOD|nevents=70027804|nfiles=44|size_TB=0.096
DS|JetHT|/JetHT/Run2018D-UL2018_MiniAODv2_NanoAODv9-v2/NANOAOD|nevents=356976276|nfiles=232|size_TB=0.493
DS|JetHT|/JetHT/Run2018D-UL2018_MiniAODv2_NanoAODv9_GT36-v1/NANOAOD|nevents=355774350|nfiles=214|size_TB=0.475
RESULT|JetHT|EXACT|8

### DATA SingleMuon
DS|SingleMuon|/SingleMuon/Run2018A-UL2018_MiniAODv2_NanoAODv9-v2/NANOAOD|nevents=241608232|nfiles=92|size_TB=0.212
DS|SingleMuon|/SingleMuon/Run2018A-UL2018_MiniAODv2_NanoAODv9_GT36-v1/NANOAOD|nevents=241596817|nfiles=94|size_TB=0.212
DS|SingleMuon|/SingleMuon/Run2018B-UL2018_MiniAODv2_NanoAODv9-v2/NANOAOD|nevents=119918017|nfiles=51|size_TB=0.104
DS|SingleMuon|/SingleMuon/Run2018B-UL2018_MiniAODv2_NanoAODv9_GT36-v1/NANOAOD|nevents=119918017|nfiles=52|size_TB=0.104
DS|SingleMuon|/SingleMuon/Run2018C-UL2018_MiniAODv2_NanoAODv9-v2/NANOAOD|nevents=109986009|nfiles=56|size_TB=0.099
DS|SingleMuon|/SingleMuon/Run2018C-UL2018_MiniAODv2_NanoAODv9_GT36-v1/NANOAOD|nevents=110032072|nfiles=67|size_TB=0.099
DS|SingleMuon|/SingleMuon/Run2018D-UL2018_MiniAODv2_NanoAODv9-v1/NANOAOD|nevents=513909894|nfiles=194|size_TB=0.449
DS|SingleMuon|/SingleMuon/Run2018D-UL2018_MiniAODv2_NanoAODv9_GT36-v1/NANOAOD|nevents=513884680|nfiles=208|size_TB=0.449
RESULT|SingleMuon|EXACT|8

=========================================================================
das_scan.sh DONE   era=2018UL nano=v9   MC=61 DATA=2   2026-09-03T08:21:18Z
  next: python3 script/build_from_scan_log.py script/das_ttHH_2018UL_v9_20260903_1016.log
  NOTE: NOT_FOUND rows above do not fail this script. The builder does.
=========================================================================
