=== RUNLOG ================================================================
step        : probe_tttw_v15_status
start_utc   : 2026-09-22T05:55:54Z
host        : lxplus956   user: junghyun
cwd         : /afs/cern.ch/user/j/junghyun/CMSSW_14_2_1/src/NtupleForge
repo        : /afs/cern.ch/user/j/junghyun/CMSSW_14_2_1/src/NtupleForge
git_head    : d81f2ad   modified_tracked_files: 0
cmd         : /bin/bash script/das_status.sh /TTTW\*-DR1\*/RunIISummer20UL1\*NanoAODv15-150X\*/NANOAODSIM 
CMSSW_BASE  : <unset>
root        : 6.40.04
dasgoclient : Build: git=v02.04.54 go=go1.26.6 date=2026-09-22 07:55:54.35079104 +0200 CEST m=+0.007677152
proxy_left_s: 43194
===========================================================================
dataset	status	nevents	nfiles
/TTTWminus-DR1_TuneCP5_13TeV_amcatnlo-pythia8/RunIISummer20UL16NanoAODv15-150X_mcRun2_asymptotic_v1-v1/NANOAODSIM	VALID	1700000	5
/TTTWminus-DR1_TuneCP5_13TeV_amcatnlo-pythia8/RunIISummer20UL17NanoAODv15-150X_mc2017_realistic_v1-v1/NANOAODSIM	VALID	3291000	8
/TTTWminus-DR1_TuneCP5_13TeV_amcatnlo-pythia8/RunIISummer20UL18NanoAODv15-150X_mc2018_realistic_v1-v1/NANOAODSIM	VALID	3485000	9
/TTTWplus-DR1_TuneCP5_13TeV_amcatnlo-pythia8/RunIISummer20UL16NanoAODv15-150X_mcRun2_asymptotic_v1-v1/NANOAODSIM	VALID	1700000	4
/TTTWplus-DR1_TuneCP5_13TeV_amcatnlo-pythia8/RunIISummer20UL17NanoAODv15-150X_mc2017_realistic_v1-v1/NANOAODSIM	VALID	3389000	8
/TTTWplus-DR1_TuneCP5_13TeV_amcatnlo-pythia8/RunIISummer20UL18NanoAODv15-150X_mc2018_realistic_v1-v1/NANOAODSIM	VALID	3597000	7
===========================================================================
end_utc     : 2026-09-22T05:55:57Z
wall_s      : 3
EXIT        : 0
outputs     : (none under script/ or branches/)
log         : script/runlogs/run_probe_tttw_v15_status_20260922_055553.log
=== END ===================================================================
