=== RUNLOG ================================================================
step        : sweep_v9_2016_2018
start_utc   : 2026-09-18T06:04:00Z
host        : lxplus988   user: junghyun
cwd         : /afs/cern.ch/user/j/junghyun/CMSSW_14_2_1/src/NtupleForge
repo        : /afs/cern.ch/user/j/junghyun/CMSSW_14_2_1/src/NtupleForge
git_head    : 1b576b9   modified_tracked_files: 1
cmd         : /bin/bash script/sweep_inventories.sh script/inventory_manifest_v9_2016_2018.txt 
CMSSW_BASE  : <unset>
root        : none
dasgoclient : Build: git=v02.04.54 go=go1.26.6 date=2026-09-18 08:04:00.162656927 +0200 CEST m=+0.000598420
proxy_left_s: 43133
===========================================================================
========================================================================
 sweep_inventories.sh   out=/afs/cern.ch/user/j/junghyun/CMSSW_14_2_1/src/NtupleForge/script/inventory
 manifest=script/inventory_manifest_v9_2016_2018.txt
========================================================================
  FAIL  2016preVFP_v9_MC       could not read /store/mc/RunIISummer20UL16NanoAODAPVv9/TTToHadronic_TuneCP5_13TeV-powheg-pythia8/NANOAODSIM/106X_mcRun2_asymptotic_preVFP_v11-v1/120000/003F7566-218D-F046-BF23-17B298D392B2.root
  FAIL  2016postVFP_v9_MC      could not read /store/mc/RunIISummer20UL16NanoAODv9/TTToHadronic_TuneCP5_13TeV-powheg-pythia8/NANOAODSIM/106X_mcRun2_asymptotic_v17-v1/130000/1B17F007-31E4-3C48-BB68-EFF1467424D4.root
  FAIL  2018UL_v9_MC           could not read /store/mc/RunIISummer20UL18NanoAODv9/TTToHadronic_TuneCP5_13TeV-powheg-pythia8/NANOAODSIM/106X_upgrade2018_realistic_v16_L1v1-v1/270000/0A0C246F-D01B-6F4D-85E6-3A75C27C5197.root
  FAIL  2016B1_v9_Data         could not read /store/data/Run2016B/JetHT/NANOAOD/ver1_HIPM_UL2016_MiniAODv2_NanoAODv9-v2/2430000/877D2E27-E1EB-6244-BBCC-1730058E95A4.root
  FAIL  2016B2_v9_Data         could not read /store/data/Run2016B/JetHT/NANOAOD/ver2_HIPM_UL2016_MiniAODv2_NanoAODv9-v2/2520000/E8D052D8-0446-A046-B45F-2882BF34D4DB.root
  FAIL  2016C_v9_Data          could not read /store/data/Run2016C/JetHT/NANOAOD/HIPM_UL2016_MiniAODv2_NanoAODv9-v2/2530000/7058F107-BE2D-B44C-99D1-9290A6E36728.root
  FAIL  2016D_v9_Data          could not read /store/data/Run2016D/JetHT/NANOAOD/HIPM_UL2016_MiniAODv2_NanoAODv9-v2/2530000/317F48AA-47B4-6B46-82CA-DD31DCACAEC0.root
  FAIL  2016E_v9_Data          could not read /store/data/Run2016E/JetHT/NANOAOD/HIPM_UL2016_MiniAODv2_NanoAODv9-v2/40000/86F38CD2-E5C5-9A4C-826F-754F74EBB39B.root
  FAIL  2016FHIPM_v9_Data      could not read /store/data/Run2016F/JetHT/NANOAOD/HIPM_UL2016_MiniAODv2_NanoAODv9-v2/40000/59A8D517-FD25-A148-B75E-8619FA1E32D6.root
  FAIL  2016F_v9_Data          could not read /store/data/Run2016F/JetHT/NANOAOD/UL2016_MiniAODv2_NanoAODv9-v1/70000/F77A6FC2-0D11-6445-880B-5B8509DC4AB2.root
  FAIL  2016G_v9_Data          could not read /store/data/Run2016G/JetHT/NANOAOD/UL2016_MiniAODv2_NanoAODv9-v1/260000/575CF868-89D8-8C4F-AC24-CCAE46C5BB5A.root
  FAIL  2016H_v9_Data          could not read /store/data/Run2016H/JetHT/NANOAOD/UL2016_MiniAODv2_NanoAODv9-v1/70000/EFD7B1BD-64D0-EB43-BCBA-5415DE0FB5CB.root
  FAIL  2018A_v9_Data          could not read /store/data/Run2018A/JetHT/NANOAOD/UL2018_MiniAODv2_NanoAODv9-v2/250000/E73D3B12-3D3F-1443-8E7B-7874C167B97B.root
  FAIL  2018B_v9_Data          could not read /store/data/Run2018B/JetHT/NANOAOD/UL2018_MiniAODv2_NanoAODv9-v1/120000/A4258CED-A995-AC4E-B50C-50CD7FCA4A94.root
  FAIL  2018C_v9_Data          could not read /store/data/Run2018C/JetHT/NANOAOD/UL2018_MiniAODv2_NanoAODv9-v1/130000/DBA0C35C-4893-FD4B-A1BD-F0293EF5EA7A.root
  FAIL  2018D_v9_Data          could not read /store/data/Run2018D/JetHT/NANOAOD/UL2018_MiniAODv2_NanoAODv9-v2/2540000/12262847-CD4D-584F-99C2-774BF6E1DD81.root
------------------------------------------------------------------------
 dumped=0  skipped=0  failed=16
 next: python3 script/branch_presence_matrix.py --inventory-dir /afs/cern.ch/user/j/junghyun/CMSSW_14_2_1/src/NtupleForge/script/inventory \
           --profile main --mc --era 2017 --partial-only
------------------------------------------------------------------------
===========================================================================
end_utc     : 2026-09-18T06:04:06Z
wall_s      : 6
EXIT        : 1
outputs     : (none under script/ or branches/)
log         : script/runlogs/run_sweep_v9_2016_2018_20260918_060400.log
=== END ===================================================================
