=== RUNLOG ================================================================
step        : ul16post_miniaodv2
start_utc   : 2026-09-16T06:57:54Z
host        : lxplus929   user: junghyun
cwd         : /afs/cern.ch/user/j/junghyun/CMSSW_14_2_1/src/NtupleForge
repo        : /afs/cern.ch/user/j/junghyun/CMSSW_14_2_1/src/NtupleForge
git_head    : e6eb9c3   modified_tracked_files: 0
cmd         : /bin/bash script/das_inventory.sh --tier MINIAODSIM --registry script/samples_registry.txt --tag ul16post_miniaodv2 --campaign RunIISummer20UL16MiniAODv2-\* 
CMSSW_BASE  : <unset>
root        : 6.40.04
dasgoclient : Build: git=v02.04.54 go=go1.26.6 date=2026-09-16 08:57:54.967966762 +0200 CEST m=+0.001209343
proxy_left_s: 42264
===========================================================================
### das_inventory.sh  2026-09-16 08:57 CEST
### campaign=RunIISummer20UL16MiniAODv2-*  tier=MINIAODSIM  details=matching  registry=script/samples_registry.txt  grep=none
### out=/afs/cern.ch/user/j/junghyun/CMSSW_14_2_1/src/NtupleForge/script/das_inventory_ul16post_miniaodv2_20260916_0857.tsv
### datasets listed: 31683
EXACT|TTHHto4b|TTHHTo4b_TuneCP5_13TeV-madgraph-pythia8|1
EXACT|TTbar_SemiLep|TTToSemiLeptonic_TuneCP5_13TeV-powheg-pythia8|1
EXACT|TTbar_Hadronic|TTToHadronic_TuneCP5_13TeV-powheg-pythia8|1
EXACT|TTbar_DiLep|TTTo2L2Nu_TuneCP5_13TeV-powheg-pythia8|3
EXACT|TTbb_SemiLep|TTbb_4f_TTToSemiLeptonic_TuneCP5-Powheg-Openloops-Pythia8|3
EXACT|TTbb_Hadronic|TTbb_4f_TTToHadronic_TuneCP5-Powheg-Openloops-Pythia8|1
EXACT|TTbb_DiLep|TTbb_4f_TTTo2L2Nu_TuneCP5-Powheg-Openloops-Pythia8|1
EXACT|QCD_HT200to300|QCD_HT200to300_TuneCP5_PSWeights_13TeV-madgraph-pythia8|1
EXACT|QCD_HT300to500|QCD_HT300to500_TuneCP5_PSWeights_13TeV-madgraph-pythia8|1
EXACT|QCD_HT500to700|QCD_HT500to700_TuneCP5_PSWeights_13TeV-madgraph-pythia8|1
EXACT|QCD_HT700to1000|QCD_HT700to1000_TuneCP5_PSWeights_13TeV-madgraph-pythia8|1
EXACT|QCD_HT1000to1500|QCD_HT1000to1500_TuneCP5_PSWeights_13TeV-madgraph-pythia8|1
EXACT|QCD_HT1500to2000|QCD_HT1500to2000_TuneCP5_PSWeights_13TeV-madgraph-pythia8|1
EXACT|QCD_HT2000toInf|QCD_HT2000toInf_TuneCP5_PSWeights_13TeV-madgraph-pythia8|1
EXACT|ttHTobb|ttHTobb_M125_TuneCP5_13TeV-powheg-pythia8|1
EXACT|ttHToNonbb|ttHToNonbb_M125_TuneCP5_13TeV-powheg-pythia8|1
EXACT|tHq|THQ_ctcvcp_4f_Hincl_TuneCP5_13TeV_madgraph_pythia8|1
EXACT|tHW|THW_ctcvcp_5f_Hincl_TuneCP5_13TeV_madgraph_pythia8|1
EXACT|TTZToQQ|TTZToQQ_TuneCP5_13TeV-amcatnlo-pythia8|1
EXACT|TTZToBB|TTZToBB_TuneCP5_13TeV-amcatnlo-pythia8|1
EXACT|TTWJetsToQQ|TTWJetsToQQ_TuneCP5_13TeV-amcatnloFXFX-madspin-pythia8|1
EXACT|TTWJetsToLNu|TTWJetsToLNu_TuneCP5_13TeV-amcatnloFXFX-madspin-pythia8|1
EXACT|TTZToLLNuNu|TTZToLLNuNu_M-10_TuneCP5_13TeV-amcatnlo-pythia8|1
EXACT|TTZHTo4b|TTZHTo4b_TuneCP5_13TeV-madgraph-pythia8|2
EXACT|TTZZTo4b|TTZZTo4b_TuneCP5_13TeV-madgraph-pythia8|2
EXACT|TTWW|TTWW_TuneCP5_13TeV-madgraph-pythia8|2
EXACT|TTWH|TTWH_TuneCP5_13TeV-madgraph-pythia8|1
EXACT|TTWZ|TTWZ_TuneCP5_13TeV-madgraph-pythia8|1
EXACT|TTTW|TTTW_TuneCP5_13TeV-madgraph-pythia8|1
EXACT|TTTT|TTTT_TuneCP5_13TeV-amcatnlo-pythia8|1
EXACT|TT4b|TT4b_TuneCP5_13TeV_madgraph_pythia8|1
EXACT|ST_t_top|ST_t-channel_top_4f_InclusiveDecays_TuneCP5_13TeV-powheg-madspin-pythia8|1
EXACT|ST_t_antitop|ST_t-channel_antitop_4f_InclusiveDecays_TuneCP5_13TeV-powheg-madspin-pythia8|1
EXACT|ST_tW_top|ST_tW_top_5f_inclusiveDecays_TuneCP5_13TeV-powheg-pythia8|1
EXACT|ST_tW_antitop|ST_tW_antitop_5f_inclusiveDecays_TuneCP5_13TeV-powheg-pythia8|1
EXACT|ST_s_lep|ST_s-channel_4f_leptonDecays_TuneCP5_13TeV-amcatnlo-pythia8|1
EXACT|ST_s_had|ST_s-channel_4f_hadronicDecays_TuneCP5_13TeV-amcatnlo-pythia8|1
EXACT|WW|WW_TuneCP5_13TeV-pythia8|1
EXACT|WZ|WZ_TuneCP5_13TeV-pythia8|1
EXACT|ZZ|ZZ_TuneCP5_13TeV-pythia8|1
EXACT|WJetsToQQ_HT400to600|WJetsToQQ_HT-400to600_TuneCP5_13TeV-madgraphMLM-pythia8|1
EXACT|WJetsToQQ_HT600to800|WJetsToQQ_HT-600to800_TuneCP5_13TeV-madgraphMLM-pythia8|1
EXACT|WJetsToQQ_HT800toInf|WJetsToQQ_HT-800toInf_TuneCP5_13TeV-madgraphMLM-pythia8|1
EXACT|ZJetsToQQ_HT400to600|ZJetsToQQ_HT-400to600_TuneCP5_13TeV-madgraphMLM-pythia8|1
EXACT|ZJetsToQQ_HT600to800|ZJetsToQQ_HT-600to800_TuneCP5_13TeV-madgraphMLM-pythia8|1
EXACT|ZJetsToQQ_HT800toInf|ZJetsToQQ_HT-800toInf_TuneCP5_13TeV-madgraphMLM-pythia8|1
EXACT|WJetsToLNu_HT70To100|WJetsToLNu_HT-70To100_TuneCP5_13TeV-madgraphMLM-pythia8|2
EXACT|WJetsToLNu_HT100To200|WJetsToLNu_HT-100To200_TuneCP5_13TeV-madgraphMLM-pythia8|2
EXACT|WJetsToLNu_HT200To400|WJetsToLNu_HT-200To400_TuneCP5_13TeV-madgraphMLM-pythia8|2
EXACT|WJetsToLNu_HT400To600|WJetsToLNu_HT-400To600_TuneCP5_13TeV-madgraphMLM-pythia8|2
EXACT|WJetsToLNu_HT600To800|WJetsToLNu_HT-600To800_TuneCP5_13TeV-madgraphMLM-pythia8|2
EXACT|WJetsToLNu_HT800To1200|WJetsToLNu_HT-800To1200_TuneCP5_13TeV-madgraphMLM-pythia8|2
EXACT|WJetsToLNu_HT1200To2500|WJetsToLNu_HT-1200To2500_TuneCP5_13TeV-madgraphMLM-pythia8|2
EXACT|WJetsToLNu_HT2500ToInf|WJetsToLNu_HT-2500ToInf_TuneCP5_13TeV-madgraphMLM-pythia8|2
EXACT|DYJetsToLL_M50_HT70to100|DYJetsToLL_M-50_HT-70to100_TuneCP5_PSweights_13TeV-madgraphMLM-pythia8|1
EXACT|DYJetsToLL_M50_HT100to200|DYJetsToLL_M-50_HT-100to200_TuneCP5_PSweights_13TeV-madgraphMLM-pythia8|1
EXACT|DYJetsToLL_M50_HT200to400|DYJetsToLL_M-50_HT-200to400_TuneCP5_PSweights_13TeV-madgraphMLM-pythia8|1
EXACT|DYJetsToLL_M50_HT400to600|DYJetsToLL_M-50_HT-400to600_TuneCP5_PSweights_13TeV-madgraphMLM-pythia8|1
EXACT|DYJetsToLL_M50_HT600to800|DYJetsToLL_M-50_HT-600to800_TuneCP5_PSweights_13TeV-madgraphMLM-pythia8|1
EXACT|DYJetsToLL_M50_HT800to1200|DYJetsToLL_M-50_HT-800to1200_TuneCP5_PSweights_13TeV-madgraphMLM-pythia8|1
EXACT|DYJetsToLL_M50_HT1200to2500|DYJetsToLL_M-50_HT-1200to2500_TuneCP5_PSweights_13TeV-madgraphMLM-pythia8|1
EXACT|DYJetsToLL_M50_HT2500toInf|DYJetsToLL_M-50_HT-2500toInf_TuneCP5_PSweights_13TeV-madgraphMLM-pythia8|1
EXACT|DYJetsToLL_M-10to50_TuneCP5_madgraphMLM|DYJetsToLL_M-10to50_TuneCP5_13TeV-madgraphMLM-pythia8|1
EXACT|DYJetsToLL_M-50_TuneCP5_amcatnloFXFX|DYJetsToLL_M-50_TuneCP5_13TeV-amcatnloFXFX-pythia8|3
EXACT|DYJetsToLL_M-50_TuneCP5_madgraphMLM_ext1-v1|DYJetsToLL_M-50_TuneCP5_13TeV-madgraphMLM-pythia8|1
EXACT|QCD_HT1000to1500_TuneCP5_PSWeights_madgraph|QCD_HT1000to1500_TuneCP5_PSWeights_13TeV-madgraph-pythia8|1
EXACT|QCD_HT1500to2000_TuneCP5_PSWeights_madgraph|QCD_HT1500to2000_TuneCP5_PSWeights_13TeV-madgraph-pythia8|1
EXACT|QCD_HT2000toInf_TuneCP5_PSWeights_madgraph|QCD_HT2000toInf_TuneCP5_PSWeights_13TeV-madgraph-pythia8|1
EXACT|QCD_HT500to700_TuneCP5_PSWeights_madgraph|QCD_HT500to700_TuneCP5_PSWeights_13TeV-madgraph-pythia8|1
EXACT|QCD_HT700to1000_TuneCP5_PSWeights_madgraph|QCD_HT700to1000_TuneCP5_PSWeights_13TeV-madgraph-pythia8|1
EXACT|QCD_Pt-1000_MuEnrichedPt5_TuneCP5_pythia8|QCD_Pt-1000_MuEnrichedPt5_TuneCP5_13TeV-pythia8|1
EXACT|QCD_Pt-120To170_MuEnrichedPt5_TuneCP5_pythia8|QCD_Pt-120To170_MuEnrichedPt5_TuneCP5_13TeV-pythia8|1
EXACT|QCD_Pt-120to170_EMEnriched_TuneCP5_pythia8|QCD_Pt-120to170_EMEnriched_TuneCP5_13TeV-pythia8|1
EXACT|QCD_Pt-15To20_MuEnrichedPt5_TuneCP5_pythia8|QCD_Pt-15To20_MuEnrichedPt5_TuneCP5_13TeV-pythia8|1
EXACT|QCD_Pt-15to20_EMEnriched_TuneCP5_pythia8|QCD_Pt-15to20_EMEnriched_TuneCP5_13TeV-pythia8|1
EXACT|QCD_Pt-170To300_MuEnrichedPt5_TuneCP5_pythia8|QCD_Pt-170To300_MuEnrichedPt5_TuneCP5_13TeV-pythia8|1
EXACT|QCD_Pt-170to300_EMEnriched_TuneCP5_pythia8|QCD_Pt-170to300_EMEnriched_TuneCP5_13TeV-pythia8|1
EXACT|QCD_Pt-20To30_MuEnrichedPt5_TuneCP5_pythia8|QCD_Pt-20To30_MuEnrichedPt5_TuneCP5_13TeV-pythia8|1
EXACT|QCD_Pt-20_MuEnrichedPt15_TuneCP5_pythia8|QCD_Pt-20_MuEnrichedPt15_TuneCP5_13TeV-pythia8|3
EXACT|QCD_Pt-20to30_EMEnriched_TuneCP5_pythia8|QCD_Pt-20to30_EMEnriched_TuneCP5_13TeV-pythia8|1
EXACT|QCD_Pt-300To470_MuEnrichedPt5_TuneCP5_pythia8|QCD_Pt-300To470_MuEnrichedPt5_TuneCP5_13TeV-pythia8|1
EXACT|QCD_Pt-300toInf_EMEnriched_TuneCP5_pythia8|QCD_Pt-300toInf_EMEnriched_TuneCP5_13TeV-pythia8|1
EXACT|QCD_Pt-30To50_MuEnrichedPt5_TuneCP5_pythia8|QCD_Pt-30To50_MuEnrichedPt5_TuneCP5_13TeV-pythia8|1
EXACT|QCD_Pt-30_MuEnrichedPt4_TuneCP5_13TeV_pythia8|QCD_Pt-30_MuEnrichedPt4_TuneCP5_13TeV_pythia8|1
EXACT|QCD_Pt-30to40_DoubleEMEnriched_MGG-80toInf_TuneCP5_pythia8|QCD_Pt-30to40_DoubleEMEnriched_MGG-80toInf_TuneCP5_13TeV-pythia8|1
EXACT|QCD_Pt-30to50_EMEnriched_TuneCP5_pythia8|QCD_Pt-30to50_EMEnriched_TuneCP5_13TeV-pythia8|1
EXACT|QCD_Pt-30toInf_DoubleEMEnriched_MGG-40to80_TuneCP5_pythia8|QCD_Pt-30toInf_DoubleEMEnriched_MGG-40to80_TuneCP5_13TeV-pythia8|1
EXACT|QCD_Pt-40ToInf_DoubleEMEnriched_MGG-80ToInf_TuneCP5_pythia8|QCD_Pt-40ToInf_DoubleEMEnriched_MGG-80ToInf_TuneCP5_13TeV-pythia8|1
EXACT|QCD_Pt-470To600_MuEnrichedPt5_TuneCP5_pythia8|QCD_Pt-470To600_MuEnrichedPt5_TuneCP5_13TeV-pythia8|1
EXACT|QCD_Pt-50To80_MuEnrichedPt5_TuneCP5_pythia8|QCD_Pt-50To80_MuEnrichedPt5_TuneCP5_13TeV-pythia8|1
EXACT|QCD_Pt-50to80_EMEnriched_TuneCP5_pythia8|QCD_Pt-50to80_EMEnriched_TuneCP5_13TeV-pythia8|1
EXACT|QCD_Pt-600To800_MuEnrichedPt5_TuneCP5_pythia8|QCD_Pt-600To800_MuEnrichedPt5_TuneCP5_13TeV-pythia8|1
EXACT|QCD_Pt-800To1000_MuEnrichedPt5_TuneCP5_pythia8|QCD_Pt-800To1000_MuEnrichedPt5_TuneCP5_13TeV-pythia8|1
EXACT|QCD_Pt-80To120_MuEnrichedPt5_TuneCP5_pythia8|QCD_Pt-80To120_MuEnrichedPt5_TuneCP5_13TeV-pythia8|1
EXACT|QCD_Pt-80to120_EMEnriched_TuneCP5_pythia8|QCD_Pt-80to120_EMEnriched_TuneCP5_13TeV-pythia8|1
EXACT|QCD_Pt_1000to1400_TuneCP5_13TeV_pythia8|QCD_Pt_1000to1400_TuneCP5_13TeV_pythia8|1
EXACT|QCD_Pt_120to170_TuneCP5_13TeV_pythia8|QCD_Pt_120to170_TuneCP5_13TeV_pythia8|1
EXACT|QCD_Pt_1400to1800_TuneCP5_13TeV_pythia8|QCD_Pt_1400to1800_TuneCP5_13TeV_pythia8|1
EXACT|QCD_Pt_15to30_TuneCP5_13TeV_pythia8|QCD_Pt_15to30_TuneCP5_13TeV_pythia8|1
EXACT|QCD_Pt_170to300_TuneCP5_13TeV_pythia8|QCD_Pt_170to300_TuneCP5_13TeV_pythia8|1
EXACT|QCD_Pt_1800to2400_TuneCP5_13TeV_pythia8|QCD_Pt_1800to2400_TuneCP5_13TeV_pythia8|1
EXACT|QCD_Pt_2400to3200_TuneCP5_13TeV_pythia8|QCD_Pt_2400to3200_TuneCP5_13TeV_pythia8|1
EXACT|QCD_Pt_300to470_TuneCP5_13TeV_pythia8|QCD_Pt_300to470_TuneCP5_13TeV_pythia8|1
EXACT|QCD_Pt_30to50_TuneCP5_13TeV_pythia8|QCD_Pt_30to50_TuneCP5_13TeV_pythia8|1
EXACT|QCD_Pt_3200toInf_TuneCP5_13TeV_pythia8|QCD_Pt_3200toInf_TuneCP5_13TeV_pythia8|2
EXACT|QCD_Pt_470to600_TuneCP5_13TeV_pythia8|QCD_Pt_470to600_TuneCP5_13TeV_pythia8|1
EXACT|QCD_Pt_50to80_TuneCP5_13TeV_pythia8|QCD_Pt_50to80_TuneCP5_13TeV_pythia8|1
EXACT|QCD_Pt_600to800_TuneCP5_13TeV_pythia8|QCD_Pt_600to800_TuneCP5_13TeV_pythia8|1
EXACT|QCD_Pt_800to1000_TuneCP5_13TeV_pythia8|QCD_Pt_800to1000_TuneCP5_13TeV_pythia8|1
EXACT|QCD_Pt_80to120_TuneCP5_13TeV_pythia8|QCD_Pt_80to120_TuneCP5_13TeV_pythia8|1
EXACT|ST_s-channel_4f_leptonDecays_TuneCP5_amcatnlo|ST_s-channel_4f_leptonDecays_TuneCP5_13TeV-amcatnlo-pythia8|1
EXACT|ST_t-channel_antitop_4f_InclusiveDecays_TuneCP5_powheg-madspin|ST_t-channel_antitop_4f_InclusiveDecays_TuneCP5_13TeV-powheg-madspin-pythia8|1
EXACT|ST_tW_antitop_5f_NoFullyHadronicDecays_TuneCP5_13TeV_PDFWeights-powheg|ST_tW_antitop_5f_NoFullyHadronicDecays_TuneCP5_13TeV_PDFWeights-powheg-pythia8|1
EXACT|ST_tW_antitop_5f_NoFullyHadronicDecays_TuneCP5_powheg|ST_tW_antitop_5f_NoFullyHadronicDecays_TuneCP5_13TeV-powheg-pythia8|1
EXACT|TTJets_TuneCP5_amcatnloFXFX|TTJets_TuneCP5_13TeV-amcatnloFXFX-pythia8|1
EXACT|TTJets_TuneCP5_madgraphMLM|TTJets_TuneCP5_13TeV-madgraphMLM-pythia8|1
EXACT|TTWJetsToLNu_TuneCP5_amcatnloFXFX-madspin|TTWJetsToLNu_TuneCP5_13TeV-amcatnloFXFX-madspin-pythia8|1
EXACT|TTZToLLNuNu_M-10_TuneCP5_amcatnlo|TTZToLLNuNu_M-10_TuneCP5_13TeV-amcatnlo-pythia8|1
EXACT|TTZToQQ_TuneCP5_amcatnlo|TTZToQQ_TuneCP5_13TeV-amcatnlo-pythia8|1
EXACT|WJetsToLNu_TuneCP5_madgraphMLM|WJetsToLNu_TuneCP5_13TeV-madgraphMLM-pythia8|2
EXACT|WW_TuneCP5_pythia8|WW_TuneCP5_13TeV-pythia8|1
EXACT|WZ_TuneCP5_pythia8|WZ_TuneCP5_13TeV-pythia8|1
EXACT|ZZ_TuneCP5_pythia8|ZZ_TuneCP5_13TeV-pythia8|1
EXACT|DYJetsToLL_M-10to50_TuneCP5_amcatnloFXFX|DYJetsToLL_M-10to50_TuneCP5_13TeV-amcatnloFXFX-pythia8|1
EXACT|DYJetsToLL_M-50_TuneCP5_madgraphMLM|DYJetsToLL_M-50_TuneCP5_13TeV-madgraphMLM-pythia8|1
EXACT|QCD_HT100to200_TuneCP5_PSWeights_madgraph|QCD_HT100to200_TuneCP5_PSWeights_13TeV-madgraph-pythia8|1
EXACT|QCD_HT200to300_TuneCP5_PSWeights_madgraph|QCD_HT200to300_TuneCP5_PSWeights_13TeV-madgraph-pythia8|1
EXACT|QCD_HT300to500_TuneCP5_PSWeights_madgraph|QCD_HT300to500_TuneCP5_PSWeights_13TeV-madgraph-pythia8|1
EXACT|ST_t-channel_top_4f_InclusiveDecays_TuneCP5_powheg-madspin|ST_t-channel_top_4f_InclusiveDecays_TuneCP5_13TeV-powheg-madspin-pythia8|1
EXACT|ST_tW_top_5f_NoFullyHadronicDecays_TuneCP5_powheg|ST_tW_top_5f_NoFullyHadronicDecays_TuneCP5_13TeV-powheg-pythia8|1
EXACT|TTTo2L2Nu_TuneCP5_powheg|TTTo2L2Nu_TuneCP5_13TeV-powheg-pythia8|3
EXACT|TTToHadronic_TuneCP5_powheg|TTToHadronic_TuneCP5_13TeV-powheg-pythia8|1
EXACT|TTToSemiLeptonic_TuneCP5_powheg|TTToSemiLeptonic_TuneCP5_13TeV-powheg-pythia8|1
EXACT|TTWJetsToQQ_TuneCP5_amcatnloFXFX-madspin|TTWJetsToQQ_TuneCP5_13TeV-amcatnloFXFX-madspin-pythia8|1
EXACT|TTZToQQ_TuneCP5_13TeV_amcatnlo|TTZToQQ_TuneCP5_13TeV_amcatnlo-pythia8|1
EXACT|WJetsToLNu_TuneCP5_amcatnloFXFX|WJetsToLNu_TuneCP5_13TeV-amcatnloFXFX-pythia8|1
### match report written: /afs/cern.ch/user/j/junghyun/CMSSW_14_2_1/src/NtupleForge/script/das_inventory_ul16post_miniaodv2_20260916_0857.tsv.match.txt
### datasets to query for details: 136
DS|/DYJetsToLL_M-10to50_TuneCP5_13TeV-amcatnloFXFX-pythia8/RunIISummer20UL16MiniAODv2-106X_mcRun2_asymptotic_v17-v2/MINIAODSIM|VALID|49267069|796|1.965|2022-10-06
DS|/DYJetsToLL_M-10to50_TuneCP5_13TeV-madgraphMLM-pythia8/RunIISummer20UL16MiniAODv2-106X_mcRun2_asymptotic_v17-v1/MINIAODSIM|VALID|23706672|217|0.737|2021-11-28
DS|/DYJetsToLL_M-50_HT-100to200_TuneCP5_PSweights_13TeV-madgraphMLM-pythia8/RunIISummer20UL16MiniAODv2-106X_mcRun2_asymptotic_v17-v2/MINIAODSIM|VALID|8316351|129|0.394|2021-09-04
DS|/DYJetsToLL_M-50_HT-1200to2500_TuneCP5_PSweights_13TeV-madgraphMLM-pythia8/RunIISummer20UL16MiniAODv2-106X_mcRun2_asymptotic_v17-v2/MINIAODSIM|VALID|1970857|43|0.142|2021-09-13
DS|/DYJetsToLL_M-50_HT-200to400_TuneCP5_PSweights_13TeV-madgraphMLM-pythia8/RunIISummer20UL16MiniAODv2-106X_mcRun2_asymptotic_v17-v2/MINIAODSIM|VALID|5653782|108|0.304|2021-09-04
DS|/DYJetsToLL_M-50_HT-2500toInf_TuneCP5_PSweights_13TeV-madgraphMLM-pythia8/RunIISummer20UL16MiniAODv2-106X_mcRun2_asymptotic_v17-v2/MINIAODSIM|VALID|696811|36|0.056|2021-09-08
DS|/DYJetsToLL_M-50_HT-400to600_TuneCP5_PSweights_13TeV-madgraphMLM-pythia8/RunIISummer20UL16MiniAODv2-106X_mcRun2_asymptotic_v17-v2/MINIAODSIM|VALID|2491416|61|0.151|2021-10-21
DS|/DYJetsToLL_M-50_HT-600to800_TuneCP5_PSweights_13TeV-madgraphMLM-pythia8/RunIISummer20UL16MiniAODv2-106X_mcRun2_asymptotic_v17-v2/MINIAODSIM|VALID|2299853|47|0.149|2021-09-10
DS|/DYJetsToLL_M-50_HT-70to100_TuneCP5_PSweights_13TeV-madgraphMLM-pythia8/RunIISummer20UL16MiniAODv2-106X_mcRun2_asymptotic_v17-v2/MINIAODSIM|VALID|5893910|94|0.269|2021-09-03
DS|/DYJetsToLL_M-50_HT-800to1200_TuneCP5_PSweights_13TeV-madgraphMLM-pythia8/RunIISummer20UL16MiniAODv2-106X_mcRun2_asymptotic_v17-v2/MINIAODSIM|VALID|2393976|65|0.163|2021-09-04
DS|/DYJetsToLL_M-50_TuneCP5_13TeV-amcatnloFXFX-pythia8/RunIISummer20UL16MiniAODv2-106X_mcRun2_asymptotic_v17-v1/MINIAODSIM|VALID|73859224|822|2.797|2021-11-03
DS|/DYJetsToLL_M-50_TuneCP5_13TeV-amcatnloFXFX-pythia8/RunIISummer20UL16MiniAODv2-PilotMuonHits_106X_mcRun2_asymptotic_v17-v2/MINIAODSIM|VALID|10074|7|0.001|2023-12-02
DS|/DYJetsToLL_M-50_TuneCP5_13TeV-amcatnloFXFX-pythia8/RunIISummer20UL16MiniAODv2-Pilot_106X_mcRun2_asymptotic_v17-v1/MINIAODSIM|VALID|102477|8|0.004|2021-05-25
DS|/DYJetsToLL_M-50_TuneCP5_13TeV-madgraphMLM-pythia8/RunIISummer20UL16MiniAODv2-106X_mcRun2_asymptotic_v17-v1/MINIAODSIM|VALID|82448537|933|3.154|2021-11-28
DS|/QCD_HT1000to1500_TuneCP5_PSWeights_13TeV-madgraph-pythia8/RunIISummer20UL16MiniAODv2-106X_mcRun2_asymptotic_v17-v1/MINIAODSIM|VALID|4365993|100|0.256|2021-11-09
DS|/QCD_HT100to200_TuneCP5_PSWeights_13TeV-madgraph-pythia8/RunIISummer20UL16MiniAODv2-106X_mcRun2_asymptotic_v17-v1/MINIAODSIM|VALID|23717410|279|0.861|2021-11-06
DS|/QCD_HT1500to2000_TuneCP5_PSWeights_13TeV-madgraph-pythia8/RunIISummer20UL16MiniAODv2-106X_mcRun2_asymptotic_v17-v1/MINIAODSIM|VALID|3217830|92|0.204|2021-11-06
DS|/QCD_HT2000toInf_TuneCP5_PSWeights_13TeV-madgraph-pythia8/RunIISummer20UL16MiniAODv2-106X_mcRun2_asymptotic_v17-v1/MINIAODSIM|VALID|1847781|51|0.125|2021-11-05
DS|/QCD_HT200to300_TuneCP5_PSWeights_13TeV-madgraph-pythia8/RunIISummer20UL16MiniAODv2-106X_mcRun2_asymptotic_v17-v1/MINIAODSIM|VALID|17569141|201|0.721|2021-11-15
DS|/QCD_HT300to500_TuneCP5_PSWeights_13TeV-madgraph-pythia8/RunIISummer20UL16MiniAODv2-106X_mcRun2_asymptotic_v17-v1/MINIAODSIM|VALID|16747056|202|0.761|2021-11-14
DS|/QCD_HT500to700_TuneCP5_PSWeights_13TeV-madgraph-pythia8/RunIISummer20UL16MiniAODv2-106X_mcRun2_asymptotic_v17-v1/MINIAODSIM|VALID|15222746|350|0.774|2021-10-21
DS|/QCD_HT700to1000_TuneCP5_PSWeights_13TeV-madgraph-pythia8/RunIISummer20UL16MiniAODv2-106X_mcRun2_asymptotic_v17-v1/MINIAODSIM|VALID|13905714|327|0.768|2021-11-04
DS|/QCD_Pt-1000_MuEnrichedPt5_TuneCP5_13TeV-pythia8/RunIISummer20UL16MiniAODv2-106X_mcRun2_asymptotic_v17-v1/MINIAODSIM|VALID|14243204|339|0.920|2021-06-04
DS|/QCD_Pt-120To170_MuEnrichedPt5_TuneCP5_13TeV-pythia8/RunIISummer20UL16MiniAODv2-106X_mcRun2_asymptotic_v17-v1/MINIAODSIM|VALID|19772747|236|0.866|2021-06-04
DS|/QCD_Pt-120to170_EMEnriched_TuneCP5_13TeV-pythia8/RunIISummer20UL16MiniAODv2-106X_mcRun2_asymptotic_v17-v2/MINIAODSIM|VALID|5007347|59|0.200|2021-10-22
DS|/QCD_Pt-15To20_MuEnrichedPt5_TuneCP5_13TeV-pythia8/RunIISummer20UL16MiniAODv2-106X_mcRun2_asymptotic_v17-v2/MINIAODSIM|VALID|4529975|54|0.144|2021-08-04
DS|/QCD_Pt-15to20_EMEnriched_TuneCP5_13TeV-pythia8/RunIISummer20UL16MiniAODv2-106X_mcRun2_asymptotic_v17-v1/MINIAODSIM|VALID|4026314|81|0.121|2022-02-14
DS|/QCD_Pt-170To300_MuEnrichedPt5_TuneCP5_13TeV-pythia8/RunIISummer20UL16MiniAODv2-106X_mcRun2_asymptotic_v17-v1/MINIAODSIM|VALID|34290911|782|1.646|2021-06-04
DS|/QCD_Pt-170to300_EMEnriched_TuneCP5_13TeV-pythia8/RunIISummer20UL16MiniAODv2-106X_mcRun2_asymptotic_v17-v2/MINIAODSIM|VALID|1861129|24|0.081|2021-10-13
DS|/QCD_Pt-20To30_MuEnrichedPt5_TuneCP5_13TeV-pythia8/RunIISummer20UL16MiniAODv2-106X_mcRun2_asymptotic_v17-v1/MINIAODSIM|VALID|30853571|344|1.001|2021-07-16
DS|/QCD_Pt-20_MuEnrichedPt15_TuneCP5_13TeV-pythia8/RunIISummer20UL16MiniAODv2-106X_mcRun2_asymptotic_v17-v2/MINIAODSIM|VALID|8884250|102|0.319|2021-11-07
DS|/QCD_Pt-20_MuEnrichedPt15_TuneCP5_13TeV-pythia8/RunIISummer20UL16MiniAODv2-106X_mcRun2_asymptotic_v17_ext1-v2/MINIAODSIM|VALID|40584743|1104|1.946|2024-01-25
DS|/QCD_Pt-20_MuEnrichedPt15_TuneCP5_13TeV-pythia8/RunIISummer20UL16MiniAODv2-106X_mcRun2_asymptotic_v17_ext2-v2/MINIAODSIM|VALID|212511764|4902|10.134|2024-03-04
DS|/QCD_Pt-20to30_EMEnriched_TuneCP5_13TeV-pythia8/RunIISummer20UL16MiniAODv2-106X_mcRun2_asymptotic_v17-v2/MINIAODSIM|VALID|7134788|105|0.221|2021-12-30
DS|/QCD_Pt-300To470_MuEnrichedPt5_TuneCP5_13TeV-pythia8/RunIISummer20UL16MiniAODv2-106X_mcRun2_asymptotic_v17-v1/MINIAODSIM|VALID|29908653|688|1.594|2021-06-05
DS|/QCD_Pt-300toInf_EMEnriched_TuneCP5_13TeV-pythia8/RunIISummer20UL16MiniAODv2-106X_mcRun2_asymptotic_v17-v2/MINIAODSIM|VALID|1138742|23|0.055|2021-10-01
DS|/QCD_Pt-30To50_MuEnrichedPt5_TuneCP5_13TeV-pythia8/RunIISummer20UL16MiniAODv2-106X_mcRun2_asymptotic_v17-v1/MINIAODSIM|VALID|35474172|424|1.210|2021-06-03
DS|/QCD_Pt-30_MuEnrichedPt4_TuneCP5_13TeV_pythia8/RunIISummer20UL16MiniAODv2-106X_mcRun2_asymptotic_v17-v1/MINIAODSIM|VALID|21335910|253|0.747|2021-06-04
DS|/QCD_Pt-30to40_DoubleEMEnriched_MGG-80toInf_TuneCP5_13TeV-pythia8/RunIISummer20UL16MiniAODv2-106X_mcRun2_asymptotic_v17-v1/MINIAODSIM|VALID|1982850|76|0.068|2022-07-13
DS|/QCD_Pt-30to50_EMEnriched_TuneCP5_13TeV-pythia8/RunIISummer20UL16MiniAODv2-106X_mcRun2_asymptotic_v17-v2/MINIAODSIM|VALID|4351014|39|0.139|2021-10-01
DS|/QCD_Pt-30toInf_DoubleEMEnriched_MGG-40to80_TuneCP5_13TeV-pythia8/RunIISummer20UL16MiniAODv2-106X_mcRun2_asymptotic_v17-v2/MINIAODSIM|VALID|4537039|133|0.210|2022-07-07
DS|/QCD_Pt-40ToInf_DoubleEMEnriched_MGG-80ToInf_TuneCP5_13TeV-pythia8/RunIISummer20UL16MiniAODv2-106X_mcRun2_asymptotic_v17-v2/MINIAODSIM|VALID|4742487|125|0.236|2022-04-22
DS|/QCD_Pt-470To600_MuEnrichedPt5_TuneCP5_13TeV-pythia8/RunIISummer20UL16MiniAODv2-106X_mcRun2_asymptotic_v17-v1/MINIAODSIM|VALID|19771458|448|1.126|2021-06-04
DS|/QCD_Pt-50To80_MuEnrichedPt5_TuneCP5_13TeV-pythia8/RunIISummer20UL16MiniAODv2-106X_mcRun2_asymptotic_v17-v1/MINIAODSIM|VALID|21491325|253|0.795|2021-06-03
DS|/QCD_Pt-50to80_EMEnriched_TuneCP5_13TeV-pythia8/RunIISummer20UL16MiniAODv2-106X_mcRun2_asymptotic_v17-v2/MINIAODSIM|VALID|5443934|63|0.187|2021-09-30
DS|/QCD_Pt-600To800_MuEnrichedPt5_TuneCP5_13TeV-pythia8/RunIISummer20UL16MiniAODv2-106X_mcRun2_asymptotic_v17-v1/MINIAODSIM|VALID|18763139|449|1.114|2021-06-05
DS|/QCD_Pt-800To1000_MuEnrichedPt5_TuneCP5_13TeV-pythia8/RunIISummer20UL16MiniAODv2-106X_mcRun2_asymptotic_v17-v1/MINIAODSIM|VALID|38921526|906|2.407|2021-06-03
DS|/QCD_Pt-80To120_MuEnrichedPt5_TuneCP5_13TeV-pythia8/RunIISummer20UL16MiniAODv2-106X_mcRun2_asymptotic_v17-v1/MINIAODSIM|VALID|22005632|283|0.889|2021-06-03
DS|/QCD_Pt-80to120_EMEnriched_TuneCP5_13TeV-pythia8/RunIISummer20UL16MiniAODv2-106X_mcRun2_asymptotic_v17-v2/MINIAODSIM|VALID|4804788|59|0.179|2021-09-30
DS|/QCD_Pt_1000to1400_TuneCP5_13TeV_pythia8/RunIISummer20UL16MiniAODv2-106X_mcRun2_asymptotic_v17-v1/MINIAODSIM|VALID|19892000|440|1.112|2021-06-09
DS|/QCD_Pt_120to170_TuneCP5_13TeV_pythia8/RunIISummer20UL16MiniAODv2-106X_mcRun2_asymptotic_v17-v1/MINIAODSIM|VALID|27348000|319|1.053|2021-06-10
DS|/QCD_Pt_1400to1800_TuneCP5_13TeV_pythia8/RunIISummer20UL16MiniAODv2-106X_mcRun2_asymptotic_v17-v1/MINIAODSIM|VALID|10722000|248|0.629|2021-06-10
DS|/QCD_Pt_15to30_TuneCP5_13TeV_pythia8/RunIISummer20UL16MiniAODv2-106X_mcRun2_asymptotic_v17-v1/MINIAODSIM|VALID|19298000|165|0.530|2021-06-10
DS|/QCD_Pt_170to300_TuneCP5_13TeV_pythia8/RunIISummer20UL16MiniAODv2-106X_mcRun2_asymptotic_v17-v1/MINIAODSIM|VALID|29926000|342|1.263|2021-06-10
DS|/QCD_Pt_1800to2400_TuneCP5_13TeV_pythia8/RunIISummer20UL16MiniAODv2-106X_mcRun2_asymptotic_v17-v1/MINIAODSIM|VALID|5236000|121|0.321|2021-06-09
DS|/QCD_Pt_2400to3200_TuneCP5_13TeV_pythia8/RunIISummer20UL16MiniAODv2-106X_mcRun2_asymptotic_v17-v1/MINIAODSIM|VALID|2848000|76|0.185|2021-06-09
DS|/QCD_Pt_300to470_TuneCP5_13TeV_pythia8/RunIISummer20UL16MiniAODv2-106X_mcRun2_asymptotic_v17-v1/MINIAODSIM|VALID|55264000|1139|2.584|2021-06-09
DS|/QCD_Pt_30to50_TuneCP5_13TeV_pythia8/RunIISummer20UL16MiniAODv2-106X_mcRun2_asymptotic_v17-v1/MINIAODSIM|VALID|19204000|184|0.571|2021-07-06
DS|/QCD_Pt_3200toInf_TuneCP5_13TeV_pythia8/RunIISummer20UL16MiniAODv2-106X_mcRun2_asymptotic_v17-v1/MINIAODSIM|VALID|996000|28|0.068|2021-06-11
DS|/QCD_Pt_3200toInf_TuneCP5_13TeV_pythia8/RunIISummer20UL16MiniAODv2-pilot_106X_mcRun2_asymptotic_v17-v1/MINIAODSIM|VALID|20000|1|0.001|2021-06-08
DS|/QCD_Pt_470to600_TuneCP5_13TeV_pythia8/RunIISummer20UL16MiniAODv2-106X_mcRun2_asymptotic_v17-v1/MINIAODSIM|VALID|52408000|1142|2.613|2021-06-10
DS|/QCD_Pt_50to80_TuneCP5_13TeV_pythia8/RunIISummer20UL16MiniAODv2-106X_mcRun2_asymptotic_v17-v1/MINIAODSIM|VALID|19776000|216|0.641|2021-06-09
DS|/QCD_Pt_600to800_TuneCP5_13TeV_pythia8/RunIISummer20UL16MiniAODv2-106X_mcRun2_asymptotic_v17-v1/MINIAODSIM|VALID|65088000|1431|3.372|2021-06-10
DS|/QCD_Pt_800to1000_TuneCP5_13TeV_pythia8/RunIISummer20UL16MiniAODv2-106X_mcRun2_asymptotic_v17-v1/MINIAODSIM|VALID|37782000|834|2.036|2021-06-10
DS|/QCD_Pt_80to120_TuneCP5_13TeV_pythia8/RunIISummer20UL16MiniAODv2-106X_mcRun2_asymptotic_v17-v1/MINIAODSIM|VALID|29938000|333|1.063|2021-06-09
DS|/ST_s-channel_4f_hadronicDecays_TuneCP5_13TeV-amcatnlo-pythia8/RunIISummer20UL16MiniAODv2-106X_mcRun2_asymptotic_v17-v2/MINIAODSIM|VALID|5300000|110|0.269|2022-04-18
DS|/ST_s-channel_4f_leptonDecays_TuneCP5_13TeV-amcatnlo-pythia8/RunIISummer20UL16MiniAODv2-106X_mcRun2_asymptotic_v17-v1/MINIAODSIM|VALID|5471000|84|0.238|2021-11-28
DS|/ST_t-channel_antitop_4f_InclusiveDecays_TuneCP5_13TeV-powheg-madspin-pythia8/RunIISummer20UL16MiniAODv2-106X_mcRun2_asymptotic_v17-v3/MINIAODSIM|VALID|30609000|526|1.282|2021-07-10
DS|/ST_t-channel_top_4f_InclusiveDecays_TuneCP5_13TeV-powheg-madspin-pythia8/RunIISummer20UL16MiniAODv2-106X_mcRun2_asymptotic_v17-v3/MINIAODSIM|VALID|63073000|990|2.627|2021-07-03
DS|/ST_tW_antitop_5f_NoFullyHadronicDecays_TuneCP5_13TeV-powheg-pythia8/RunIISummer20UL16MiniAODv2-106X_mcRun2_asymptotic_v17-v1/MINIAODSIM|VALID|3654510|90|0.171|2021-06-06
DS|/ST_tW_antitop_5f_NoFullyHadronicDecays_TuneCP5_13TeV_PDFWeights-powheg-pythia8/RunIISummer20UL16MiniAODv2-106X_mcRun2_asymptotic_v17-v1/MINIAODSIM|VALID|4002310|67|0.188|2022-02-14
DS|/ST_tW_antitop_5f_inclusiveDecays_TuneCP5_13TeV-powheg-pythia8/RunIISummer20UL16MiniAODv2-106X_mcRun2_asymptotic_v17-v2/MINIAODSIM|VALID|2554000|48|0.121|2021-08-06
DS|/ST_tW_top_5f_NoFullyHadronicDecays_TuneCP5_13TeV-powheg-pythia8/RunIISummer20UL16MiniAODv2-106X_mcRun2_asymptotic_v17-v1/MINIAODSIM|VALID|3368375|56|0.157|2021-10-02
DS|/ST_tW_top_5f_inclusiveDecays_TuneCP5_13TeV-powheg-pythia8/RunIISummer20UL16MiniAODv2-106X_mcRun2_asymptotic_v17-v2/MINIAODSIM|VALID|2491000|48|0.118|2021-08-05
DS|/THQ_ctcvcp_4f_Hincl_TuneCP5_13TeV_madgraph_pythia8/RunIISummer20UL16MiniAODv2-106X_mcRun2_asymptotic_v17-v2/MINIAODSIM|VALID|14939986|291|0.842|2021-10-25
DS|/THW_ctcvcp_5f_Hincl_TuneCP5_13TeV_madgraph_pythia8/RunIISummer20UL16MiniAODv2-106X_mcRun2_asymptotic_v17-v2/MINIAODSIM|VALID|7484000|235|0.575|2022-03-17
DS|/TT4b_TuneCP5_13TeV_madgraph_pythia8/RunIISummer20UL16MiniAODv2-106X_mcRun2_asymptotic_v17-v2/MINIAODSIM|VALID|4848000|90|0.330|2021-10-25
DS|/TTHHTo4b_TuneCP5_13TeV-madgraph-pythia8/RunIISummer20UL16MiniAODv2-106X_mcRun2_asymptotic_v17-v2/MINIAODSIM|VALID|4798000|177|0.361|2021-12-28
DS|/TTJets_TuneCP5_13TeV-amcatnloFXFX-pythia8/RunIISummer20UL16MiniAODv2-106X_mcRun2_asymptotic_v17-v1/MINIAODSIM|VALID|90609841|1970|4.905|2021-11-28
DS|/TTJets_TuneCP5_13TeV-madgraphMLM-pythia8/RunIISummer20UL16MiniAODv2-106X_mcRun2_asymptotic_v17-v2/MINIAODSIM|VALID|5068919|155|0.380|2022-03-31
DS|/TTTT_TuneCP5_13TeV-amcatnlo-pythia8/RunIISummer20UL16MiniAODv2-106X_mcRun2_asymptotic_v17-v2/MINIAODSIM|VALID|4602000|152|0.380|2021-10-05
DS|/TTTW_TuneCP5_13TeV-madgraph-pythia8/RunIISummer20UL16MiniAODv2-106X_mcRun2_asymptotic_v17-v2/MINIAODSIM|VALID|159000|19|0.013|2021-11-05
DS|/TTTo2L2Nu_TuneCP5_13TeV-powheg-pythia8/RunIISummer20UL16MiniAODv2-106X_mcRun2_asymptotic_v17-v1/MINIAODSIM|VALID|43630000|1013|2.158|2021-06-03
DS|/TTTo2L2Nu_TuneCP5_13TeV-powheg-pythia8/RunIISummer20UL16MiniAODv2-PU35ForTRK_TRK_106X_mcRun2_asymptotic_v17-v2/MINIAODSIM|VALID|100000|5|0.008|2022-09-28
DS|/TTTo2L2Nu_TuneCP5_13TeV-powheg-pythia8/RunIISummer20UL16MiniAODv2-PU35ForTRKv2_TRKv2_106X_mcRun2_asymptotic_v17-v1/MINIAODSIM|VALID|100000|3|0.006|2022-11-08
DS|/TTToHadronic_TuneCP5_13TeV-powheg-pythia8/RunIISummer20UL16MiniAODv2-106X_mcRun2_asymptotic_v17-v1/MINIAODSIM|VALID|109380000|2434|5.561|2021-06-04
DS|/TTToSemiLeptonic_TuneCP5_13TeV-powheg-pythia8/RunIISummer20UL16MiniAODv2-106X_mcRun2_asymptotic_v17-v1/MINIAODSIM|VALID|144974000|3192|7.273|2021-06-03
DS|/TTWH_TuneCP5_13TeV-madgraph-pythia8/RunIISummer20UL16MiniAODv2-106X_mcRun2_asymptotic_v17-v2/MINIAODSIM|VALID|160000|8|0.011|2021-10-25
DS|/TTWJetsToLNu_TuneCP5_13TeV-amcatnloFXFX-madspin-pythia8/RunIISummer20UL16MiniAODv2-106X_mcRun2_asymptotic_v17-v1/MINIAODSIM|VALID|3322643|77|0.208|2021-06-04
DS|/TTWJetsToQQ_TuneCP5_13TeV-amcatnloFXFX-madspin-pythia8/RunIISummer20UL16MiniAODv2-106X_mcRun2_asymptotic_v17-v1/MINIAODSIM|VALID|308983|14|0.019|2021-06-05
DS|/TTWW_TuneCP5_13TeV-madgraph-pythia8/RunIISummer20UL16MiniAODv2-106X_mcRun2_asymptotic_v17-v1/MINIAODSIM|VALID|309000|19|0.022|2021-06-10
DS|/TTWW_TuneCP5_13TeV-madgraph-pythia8/RunIISummer20UL16MiniAODv2-106X_mcRun2_asymptotic_v17_ext1-v2/MINIAODSIM|VALID|3985552|158|0.370|2024-11-19
DS|/TTWZ_TuneCP5_13TeV-madgraph-pythia8/RunIISummer20UL16MiniAODv2-106X_mcRun2_asymptotic_v17-v1/MINIAODSIM|VALID|159000|6|0.011|2021-06-05
DS|/TTZHTo4b_TuneCP5_13TeV-madgraph-pythia8/RunIISummer20UL16MiniAODv2-106X_mcRun2_asymptotic_v17-v2/MINIAODSIM|VALID|2500000|86|0.186|2021-11-24
DS|/TTZHTo4b_TuneCP5_13TeV-madgraph-pythia8/RunIISummer20UL16MiniAODv2-106X_mcRun2_asymptotic_v17_ext1-v2/MINIAODSIM|VALID|2500000|112|0.246|2022-10-29
DS|/TTZToBB_TuneCP5_13TeV-amcatnlo-pythia8/RunIISummer20UL16MiniAODv2-106X_mcRun2_asymptotic_v17-v2/MINIAODSIM|VALID|3200000|58|0.208|2021-11-25
DS|/TTZToLLNuNu_M-10_TuneCP5_13TeV-amcatnlo-pythia8/RunIISummer20UL16MiniAODv2-106X_mcRun2_asymptotic_v17-v1/MINIAODSIM|VALID|6057000|174|0.369|2021-06-05
DS|/TTZToQQ_TuneCP5_13TeV-amcatnlo-pythia8/RunIISummer20UL16MiniAODv2-106X_mcRun2_asymptotic_v17-v1/MINIAODSIM|VALID|5401000|133|0.338|2021-06-10
DS|/TTZToQQ_TuneCP5_13TeV_amcatnlo-pythia8/RunIISummer20UL16MiniAODv2-106X_mcRun2_asymptotic_v17-v2/MINIAODSIM|VALID|27571062|878|2.392|2023-06-25
DS|/TTZZTo4b_TuneCP5_13TeV-madgraph-pythia8/RunIISummer20UL16MiniAODv2-106X_mcRun2_asymptotic_v17-v2/MINIAODSIM|VALID|2468000|55|0.180|2022-01-05
DS|/TTZZTo4b_TuneCP5_13TeV-madgraph-pythia8/RunIISummer20UL16MiniAODv2-106X_mcRun2_asymptotic_v17_ext1-v2/MINIAODSIM|VALID|2500000|109|0.241|2022-10-30
DS|/TTbb_4f_TTTo2L2Nu_TuneCP5-Powheg-Openloops-Pythia8/RunIISummer20UL16MiniAODv2-106X_mcRun2_asymptotic_v17-v1/MINIAODSIM|VALID|1571799|35|0.081|2021-06-04
DS|/TTbb_4f_TTToHadronic_TuneCP5-Powheg-Openloops-Pythia8/RunIISummer20UL16MiniAODv2-106X_mcRun2_asymptotic_v17-v1/MINIAODSIM|VALID|2597868|57|0.138|2021-06-05
DS|/TTbb_4f_TTToSemiLeptonic_TuneCP5-Powheg-Openloops-Pythia8/RunIISummer20UL16MiniAODv2-106X_mcRun2_asymptotic_v17-v1/MINIAODSIM|VALID|3337118|73|0.175|2021-06-14
DS|/TTbb_4f_TTToSemiLeptonic_TuneCP5-Powheg-Openloops-Pythia8/RunIISummer20UL16MiniAODv2-106X_mcRun2_asymptotic_v17_ext1-v2/MINIAODSIM|INVALID|0|0|0.000|2022-11-10
DS|/TTbb_4f_TTToSemiLeptonic_TuneCP5-Powheg-Openloops-Pythia8/RunIISummer20UL16MiniAODv2-106X_mcRun2_asymptotic_v17_ext1-v3/MINIAODSIM|PRODUCTION|1165412|23|0.084|2022-11-21
DS|/WJetsToLNu_HT-100To200_TuneCP5_13TeV-madgraphMLM-pythia8/RunIISummer20UL16MiniAODv2-106X_mcRun2_asymptotic_v17-v1/MINIAODSIM|VALID|19753958|252|0.833|2021-06-10
DS|/WJetsToLNu_HT-100To200_TuneCP5_13TeV-madgraphMLM-pythia8/RunIISummer20UL16MiniAODv2-106X_mcRun2_asymptotic_v17_ext1-v3/MINIAODSIM|VALID|20479332|567|1.204|2024-01-28
DS|/WJetsToLNu_HT-1200To2500_TuneCP5_13TeV-madgraphMLM-pythia8/RunIISummer20UL16MiniAODv2-106X_mcRun2_asymptotic_v17-v1/MINIAODSIM|VALID|2090561|57|0.140|2021-10-01
DS|/WJetsToLNu_HT-1200To2500_TuneCP5_13TeV-madgraphMLM-pythia8/RunIISummer20UL16MiniAODv2-106X_mcRun2_asymptotic_v17_ext2-v3/MINIAODSIM|VALID|3902685|217|0.355|2024-03-15
DS|/WJetsToLNu_HT-200To400_TuneCP5_13TeV-madgraphMLM-pythia8/RunIISummer20UL16MiniAODv2-106X_mcRun2_asymptotic_v17-v1/MINIAODSIM|VALID|15067621|346|0.735|2021-06-10
DS|/WJetsToLNu_HT-200To400_TuneCP5_13TeV-madgraphMLM-pythia8/RunIISummer20UL16MiniAODv2-106X_mcRun2_asymptotic_v17_ext1-v3/MINIAODSIM|VALID|18440960|575|1.235|2024-01-28
DS|/WJetsToLNu_HT-2500ToInf_TuneCP5_13TeV-madgraphMLM-pythia8/RunIISummer20UL16MiniAODv2-106X_mcRun2_asymptotic_v17-v2/MINIAODSIM|VALID|709514|29|0.053|2021-08-04
DS|/WJetsToLNu_HT-2500ToInf_TuneCP5_13TeV-madgraphMLM-pythia8/RunIISummer20UL16MiniAODv2-106X_mcRun2_asymptotic_v17_ext2-v3/MINIAODSIM|VALID|4287657|273|0.426|2024-01-30
DS|/WJetsToLNu_HT-400To600_TuneCP5_13TeV-madgraphMLM-pythia8/RunIISummer20UL16MiniAODv2-106X_mcRun2_asymptotic_v17-v1/MINIAODSIM|VALID|2115509|72|0.118|2021-06-10
DS|/WJetsToLNu_HT-400To600_TuneCP5_13TeV-madgraphMLM-pythia8/RunIISummer20UL16MiniAODv2-106X_mcRun2_asymptotic_v17_ext2-v3/MINIAODSIM|VALID|2934047|138|0.223|2024-03-16
DS|/WJetsToLNu_HT-600To800_TuneCP5_13TeV-madgraphMLM-pythia8/RunIISummer20UL16MiniAODv2-106X_mcRun2_asymptotic_v17-v1/MINIAODSIM|VALID|2251807|89|0.135|2021-06-10
DS|/WJetsToLNu_HT-600To800_TuneCP5_13TeV-madgraphMLM-pythia8/RunIISummer20UL16MiniAODv2-106X_mcRun2_asymptotic_v17_ext2-v3/MINIAODSIM|VALID|4519055|235|0.368|2024-01-30
DS|/WJetsToLNu_HT-70To100_TuneCP5_13TeV-madgraphMLM-pythia8/RunIISummer20UL16MiniAODv2-106X_mcRun2_asymptotic_v17-v1/MINIAODSIM|VALID|19439931|260|0.774|2021-06-10
DS|/WJetsToLNu_HT-70To100_TuneCP5_13TeV-madgraphMLM-pythia8/RunIISummer20UL16MiniAODv2-106X_mcRun2_asymptotic_v17_ext1-v3/MINIAODSIM|VALID|20618288|554|1.127|2024-01-30
DS|/WJetsToLNu_HT-800To1200_TuneCP5_13TeV-madgraphMLM-pythia8/RunIISummer20UL16MiniAODv2-106X_mcRun2_asymptotic_v17-v1/MINIAODSIM|VALID|2132228|90|0.135|2021-06-10
DS|/WJetsToLNu_HT-800To1200_TuneCP5_13TeV-madgraphMLM-pythia8/RunIISummer20UL16MiniAODv2-106X_mcRun2_asymptotic_v17_ext2-v3/MINIAODSIM|VALID|4448546|246|0.381|2024-01-29
DS|/WJetsToLNu_TuneCP5_13TeV-amcatnloFXFX-pythia8/RunIISummer20UL16MiniAODv2-106X_mcRun2_asymptotic_v17-v2/MINIAODSIM|VALID|28268221|260|0.974|2021-10-25
DS|/WJetsToLNu_TuneCP5_13TeV-madgraphMLM-pythia8/RunIISummer20UL16MiniAODv2-106X_mcRun2_asymptotic_v17-v1/MINIAODSIM|VALID|82754918|945|2.754|2021-06-04
DS|/WJetsToLNu_TuneCP5_13TeV-madgraphMLM-pythia8/RunIISummer20UL16MiniAODv2-106X_mcRun2_asymptotic_v17_ext1-v2/MINIAODSIM|VALID|80614848|1775|3.501|2024-01-15
DS|/WJetsToQQ_HT-400to600_TuneCP5_13TeV-madgraphMLM-pythia8/RunIISummer20UL16MiniAODv2-106X_mcRun2_asymptotic_v17-v2/MINIAODSIM|VALID|4455853|86|0.232|2021-11-11
DS|/WJetsToQQ_HT-600to800_TuneCP5_13TeV-madgraphMLM-pythia8/RunIISummer20UL16MiniAODv2-106X_mcRun2_asymptotic_v17-v2/MINIAODSIM|VALID|6793578|144|0.388|2021-10-21
DS|/WJetsToQQ_HT-800toInf_TuneCP5_13TeV-madgraphMLM-pythia8/RunIISummer20UL16MiniAODv2-106X_mcRun2_asymptotic_v17-v2/MINIAODSIM|VALID|6769101|131|0.414|2021-09-11
DS|/WW_TuneCP5_13TeV-pythia8/RunIISummer20UL16MiniAODv2-106X_mcRun2_asymptotic_v17-v1/MINIAODSIM|VALID|15821000|202|0.555|2021-06-03
DS|/WZ_TuneCP5_13TeV-pythia8/RunIISummer20UL16MiniAODv2-106X_mcRun2_asymptotic_v17-v1/MINIAODSIM|VALID|7584000|106|0.268|2021-06-09
DS|/ZJetsToQQ_HT-400to600_TuneCP5_13TeV-madgraphMLM-pythia8/RunIISummer20UL16MiniAODv2-106X_mcRun2_asymptotic_v17-v2/MINIAODSIM|VALID|6942718|122|0.364|2022-02-23
DS|/ZJetsToQQ_HT-600to800_TuneCP5_13TeV-madgraphMLM-pythia8/RunIISummer20UL16MiniAODv2-106X_mcRun2_asymptotic_v17-v2/MINIAODSIM|VALID|5500386|110|0.318|2021-09-11
DS|/ZJetsToQQ_HT-800toInf_TuneCP5_13TeV-madgraphMLM-pythia8/RunIISummer20UL16MiniAODv2-106X_mcRun2_asymptotic_v17-v2/MINIAODSIM|VALID|4388402|99|0.275|2021-10-21
DS|/ZZ_TuneCP5_13TeV-pythia8/RunIISummer20UL16MiniAODv2-106X_mcRun2_asymptotic_v17-v1/MINIAODSIM|VALID|1151000|29|0.041|2021-06-06
DS|/ttHToNonbb_M125_TuneCP5_13TeV-powheg-pythia8/RunIISummer20UL16MiniAODv2-106X_mcRun2_asymptotic_v17-v2/MINIAODSIM|VALID|2240994|48|0.137|2021-10-21
DS|/ttHTobb_M125_TuneCP5_13TeV-powheg-pythia8/RunIISummer20UL16MiniAODv2-106X_mcRun2_asymptotic_v17-v2/MINIAODSIM|VALID|4937000|97|0.306|2021-10-21
### done: 31683 rows in /afs/cern.ch/user/j/junghyun/CMSSW_14_2_1/src/NtupleForge/script/das_inventory_ul16post_miniaodv2_20260916_0857.tsv
===========================================================================
end_utc     : 2026-09-16T06:59:43Z
wall_s      : 109
EXIT        : 0
outputs (modified during the run, under script/ and branches/):
     9015520  script/das_inventory_ul16post_miniaodv2_20260916_0857.tsv
       11929  script/das_inventory_ul16post_miniaodv2_20260916_0857.tsv.match.txt
     4363457  script/das_inventory_ul16post_miniaodv2_20260916_0857.tsv.names.txt
log         : script/runlogs/run_ul16post_miniaodv2_20260916_065754.log
=== END ===================================================================
