=== RUNLOG ================================================================
step        : probe_tttw_v15
start_utc   : 2026-09-18T06:03:03Z
host        : lxplus988   user: junghyun
cwd         : /afs/cern.ch/user/j/junghyun/CMSSW_14_2_1/src/NtupleForge
repo        : /afs/cern.ch/user/j/junghyun/CMSSW_14_2_1/src/NtupleForge
git_head    : 1b576b9   modified_tracked_files: 1
cmd         : /bin/bash -c for\ d\ in\ \$\(dasgoclient\ -query\ \"dataset\ status=\*\ dataset=/TTTW\*-DR1\*/RunIISummer20UL1\*NanoAOD\*v15-150X\*/NANOAODSIM\"\)\;\ do\ echo\ \"==\ \$d\"\;\ dasgoclient\ -query\ \"summary\ dataset=\$d\"\;\ done 
CMSSW_BASE  : <unset>
root        : 6.40.04
dasgoclient : Build: git=v02.04.54 go=go1.26.6 date=2026-09-18 08:03:03.680842056 +0200 CEST m=+0.000854605
proxy_left_s: 43190
===========================================================================
== /TTTWminus-DR1_TuneCP5_13TeV_amcatnlo-pythia8/RunIISummer20UL16NanoAODAPVv15-150X_mcRun2_asymptotic_preVFP_v1-v1/NANOAODSIM
[{"file_size":8618957618,"max_ldate":1761350260,"median_cdate":1761350260,"median_ldate":1761350260,"nblocks":1,"nevents":1630000,"nfiles":4,"nlumis":1630,"num_block":1,"num_event":1630000,"num_file":4,"num_lumi":1630}]
== /TTTWminus-DR1_TuneCP5_13TeV_amcatnlo-pythia8/RunIISummer20UL16NanoAODv15-150X_mcRun2_asymptotic_v1-v1/NANOAODSIM
[{"file_size":9048409512,"max_ldate":1761395692,"median_cdate":1761395692,"median_ldate":1761395692,"nblocks":2,"nevents":1700000,"nfiles":5,"nlumis":1700,"num_block":2,"num_event":1700000,"num_file":5,"num_lumi":1700}]
== /TTTWminus-DR1_TuneCP5_13TeV_amcatnlo-pythia8/RunIISummer20UL17NanoAODv15-150X_mc2017_realistic_v1-v1/NANOAODSIM
[{"file_size":17739958931,"max_ldate":1761365307,"median_cdate":1761365307,"median_ldate":1761365307,"nblocks":2,"nevents":3291000,"nfiles":8,"nlumis":3291,"num_block":2,"num_event":3291000,"num_file":8,"num_lumi":3291}]
== /TTTWminus-DR1_TuneCP5_13TeV_amcatnlo-pythia8/RunIISummer20UL18NanoAODv15-150X_mc2018_realistic_v1-v1/NANOAODSIM
[{"file_size":18629913899,"max_ldate":1761366400,"median_cdate":1761366400,"median_ldate":1761366400,"nblocks":2,"nevents":3485000,"nfiles":9,"nlumis":3485,"num_block":2,"num_event":3485000,"num_file":9,"num_lumi":3485}]
== /TTTWplus-DR1_TuneCP5_13TeV_amcatnlo-pythia8/RunIISummer20UL16NanoAODAPVv15-150X_mcRun2_asymptotic_preVFP_v1-v1/NANOAODSIM
[{"file_size":9041860625,"max_ldate":1761397652,"median_cdate":1761397652,"median_ldate":1761397652,"nblocks":2,"nevents":1700000,"nfiles":5,"nlumis":1700,"num_block":2,"num_event":1700000,"num_file":5,"num_lumi":1700}]
== /TTTWplus-DR1_TuneCP5_13TeV_amcatnlo-pythia8/RunIISummer20UL16NanoAODv15-150X_mcRun2_asymptotic_v1-v1/NANOAODSIM
[{"file_size":9094981508,"max_ldate":1761433481,"median_cdate":1761433481,"median_ldate":1761433481,"nblocks":1,"nevents":1700000,"nfiles":4,"nlumis":1700,"num_block":1,"num_event":1700000,"num_file":4,"num_lumi":1700}]
== /TTTWplus-DR1_TuneCP5_13TeV_amcatnlo-pythia8/RunIISummer20UL17NanoAODv15-150X_mc2017_realistic_v1-v1/NANOAODSIM
[{"file_size":18351275678,"max_ldate":1761459429,"median_cdate":1761459273,"median_ldate":1761459273,"nblocks":2,"nevents":3389000,"nfiles":8,"nlumis":3389,"num_block":2,"num_event":3389000,"num_file":8,"num_lumi":3389}]
== /TTTWplus-DR1_TuneCP5_13TeV_amcatnlo-pythia8/RunIISummer20UL18NanoAODv15-150X_mc2018_realistic_v1-v1/NANOAODSIM
[{"file_size":19322175741,"max_ldate":1761341883,"median_cdate":1761341883,"median_ldate":1761341883,"nblocks":1,"nevents":3597000,"nfiles":7,"nlumis":3597,"num_block":1,"num_event":3597000,"num_file":7,"num_lumi":3597}]
===========================================================================
end_utc     : 2026-09-18T06:03:05Z
wall_s      : 2
EXIT        : 0
outputs     : (none under script/ or branches/)
log         : script/runlogs/run_probe_tttw_v15_20260918_060303.log
=== END ===================================================================
