=== RUNLOG ================================================================
step        : localcheck_summary
start_utc   : 2026-09-28T17:16:23Z
host        : lxplus941   user: junghyun
cwd         : /afs/cern.ch/user/j/junghyun/CMSSW_14_2_1/src/NtupleForge
repo        : /afs/cern.ch/user/j/junghyun/CMSSW_14_2_1/src/NtupleForge
git_head    : 31beadf   modified_tracked_files: 1
cmd         : python3 script/localcheck_summary.py localcheck_v15/out_2018_MC.root localcheck_v15/out_2018_Data.root 
CMSSW_BASE  : /afs/cern.ch/user/j/junghyun/CMSSW_14_2_1
root        : 6.30.09
dasgoclient : Build: git=v02.04.54 go=go1.26.6 date=2026-09-28 19:16:23.554948274 +0200 CEST m=+0.000893984
proxy_left_s: 691022
===========================================================================
localcheck_v15/out_2018_MC.root | Events 500 | branches 551 | HLT_ 291 | run/lumi/event y | genWeight y | genTtbarId y | Runs.genEventSumw y
localcheck_v15/out_2018_Data.root | Events 500 | branches 485 | HLT_ 268 | run/lumi/event y | genWeight n | genTtbarId n | Runs.genEventSumw n
===========================================================================
end_utc     : 2026-09-28T17:16:25Z
wall_s      : 2
EXIT        : 0
outputs     : (none under script/ or branches/)
log         : script/runlogs/run_localcheck_summary_20260928_171622.log
=== END ===================================================================
