=== RUNLOG ================================================================
step        : localcheck_2018_Data
start_utc   : 2026-09-28T17:15:45Z
host        : lxplus941   user: junghyun
cwd         : /afs/cern.ch/user/j/junghyun/CMSSW_14_2_1/src/NtupleForge
repo        : /afs/cern.ch/user/j/junghyun/CMSSW_14_2_1/src/NtupleForge
git_head    : 31beadf   modified_tracked_files: 1
cmd         : /bin/bash -c cd\ localcheck_v15\ \&\&\ F=\$\(dasgoclient\ -query\ \"file\ dataset=/JetHT/Run2018A-UL2018_NanoAODv15-v2/NANOAOD\"\ \|\ head\ -1\)\ \&\&\ python3\ ../script/run_postproc.py\ \"root://cms-xrd-global.cern.ch/\$F\"\ -I\ modules.noop:MODULES\ -b\ ../branches/branch_hadronic_2018_v15_Data.txt\ -N\ 500\ -o\ out_2018_Data.root 
CMSSW_BASE  : /afs/cern.ch/user/j/junghyun/CMSSW_14_2_1
root        : 6.30.09
dasgoclient : Build: git=v02.04.54 go=go1.26.6 date=2026-09-28 19:15:45.249651682 +0200 CEST m=+0.001290065
proxy_left_s: 691060
===========================================================================
[run_postproc] : ============================================================
[run_postproc] : Execution Started at: 2026-09-28 19:15:47
[run_postproc] : ============================================================
[run_postproc] : Branch Selection File loaded: ../branches/branch_hadronic_2018_v15_Data.txt
[run_postproc] :   -> Applied to: OUTPUT tree only (input is read in full)
[run_postproc] :   -> Preview: ['# =============================================================================', '#  branch_hadronic_2018_v15_Data.txt', '#  ttHH -> 4b, fully-hadronic channel -- COMPRESSED output branch selection'] ...
[run_postproc] : Module Loaded: modules.noop (List Variable: 'MODULES')
[run_postproc] : Input Files Detected: 1
[run_postproc] :   -> First file: root://cms-xrd-global.cern.ch//store/data/Run2018A/JetHT/NANOAOD/UL2018_NanoAODv15-v2/90000/8a1a5246-49b6-45e0-bbc0-5385e8dae5fd.root
[run_postproc] : Output Strategy: MERGE (Hadd enabled)
[run_postproc] :   -> Final Target: out_2018_Data.root
[run_postproc] : ------------------------------------------------------------
[run_postproc] : Initializing PostProcessor engine...
[run_postproc] : Running Event Loop...
Will write selected trees to .
28-Sep-2026 19:15:47 CEST  Initiating request to open file root://cms-xrd-global.cern.ch//store/data/Run2018A/JetHT/NANOAOD/UL2018_NanoAODv15-v2/90000/8a1a5246-49b6-45e0-bbc0-5385e8dae5fd.root
Adding file ./8a1a5246-49b6-45e0-bbc0-5385e8dae5fd_Skim.root
Merging Events
Merging LuminosityBlocks
Merging Runs
Merging MetaData
Merging ParameterSets
Merging tag
[run_postproc] : ✅ Job Finished Successfully at 2026-09-28 19:16:22
[run_postproc] :    Total Runtime: 0:00:34.573924
Pre-select 500 entries out of 500 (100.00%)
Selected 500 / 500 entries from root://cms-xrd-global.cern.ch//store/data/Run2018A/JetHT/NANOAOD/UL2018_NanoAODv15-v2/90000/8a1a5246-49b6-45e0-bbc0-5385e8dae5fd.root (100.00%)
Done ./8a1a5246-49b6-45e0-bbc0-5385e8dae5fd_Skim.root
Total time 31.8 sec. to process 500 events. Rate = 15.7 Hz.
===========================================================================
end_utc     : 2026-09-28T17:16:22Z
wall_s      : 37
EXIT        : 0
outputs     : (none under script/ or branches/)
log         : script/runlogs/run_localcheck_2018_Data_20260928_171544.log
=== END ===================================================================
