=== RUNLOG ================================================================
step        : p5_2024_ZZ_6j20_full
start_utc   : 2026-09-29T07:08:49Z
host        : lxplus9105   user: junghyun
cwd         : /afs/cern.ch/user/j/junghyun/CMSSW_14_2_1/src/NtupleForge
repo        : /afs/cern.ch/user/j/junghyun/CMSSW_14_2_1/src/NtupleForge
git_head    : 039f12b   modified_tracked_files: 1
cmd         : /bin/bash -c cd\ localcheck_v15\ \&\&\ python3\ ../script/run_postproc.py\ root://cms-xrd-global.cern.ch//store/mc/RunIII2024Summer24NanoAODv15/ZZ_TuneCP5_13p6TeV_pythia8/NANOAODSIM/150X_mcRun3_2024_realistic_v2-v2/120000/cccd7f37-0a34-4c58-9d95-ce3b23505f1d.root\ -I\ modules.noop:MODULES\ -b\ ../branches/branch_hadronic_2024_v15_MC.txt\ --skim\ 6j20\ --audit\ -o\ out_2024_ZZ_6j20_full.root 
CMSSW_BASE  : /afs/cern.ch/user/j/junghyun/CMSSW_14_2_1
root        : 6.30.09
dasgoclient : Build: git=v02.04.54 go=go1.26.6 date=2026-09-29 09:08:49.854442622 +0200 CEST m=+0.001317032
proxy_left_s: 687646
===========================================================================
[run_postproc] : ============================================================
[run_postproc] : Execution Started at: 2026-09-29 09:08:53
[run_postproc] : ============================================================
[run_postproc] : Branch Selection File loaded: ../branches/branch_hadronic_2024_v15_MC.txt
[run_postproc] :   -> Applied to: OUTPUT tree only (input is read in full)
[run_postproc] :   -> Preview: ['# =============================================================================', '#  branch_hadronic_2024_v15_MC.txt', '#  ttHH -> 4b, fully-hadronic channel -- COMPRESSED output branch selection'] ...
[run_postproc] : Module Loaded: modules.noop (List Variable: 'MODULES')
[run_postproc] : Input Files Detected: 1
[run_postproc] :   -> First file: root://cms-xrd-global.cern.ch//store/mc/RunIII2024Summer24NanoAODv15/ZZ_TuneCP5_13p6TeV_pythia8/NANOAODSIM/150X_mcRun3_2024_realistic_v2-v2/120000/cccd7f37-0a34-4c58-9d95-ce3b23505f1d.root
[run_postproc] : Output Strategy: MERGE (Hadd enabled)
[run_postproc] :   -> Final Target: out_2024_ZZ_6j20_full.root
[run_postproc] : ------------------------------------------------------------
[run_postproc] : ============================================================
[run_postproc] : EVENT SKIM (production): 6j20
[run_postproc] :   cut = Sum$(Jet_pt>20 && abs(Jet_eta)<2.5)>=6
[run_postproc] :   Runs / LuminosityBlocks stay whole; audit ON (forge_audit.py)
[run_postproc] : ============================================================
[run_postproc] : Initializing PostProcessor engine...
[run_postproc] : Running Event Loop, then the forge audit...
Will write selected trees to .
29-Sep-2026 09:08:53 CEST  Initiating request to open file root://cms-xrd-global.cern.ch//store/mc/RunIII2024Summer24NanoAODv15/ZZ_TuneCP5_13p6TeV_pythia8/NANOAODSIM/150X_mcRun3_2024_realistic_v2-v2/120000/cccd7f37-0a34-4c58-9d95-ce3b23505f1d.root
