=== RUNLOG ================================================================
step        : p5_2024C_Data_6j20_check
start_utc   : 2026-09-29T07:07:06Z
host        : lxplus9105   user: junghyun
cwd         : /afs/cern.ch/user/j/junghyun/CMSSW_14_2_1/src/NtupleForge
repo        : /afs/cern.ch/user/j/junghyun/CMSSW_14_2_1/src/NtupleForge
git_head    : 039f12b   modified_tracked_files: 1
cmd         : python3 script/check_forge_output.py localcheck_v15/out_2024C_Data_6j20.root root://cms-xrd-global.cern.ch//store/data/Run2024C/JetMET0/NANOAOD/MINIv6NANOv15-v1/2540000/064aaf18-b694-49d9-b2cd-2fae03f98476.root -N 20000 
CMSSW_BASE  : /afs/cern.ch/user/j/junghyun/CMSSW_14_2_1
root        : 6.30.09
dasgoclient : Build: git=v02.04.54 go=go1.26.6 date=2026-09-29 09:07:06.773709786 +0200 CEST m=+0.001165380
proxy_left_s: 687749
===========================================================================
ForgeProvenance: {"branch_file": "branch_hadronic_2024_v15_Data.txt", "branch_md5": "338c3d585db02d8243d312aa87312f7c", "cmssw": "CMSSW_14_2_1", "first_entry": 0, "forge_audit_version": 1, "formula": "Sum$(Jet_pt>20 && abs(Jet_eta)<2.5)>=6", "git": "unknown", "host": "lxplus9105.cern.ch", "imports": ["modules.noop:MODULES"], "inputs": ["/store/data/Run2024C/JetMET0/NANOAOD/MINIv6NANOv15-v1/2540000/064aaf18-b694-49d9-b2cd-2fae03f98476.root"], "max_events": 20000, "rvec": "Sum(Jet_pt>20 && abs(Jet_eta)<2.5)>=6", "skim": "6j20", "utc": "2026-09-29T07:07:04Z"}
X7   PASS output 1764 events, RVec-passing input events 1764, only in output 0, only in RVec set 0
ForgeAudit: 1 row(s)
   /store/data/Run2024C/JetMET0/NANOAOD/MINIv6NANOv15-v1/2540000/064aaf18-b694-49d9-b2cd-2fae03f98476.root | n_in 20000 | n_pass 1764 | sumw 0 | Runs sumw 0, count 0 | top codes 
A    PASS ForgeAudit n_in 20000 / 20000, n_pass 1764 / 1764, sumw 0 / 0 (row / recomputed here)
K    PASS no genTtbarId in the input, ForgeTTbbKeys absent
RESULT: ALL PASS
===========================================================================
end_utc     : 2026-09-29T07:08:48Z
wall_s      : 102
EXIT        : 0
outputs     : (none under script/ or branches/)
log         : script/runlogs/run_p5_2024C_Data_6j20_check_20260929_070705.log
=== END ===================================================================
