=== RUNLOG ================================================================
step        : ul16pre_miniaodv2
start_utc   : 2026-09-16T06:56:21Z
host        : lxplus929   user: junghyun
cwd         : /afs/cern.ch/user/j/junghyun/CMSSW_14_2_1/src/NtupleForge
repo        : /afs/cern.ch/user/j/junghyun/CMSSW_14_2_1/src/NtupleForge
git_head    : e6eb9c3   modified_tracked_files: 0
cmd         : /bin/bash script/das_inventory.sh --tier MINIAODSIM --registry script/samples_registry.txt --tag ul16pre_miniaodv2 --campaign RunIISummer20UL16MiniAODAPVv2-\* 
CMSSW_BASE  : <unset>
root        : 6.40.04
dasgoclient : Build: git=v02.04.54 go=go1.26.6 date=2026-09-16 08:56:21.526951797 +0200 CEST m=+0.001233814
proxy_left_s: 42357
===========================================================================
### das_inventory.sh  2026-09-16 08:56 CEST
### campaign=RunIISummer20UL16MiniAODAPVv2-*  tier=MINIAODSIM  details=matching  registry=script/samples_registry.txt  grep=none
### out=/afs/cern.ch/user/j/junghyun/CMSSW_14_2_1/src/NtupleForge/script/das_inventory_ul16pre_miniaodv2_20260916_0856.tsv
### datasets listed: 30897
EXACT|TTHHto4b|TTHHTo4b_TuneCP5_13TeV-madgraph-pythia8|1
EXACT|TTbar_SemiLep|TTToSemiLeptonic_TuneCP5_13TeV-powheg-pythia8|1
EXACT|TTbar_Hadronic|TTToHadronic_TuneCP5_13TeV-powheg-pythia8|1
EXACT|TTbar_DiLep|TTTo2L2Nu_TuneCP5_13TeV-powheg-pythia8|3
EXACT|TTbb_SemiLep|TTbb_4f_TTToSemiLeptonic_TuneCP5-Powheg-Openloops-Pythia8|2
EXACT|TTbb_Hadronic|TTbb_4f_TTToHadronic_TuneCP5-Powheg-Openloops-Pythia8|1
EXACT|TTbb_DiLep|TTbb_4f_TTTo2L2Nu_TuneCP5-Powheg-Openloops-Pythia8|3
EXACT|QCD_HT200to300|QCD_HT200to300_TuneCP5_PSWeights_13TeV-madgraph-pythia8|1
EXACT|QCD_HT300to500|QCD_HT300to500_TuneCP5_PSWeights_13TeV-madgraph-pythia8|1
EXACT|QCD_HT500to700|QCD_HT500to700_TuneCP5_PSWeights_13TeV-madgraph-pythia8|1
EXACT|QCD_HT700to1000|QCD_HT700to1000_TuneCP5_PSWeights_13TeV-madgraph-pythia8|1
EXACT|QCD_HT1000to1500|QCD_HT1000to1500_TuneCP5_PSWeights_13TeV-madgraph-pythia8|1
EXACT|QCD_HT1500to2000|QCD_HT1500to2000_TuneCP5_PSWeights_13TeV-madgraph-pythia8|1
EXACT|QCD_HT2000toInf|QCD_HT2000toInf_TuneCP5_PSWeights_13TeV-madgraph-pythia8|1
EXACT|ttHTobb|ttHTobb_M125_TuneCP5_13TeV-powheg-pythia8|1
EXACT|ttHToNonbb|ttHToNonbb_M125_TuneCP5_13TeV-powheg-pythia8|1
EXACT|tHq|THQ_ctcvcp_4f_Hincl_TuneCP5_13TeV_madgraph_pythia8|1
EXACT|tHW|THW_ctcvcp_5f_Hincl_TuneCP5_13TeV_madgraph_pythia8|1
EXACT|TTZToQQ|TTZToQQ_TuneCP5_13TeV-amcatnlo-pythia8|1
EXACT|TTZToBB|TTZToBB_TuneCP5_13TeV-amcatnlo-pythia8|1
EXACT|TTWJetsToQQ|TTWJetsToQQ_TuneCP5_13TeV-amcatnloFXFX-madspin-pythia8|1
EXACT|TTWJetsToLNu|TTWJetsToLNu_TuneCP5_13TeV-amcatnloFXFX-madspin-pythia8|1
EXACT|TTZToLLNuNu|TTZToLLNuNu_M-10_TuneCP5_13TeV-amcatnlo-pythia8|1
EXACT|TTZHTo4b|TTZHTo4b_TuneCP5_13TeV-madgraph-pythia8|2
EXACT|TTZZTo4b|TTZZTo4b_TuneCP5_13TeV-madgraph-pythia8|2
EXACT|TTWW|TTWW_TuneCP5_13TeV-madgraph-pythia8|2
EXACT|TTWH|TTWH_TuneCP5_13TeV-madgraph-pythia8|1
EXACT|TTWZ|TTWZ_TuneCP5_13TeV-madgraph-pythia8|1
EXACT|TTTW|TTTW_TuneCP5_13TeV-madgraph-pythia8|1
EXACT|TTTT|TTTT_TuneCP5_13TeV-amcatnlo-pythia8|1
EXACT|TT4b|TT4b_TuneCP5_13TeV_madgraph_pythia8|1
EXACT|ST_t_top|ST_t-channel_top_4f_InclusiveDecays_TuneCP5_13TeV-powheg-madspin-pythia8|1
EXACT|ST_t_antitop|ST_t-channel_antitop_4f_InclusiveDecays_TuneCP5_13TeV-powheg-madspin-pythia8|1
EXACT|ST_tW_top|ST_tW_top_5f_inclusiveDecays_TuneCP5_13TeV-powheg-pythia8|1
EXACT|ST_tW_antitop|ST_tW_antitop_5f_inclusiveDecays_TuneCP5_13TeV-powheg-pythia8|1
EXACT|ST_s_lep|ST_s-channel_4f_leptonDecays_TuneCP5_13TeV-amcatnlo-pythia8|1
EXACT|ST_s_had|ST_s-channel_4f_hadronicDecays_TuneCP5_13TeV-amcatnlo-pythia8|1
EXACT|WW|WW_TuneCP5_13TeV-pythia8|1
EXACT|WZ|WZ_TuneCP5_13TeV-pythia8|1
EXACT|ZZ|ZZ_TuneCP5_13TeV-pythia8|1
EXACT|WJetsToQQ_HT400to600|WJetsToQQ_HT-400to600_TuneCP5_13TeV-madgraphMLM-pythia8|1
EXACT|WJetsToQQ_HT600to800|WJetsToQQ_HT-600to800_TuneCP5_13TeV-madgraphMLM-pythia8|1
EXACT|WJetsToQQ_HT800toInf|WJetsToQQ_HT-800toInf_TuneCP5_13TeV-madgraphMLM-pythia8|1
EXACT|ZJetsToQQ_HT400to600|ZJetsToQQ_HT-400to600_TuneCP5_13TeV-madgraphMLM-pythia8|1
EXACT|ZJetsToQQ_HT600to800|ZJetsToQQ_HT-600to800_TuneCP5_13TeV-madgraphMLM-pythia8|1
EXACT|ZJetsToQQ_HT800toInf|ZJetsToQQ_HT-800toInf_TuneCP5_13TeV-madgraphMLM-pythia8|1
EXACT|WJetsToLNu_HT70To100|WJetsToLNu_HT-70To100_TuneCP5_13TeV-madgraphMLM-pythia8|2
EXACT|WJetsToLNu_HT100To200|WJetsToLNu_HT-100To200_TuneCP5_13TeV-madgraphMLM-pythia8|2
EXACT|WJetsToLNu_HT200To400|WJetsToLNu_HT-200To400_TuneCP5_13TeV-madgraphMLM-pythia8|3
EXACT|WJetsToLNu_HT400To600|WJetsToLNu_HT-400To600_TuneCP5_13TeV-madgraphMLM-pythia8|3
EXACT|WJetsToLNu_HT600To800|WJetsToLNu_HT-600To800_TuneCP5_13TeV-madgraphMLM-pythia8|4
EXACT|WJetsToLNu_HT800To1200|WJetsToLNu_HT-800To1200_TuneCP5_13TeV-madgraphMLM-pythia8|3
EXACT|WJetsToLNu_HT1200To2500|WJetsToLNu_HT-1200To2500_TuneCP5_13TeV-madgraphMLM-pythia8|3
EXACT|WJetsToLNu_HT2500ToInf|WJetsToLNu_HT-2500ToInf_TuneCP5_13TeV-madgraphMLM-pythia8|3
EXACT|DYJetsToLL_M50_HT70to100|DYJetsToLL_M-50_HT-70to100_TuneCP5_PSweights_13TeV-madgraphMLM-pythia8|1
EXACT|DYJetsToLL_M50_HT100to200|DYJetsToLL_M-50_HT-100to200_TuneCP5_PSweights_13TeV-madgraphMLM-pythia8|1
EXACT|DYJetsToLL_M50_HT200to400|DYJetsToLL_M-50_HT-200to400_TuneCP5_PSweights_13TeV-madgraphMLM-pythia8|1
EXACT|DYJetsToLL_M50_HT400to600|DYJetsToLL_M-50_HT-400to600_TuneCP5_PSweights_13TeV-madgraphMLM-pythia8|1
EXACT|DYJetsToLL_M50_HT600to800|DYJetsToLL_M-50_HT-600to800_TuneCP5_PSweights_13TeV-madgraphMLM-pythia8|1
EXACT|DYJetsToLL_M50_HT800to1200|DYJetsToLL_M-50_HT-800to1200_TuneCP5_PSweights_13TeV-madgraphMLM-pythia8|1
EXACT|DYJetsToLL_M50_HT1200to2500|DYJetsToLL_M-50_HT-1200to2500_TuneCP5_PSweights_13TeV-madgraphMLM-pythia8|1
EXACT|DYJetsToLL_M50_HT2500toInf|DYJetsToLL_M-50_HT-2500toInf_TuneCP5_PSweights_13TeV-madgraphMLM-pythia8|1
EXACT|DYJetsToLL_M-10to50_TuneCP5_madgraphMLM|DYJetsToLL_M-10to50_TuneCP5_13TeV-madgraphMLM-pythia8|1
EXACT|DYJetsToLL_M-50_TuneCP5_amcatnloFXFX|DYJetsToLL_M-50_TuneCP5_13TeV-amcatnloFXFX-pythia8|3
EXACT|DYJetsToLL_M-50_TuneCP5_madgraphMLM_ext1-v1|DYJetsToLL_M-50_TuneCP5_13TeV-madgraphMLM-pythia8|1
EXACT|QCD_HT1000to1500_TuneCP5_PSWeights_madgraph|QCD_HT1000to1500_TuneCP5_PSWeights_13TeV-madgraph-pythia8|1
EXACT|QCD_HT1500to2000_TuneCP5_PSWeights_madgraph|QCD_HT1500to2000_TuneCP5_PSWeights_13TeV-madgraph-pythia8|1
EXACT|QCD_HT2000toInf_TuneCP5_PSWeights_madgraph|QCD_HT2000toInf_TuneCP5_PSWeights_13TeV-madgraph-pythia8|1
EXACT|QCD_HT500to700_TuneCP5_PSWeights_madgraph|QCD_HT500to700_TuneCP5_PSWeights_13TeV-madgraph-pythia8|1
EXACT|QCD_HT700to1000_TuneCP5_PSWeights_madgraph|QCD_HT700to1000_TuneCP5_PSWeights_13TeV-madgraph-pythia8|1
EXACT|QCD_Pt-1000_MuEnrichedPt5_TuneCP5_pythia8|QCD_Pt-1000_MuEnrichedPt5_TuneCP5_13TeV-pythia8|1
EXACT|QCD_Pt-120To170_MuEnrichedPt5_TuneCP5_pythia8|QCD_Pt-120To170_MuEnrichedPt5_TuneCP5_13TeV-pythia8|1
EXACT|QCD_Pt-120to170_EMEnriched_TuneCP5_pythia8|QCD_Pt-120to170_EMEnriched_TuneCP5_13TeV-pythia8|1
EXACT|QCD_Pt-15To20_MuEnrichedPt5_TuneCP5_pythia8|QCD_Pt-15To20_MuEnrichedPt5_TuneCP5_13TeV-pythia8|1
EXACT|QCD_Pt-15to20_EMEnriched_TuneCP5_pythia8|QCD_Pt-15to20_EMEnriched_TuneCP5_13TeV-pythia8|1
EXACT|QCD_Pt-170To300_MuEnrichedPt5_TuneCP5_pythia8|QCD_Pt-170To300_MuEnrichedPt5_TuneCP5_13TeV-pythia8|1
EXACT|QCD_Pt-170to300_EMEnriched_TuneCP5_pythia8|QCD_Pt-170to300_EMEnriched_TuneCP5_13TeV-pythia8|1
EXACT|QCD_Pt-20To30_MuEnrichedPt5_TuneCP5_pythia8|QCD_Pt-20To30_MuEnrichedPt5_TuneCP5_13TeV-pythia8|1
EXACT|QCD_Pt-20_MuEnrichedPt15_TuneCP5_pythia8|QCD_Pt-20_MuEnrichedPt15_TuneCP5_13TeV-pythia8|1
EXACT|QCD_Pt-20to30_EMEnriched_TuneCP5_pythia8|QCD_Pt-20to30_EMEnriched_TuneCP5_13TeV-pythia8|1
EXACT|QCD_Pt-300To470_MuEnrichedPt5_TuneCP5_pythia8|QCD_Pt-300To470_MuEnrichedPt5_TuneCP5_13TeV-pythia8|1
EXACT|QCD_Pt-300toInf_EMEnriched_TuneCP5_pythia8|QCD_Pt-300toInf_EMEnriched_TuneCP5_13TeV-pythia8|1
EXACT|QCD_Pt-30To50_MuEnrichedPt5_TuneCP5_pythia8|QCD_Pt-30To50_MuEnrichedPt5_TuneCP5_13TeV-pythia8|1
EXACT|QCD_Pt-30_MuEnrichedPt4_TuneCP5_13TeV_pythia8|QCD_Pt-30_MuEnrichedPt4_TuneCP5_13TeV_pythia8|1
EXACT|QCD_Pt-30to40_DoubleEMEnriched_MGG-80toInf_TuneCP5_pythia8|QCD_Pt-30to40_DoubleEMEnriched_MGG-80toInf_TuneCP5_13TeV-pythia8|1
EXACT|QCD_Pt-30to50_EMEnriched_TuneCP5_pythia8|QCD_Pt-30to50_EMEnriched_TuneCP5_13TeV-pythia8|1
EXACT|QCD_Pt-30toInf_DoubleEMEnriched_MGG-40to80_TuneCP5_pythia8|QCD_Pt-30toInf_DoubleEMEnriched_MGG-40to80_TuneCP5_13TeV-pythia8|1
EXACT|QCD_Pt-40ToInf_DoubleEMEnriched_MGG-80ToInf_TuneCP5_pythia8|QCD_Pt-40ToInf_DoubleEMEnriched_MGG-80ToInf_TuneCP5_13TeV-pythia8|1
EXACT|QCD_Pt-470To600_MuEnrichedPt5_TuneCP5_pythia8|QCD_Pt-470To600_MuEnrichedPt5_TuneCP5_13TeV-pythia8|1
EXACT|QCD_Pt-50To80_MuEnrichedPt5_TuneCP5_pythia8|QCD_Pt-50To80_MuEnrichedPt5_TuneCP5_13TeV-pythia8|1
EXACT|QCD_Pt-50to80_EMEnriched_TuneCP5_pythia8|QCD_Pt-50to80_EMEnriched_TuneCP5_13TeV-pythia8|1
EXACT|QCD_Pt-600To800_MuEnrichedPt5_TuneCP5_pythia8|QCD_Pt-600To800_MuEnrichedPt5_TuneCP5_13TeV-pythia8|1
EXACT|QCD_Pt-800To1000_MuEnrichedPt5_TuneCP5_pythia8|QCD_Pt-800To1000_MuEnrichedPt5_TuneCP5_13TeV-pythia8|1
EXACT|QCD_Pt-80To120_MuEnrichedPt5_TuneCP5_pythia8|QCD_Pt-80To120_MuEnrichedPt5_TuneCP5_13TeV-pythia8|1
EXACT|QCD_Pt-80to120_EMEnriched_TuneCP5_pythia8|QCD_Pt-80to120_EMEnriched_TuneCP5_13TeV-pythia8|1
EXACT|QCD_Pt_1000to1400_TuneCP5_13TeV_pythia8|QCD_Pt_1000to1400_TuneCP5_13TeV_pythia8|1
EXACT|QCD_Pt_120to170_TuneCP5_13TeV_pythia8|QCD_Pt_120to170_TuneCP5_13TeV_pythia8|1
EXACT|QCD_Pt_1400to1800_TuneCP5_13TeV_pythia8|QCD_Pt_1400to1800_TuneCP5_13TeV_pythia8|1
EXACT|QCD_Pt_15to30_TuneCP5_13TeV_pythia8|QCD_Pt_15to30_TuneCP5_13TeV_pythia8|1
EXACT|QCD_Pt_170to300_TuneCP5_13TeV_pythia8|QCD_Pt_170to300_TuneCP5_13TeV_pythia8|1
EXACT|QCD_Pt_1800to2400_TuneCP5_13TeV_pythia8|QCD_Pt_1800to2400_TuneCP5_13TeV_pythia8|1
EXACT|QCD_Pt_2400to3200_TuneCP5_13TeV_pythia8|QCD_Pt_2400to3200_TuneCP5_13TeV_pythia8|1
EXACT|QCD_Pt_300to470_TuneCP5_13TeV_pythia8|QCD_Pt_300to470_TuneCP5_13TeV_pythia8|1
EXACT|QCD_Pt_30to50_TuneCP5_13TeV_pythia8|QCD_Pt_30to50_TuneCP5_13TeV_pythia8|1
EXACT|QCD_Pt_3200toInf_TuneCP5_13TeV_pythia8|QCD_Pt_3200toInf_TuneCP5_13TeV_pythia8|2
EXACT|QCD_Pt_470to600_TuneCP5_13TeV_pythia8|QCD_Pt_470to600_TuneCP5_13TeV_pythia8|1
EXACT|QCD_Pt_50to80_TuneCP5_13TeV_pythia8|QCD_Pt_50to80_TuneCP5_13TeV_pythia8|1
EXACT|QCD_Pt_600to800_TuneCP5_13TeV_pythia8|QCD_Pt_600to800_TuneCP5_13TeV_pythia8|1
EXACT|QCD_Pt_800to1000_TuneCP5_13TeV_pythia8|QCD_Pt_800to1000_TuneCP5_13TeV_pythia8|1
EXACT|QCD_Pt_80to120_TuneCP5_13TeV_pythia8|QCD_Pt_80to120_TuneCP5_13TeV_pythia8|1
EXACT|ST_s-channel_4f_leptonDecays_TuneCP5_amcatnlo|ST_s-channel_4f_leptonDecays_TuneCP5_13TeV-amcatnlo-pythia8|1
EXACT|ST_t-channel_antitop_4f_InclusiveDecays_TuneCP5_powheg-madspin|ST_t-channel_antitop_4f_InclusiveDecays_TuneCP5_13TeV-powheg-madspin-pythia8|1
EXACT|ST_tW_antitop_5f_NoFullyHadronicDecays_TuneCP5_13TeV_PDFWeights-powheg|ST_tW_antitop_5f_NoFullyHadronicDecays_TuneCP5_13TeV_PDFWeights-powheg-pythia8|1
EXACT|ST_tW_antitop_5f_NoFullyHadronicDecays_TuneCP5_powheg|ST_tW_antitop_5f_NoFullyHadronicDecays_TuneCP5_13TeV-powheg-pythia8|1
EXACT|TTJets_TuneCP5_amcatnloFXFX|TTJets_TuneCP5_13TeV-amcatnloFXFX-pythia8|1
EXACT|TTJets_TuneCP5_madgraphMLM|TTJets_TuneCP5_13TeV-madgraphMLM-pythia8|1
EXACT|TTWJetsToLNu_TuneCP5_amcatnloFXFX-madspin|TTWJetsToLNu_TuneCP5_13TeV-amcatnloFXFX-madspin-pythia8|1
EXACT|TTZToLLNuNu_M-10_TuneCP5_amcatnlo|TTZToLLNuNu_M-10_TuneCP5_13TeV-amcatnlo-pythia8|1
EXACT|TTZToQQ_TuneCP5_amcatnlo|TTZToQQ_TuneCP5_13TeV-amcatnlo-pythia8|1
EXACT|WJetsToLNu_TuneCP5_madgraphMLM|WJetsToLNu_TuneCP5_13TeV-madgraphMLM-pythia8|2
EXACT|WW_TuneCP5_pythia8|WW_TuneCP5_13TeV-pythia8|1
EXACT|WZ_TuneCP5_pythia8|WZ_TuneCP5_13TeV-pythia8|1
EXACT|ZZ_TuneCP5_pythia8|ZZ_TuneCP5_13TeV-pythia8|1
EXACT|DYJetsToLL_M-10to50_TuneCP5_amcatnloFXFX|DYJetsToLL_M-10to50_TuneCP5_13TeV-amcatnloFXFX-pythia8|1
EXACT|DYJetsToLL_M-50_TuneCP5_madgraphMLM|DYJetsToLL_M-50_TuneCP5_13TeV-madgraphMLM-pythia8|1
EXACT|QCD_HT100to200_TuneCP5_PSWeights_madgraph|QCD_HT100to200_TuneCP5_PSWeights_13TeV-madgraph-pythia8|1
EXACT|QCD_HT200to300_TuneCP5_PSWeights_madgraph|QCD_HT200to300_TuneCP5_PSWeights_13TeV-madgraph-pythia8|1
EXACT|QCD_HT300to500_TuneCP5_PSWeights_madgraph|QCD_HT300to500_TuneCP5_PSWeights_13TeV-madgraph-pythia8|1
EXACT|ST_t-channel_top_4f_InclusiveDecays_TuneCP5_powheg-madspin|ST_t-channel_top_4f_InclusiveDecays_TuneCP5_13TeV-powheg-madspin-pythia8|1
EXACT|ST_tW_top_5f_NoFullyHadronicDecays_TuneCP5_powheg|ST_tW_top_5f_NoFullyHadronicDecays_TuneCP5_13TeV-powheg-pythia8|1
EXACT|TTTo2L2Nu_TuneCP5_powheg|TTTo2L2Nu_TuneCP5_13TeV-powheg-pythia8|3
EXACT|TTToHadronic_TuneCP5_powheg|TTToHadronic_TuneCP5_13TeV-powheg-pythia8|1
EXACT|TTToSemiLeptonic_TuneCP5_powheg|TTToSemiLeptonic_TuneCP5_13TeV-powheg-pythia8|1
EXACT|TTWJetsToQQ_TuneCP5_amcatnloFXFX-madspin|TTWJetsToQQ_TuneCP5_13TeV-amcatnloFXFX-madspin-pythia8|1
EXACT|TTZToQQ_TuneCP5_13TeV_amcatnlo|TTZToQQ_TuneCP5_13TeV_amcatnlo-pythia8|1
EXACT|WJetsToLNu_TuneCP5_amcatnloFXFX|WJetsToLNu_TuneCP5_13TeV-amcatnloFXFX-pythia8|1
### match report written: /afs/cern.ch/user/j/junghyun/CMSSW_14_2_1/src/NtupleForge/script/das_inventory_ul16pre_miniaodv2_20260916_0856.tsv.match.txt
### datasets to query for details: 142
DS|/DYJetsToLL_M-10to50_TuneCP5_13TeV-amcatnloFXFX-pythia8/RunIISummer20UL16MiniAODAPVv2-106X_mcRun2_asymptotic_preVFP_v11-v2/MINIAODSIM|VALID|49632553|1033|1.952|2022-11-04
DS|/DYJetsToLL_M-10to50_TuneCP5_13TeV-madgraphMLM-pythia8/RunIISummer20UL16MiniAODAPVv2-106X_mcRun2_asymptotic_preVFP_v11-v1/MINIAODSIM|VALID|25799525|270|0.825|2021-11-28
DS|/DYJetsToLL_M-50_HT-100to200_TuneCP5_PSweights_13TeV-madgraphMLM-pythia8/RunIISummer20UL16MiniAODAPVv2-106X_mcRun2_asymptotic_preVFP_v11-v2/MINIAODSIM|VALID|9570042|161|0.447|2021-09-08
DS|/DYJetsToLL_M-50_HT-1200to2500_TuneCP5_PSweights_13TeV-madgraphMLM-pythia8/RunIISummer20UL16MiniAODAPVv2-106X_mcRun2_asymptotic_preVFP_v11-v2/MINIAODSIM|VALID|2189664|71|0.156|2021-10-30
DS|/DYJetsToLL_M-50_HT-200to400_TuneCP5_PSweights_13TeV-madgraphMLM-pythia8/RunIISummer20UL16MiniAODAPVv2-106X_mcRun2_asymptotic_preVFP_v11-v2/MINIAODSIM|VALID|5862631|102|0.311|2021-09-20
DS|/DYJetsToLL_M-50_HT-2500toInf_TuneCP5_PSweights_13TeV-madgraphMLM-pythia8/RunIISummer20UL16MiniAODAPVv2-106X_mcRun2_asymptotic_preVFP_v11-v2/MINIAODSIM|VALID|721404|23|0.057|2021-09-30
DS|/DYJetsToLL_M-50_HT-400to600_TuneCP5_PSweights_13TeV-madgraphMLM-pythia8/RunIISummer20UL16MiniAODAPVv2-106X_mcRun2_asymptotic_preVFP_v11-v2/MINIAODSIM|VALID|2716892|57|0.162|2021-10-21
DS|/DYJetsToLL_M-50_HT-600to800_TuneCP5_PSweights_13TeV-madgraphMLM-pythia8/RunIISummer20UL16MiniAODAPVv2-106X_mcRun2_asymptotic_preVFP_v11-v2/MINIAODSIM|VALID|2681650|61|0.170|2021-09-08
DS|/DYJetsToLL_M-50_HT-70to100_TuneCP5_PSweights_13TeV-madgraphMLM-pythia8/RunIISummer20UL16MiniAODAPVv2-106X_mcRun2_asymptotic_preVFP_v11-v2/MINIAODSIM|VALID|6724232|100|0.303|2021-09-08
DS|/DYJetsToLL_M-50_HT-800to1200_TuneCP5_PSweights_13TeV-madgraphMLM-pythia8/RunIISummer20UL16MiniAODAPVv2-106X_mcRun2_asymptotic_preVFP_v11-v2/MINIAODSIM|VALID|2411091|69|0.161|2021-09-20
DS|/DYJetsToLL_M-50_TuneCP5_13TeV-amcatnloFXFX-pythia8/RunIISummer20UL16MiniAODAPVv2-106X_mcRun2_asymptotic_preVFP_v11-v1/MINIAODSIM|VALID|90947213|980|3.389|2021-06-03
DS|/DYJetsToLL_M-50_TuneCP5_13TeV-amcatnloFXFX-pythia8/RunIISummer20UL16MiniAODAPVv2-PilotMuonHits_106X_mcRun2_asymptotic_preVFP_v11-v2/MINIAODSIM|VALID|9753|6|0.000|2023-12-13
DS|/DYJetsToLL_M-50_TuneCP5_13TeV-amcatnloFXFX-pythia8/RunIISummer20UL16MiniAODAPVv2-Pilot_106X_mcRun2_asymptotic_preVFP_v11-v1/MINIAODSIM|VALID|102662|4|0.004|2021-05-25
DS|/DYJetsToLL_M-50_TuneCP5_13TeV-madgraphMLM-pythia8/RunIISummer20UL16MiniAODAPVv2-106X_mcRun2_asymptotic_preVFP_v11-v1/MINIAODSIM|VALID|95170542|974|3.579|2021-06-06
DS|/QCD_HT1000to1500_TuneCP5_PSWeights_13TeV-madgraph-pythia8/RunIISummer20UL16MiniAODAPVv2-106X_mcRun2_asymptotic_preVFP_v11-v1/MINIAODSIM|VALID|4773503|74|0.276|2021-10-21
DS|/QCD_HT100to200_TuneCP5_PSWeights_13TeV-madgraph-pythia8/RunIISummer20UL16MiniAODAPVv2-106X_mcRun2_asymptotic_preVFP_v11-v1/MINIAODSIM|VALID|27503966|325|0.984|2021-11-04
DS|/QCD_HT1500to2000_TuneCP5_PSWeights_13TeV-madgraph-pythia8/RunIISummer20UL16MiniAODAPVv2-106X_mcRun2_asymptotic_preVFP_v11-v1/MINIAODSIM|VALID|3503675|113|0.220|2021-11-03
DS|/QCD_HT2000toInf_TuneCP5_PSWeights_13TeV-madgraph-pythia8/RunIISummer20UL16MiniAODAPVv2-106X_mcRun2_asymptotic_preVFP_v11-v1/MINIAODSIM|VALID|1629000|46|0.109|2021-12-03
DS|/QCD_HT200to300_TuneCP5_PSWeights_13TeV-madgraph-pythia8/RunIISummer20UL16MiniAODAPVv2-106X_mcRun2_asymptotic_preVFP_v11-v1/MINIAODSIM|VALID|18273591|258|0.740|2021-11-28
DS|/QCD_HT300to500_TuneCP5_PSWeights_13TeV-madgraph-pythia8/RunIISummer20UL16MiniAODAPVv2-106X_mcRun2_asymptotic_preVFP_v11-v1/MINIAODSIM|VALID|15341307|246|0.689|2021-12-08
DS|/QCD_HT500to700_TuneCP5_PSWeights_13TeV-madgraph-pythia8/RunIISummer20UL16MiniAODAPVv2-106X_mcRun2_asymptotic_preVFP_v11-v1/MINIAODSIM|VALID|15775001|237|0.789|2021-11-04
DS|/QCD_HT700to1000_TuneCP5_PSWeights_13TeV-madgraph-pythia8/RunIISummer20UL16MiniAODAPVv2-106X_mcRun2_asymptotic_preVFP_v11-v1/MINIAODSIM|VALID|15808790|230|0.848|2021-10-27
DS|/QCD_Pt-1000_MuEnrichedPt5_TuneCP5_13TeV-pythia8/RunIISummer20UL16MiniAODAPVv2-106X_mcRun2_asymptotic_preVFP_v11-v2/MINIAODSIM|VALID|13660999|304|0.879|2021-12-15
DS|/QCD_Pt-120To170_MuEnrichedPt5_TuneCP5_13TeV-pythia8/RunIISummer20UL16MiniAODAPVv2-106X_mcRun2_asymptotic_preVFP_v11-v2/MINIAODSIM|VALID|19136907|224|0.828|2021-12-14
DS|/QCD_Pt-120to170_EMEnriched_TuneCP5_13TeV-pythia8/RunIISummer20UL16MiniAODAPVv2-106X_mcRun2_asymptotic_preVFP_v11-v2/MINIAODSIM|VALID|4852573|65|0.190|2021-12-21
DS|/QCD_Pt-15To20_MuEnrichedPt5_TuneCP5_13TeV-pythia8/RunIISummer20UL16MiniAODAPVv2-106X_mcRun2_asymptotic_preVFP_v11-v2/MINIAODSIM|VALID|4749558|62|0.148|2022-02-20
DS|/QCD_Pt-15to20_EMEnriched_TuneCP5_13TeV-pythia8/RunIISummer20UL16MiniAODAPVv2-106X_mcRun2_asymptotic_preVFP_v11-v2/MINIAODSIM|VALID|4062805|63|0.120|2022-09-04
DS|/QCD_Pt-170To300_MuEnrichedPt5_TuneCP5_13TeV-pythia8/RunIISummer20UL16MiniAODAPVv2-106X_mcRun2_asymptotic_preVFP_v11-v2/MINIAODSIM|VALID|37080544|580|1.761|2021-12-14
DS|/QCD_Pt-170to300_EMEnriched_TuneCP5_13TeV-pythia8/RunIISummer20UL16MiniAODAPVv2-106X_mcRun2_asymptotic_preVFP_v11-v2/MINIAODSIM|VALID|1855461|24|0.079|2021-12-17
DS|/QCD_Pt-20To30_MuEnrichedPt5_TuneCP5_13TeV-pythia8/RunIISummer20UL16MiniAODAPVv2-106X_mcRun2_asymptotic_preVFP_v11-v2/MINIAODSIM|VALID|31926643|308|1.022|2021-12-08
DS|/QCD_Pt-20_MuEnrichedPt15_TuneCP5_13TeV-pythia8/RunIISummer20UL16MiniAODAPVv2-106X_mcRun2_asymptotic_preVFP_v11-v1/MINIAODSIM|VALID|8685279|122|0.307|2022-01-29
DS|/QCD_Pt-20to30_EMEnriched_TuneCP5_13TeV-pythia8/RunIISummer20UL16MiniAODAPVv2-106X_mcRun2_asymptotic_preVFP_v11-v1/MINIAODSIM|VALID|7156441|59|0.214|2022-08-01
DS|/QCD_Pt-300To470_MuEnrichedPt5_TuneCP5_13TeV-pythia8/RunIISummer20UL16MiniAODAPVv2-106X_mcRun2_asymptotic_preVFP_v11-v2/MINIAODSIM|VALID|28238396|429|1.493|2021-12-15
DS|/QCD_Pt-300toInf_EMEnriched_TuneCP5_13TeV-pythia8/RunIISummer20UL16MiniAODAPVv2-106X_mcRun2_asymptotic_preVFP_v11-v2/MINIAODSIM|VALID|1142775|30|0.054|2021-12-21
DS|/QCD_Pt-30To50_MuEnrichedPt5_TuneCP5_13TeV-pythia8/RunIISummer20UL16MiniAODAPVv2-106X_mcRun2_asymptotic_preVFP_v11-v2/MINIAODSIM|VALID|28664840|277|0.967|2021-12-07
DS|/QCD_Pt-30_MuEnrichedPt4_TuneCP5_13TeV_pythia8/RunIISummer20UL16MiniAODAPVv2-106X_mcRun2_asymptotic_preVFP_v11-v2/MINIAODSIM|VALID|20115742|229|0.696|2021-11-06
DS|/QCD_Pt-30to40_DoubleEMEnriched_MGG-80toInf_TuneCP5_13TeV-pythia8/RunIISummer20UL16MiniAODAPVv2-106X_mcRun2_asymptotic_preVFP_v11-v1/MINIAODSIM|VALID|2364990|56|0.079|2022-07-14
DS|/QCD_Pt-30to50_EMEnriched_TuneCP5_13TeV-pythia8/RunIISummer20UL16MiniAODAPVv2-106X_mcRun2_asymptotic_preVFP_v11-v2/MINIAODSIM|VALID|4361931|49|0.136|2021-12-18
DS|/QCD_Pt-30toInf_DoubleEMEnriched_MGG-40to80_TuneCP5_13TeV-pythia8/RunIISummer20UL16MiniAODAPVv2-106X_mcRun2_asymptotic_preVFP_v11-v2/MINIAODSIM|VALID|5345675|96|0.238|2022-07-07
DS|/QCD_Pt-40ToInf_DoubleEMEnriched_MGG-80ToInf_TuneCP5_13TeV-pythia8/RunIISummer20UL16MiniAODAPVv2-106X_mcRun2_asymptotic_preVFP_v11-v2/MINIAODSIM|VALID|4671946|141|0.228|2022-04-07
DS|/QCD_Pt-470To600_MuEnrichedPt5_TuneCP5_13TeV-pythia8/RunIISummer20UL16MiniAODAPVv2-106X_mcRun2_asymptotic_preVFP_v11-v2/MINIAODSIM|VALID|19695298|326|1.114|2021-12-15
DS|/QCD_Pt-50To80_MuEnrichedPt5_TuneCP5_13TeV-pythia8/RunIISummer20UL16MiniAODAPVv2-106X_mcRun2_asymptotic_preVFP_v11-v2/MINIAODSIM|VALID|19724658|192|0.721|2021-12-08
DS|/QCD_Pt-50to80_EMEnriched_TuneCP5_13TeV-pythia8/RunIISummer20UL16MiniAODAPVv2-106X_mcRun2_asymptotic_preVFP_v11-v2/MINIAODSIM|VALID|5440758|52|0.183|2021-12-17
DS|/QCD_Pt-600To800_MuEnrichedPt5_TuneCP5_13TeV-pythia8/RunIISummer20UL16MiniAODAPVv2-106X_mcRun2_asymptotic_preVFP_v11-v2/MINIAODSIM|VALID|19598815|341|1.156|2022-02-18
DS|/QCD_Pt-800To1000_MuEnrichedPt5_TuneCP5_13TeV-pythia8/RunIISummer20UL16MiniAODAPVv2-106X_mcRun2_asymptotic_preVFP_v11-v2/MINIAODSIM|VALID|39092964|632|2.404|2021-12-16
DS|/QCD_Pt-80To120_MuEnrichedPt5_TuneCP5_13TeV-pythia8/RunIISummer20UL16MiniAODAPVv2-106X_mcRun2_asymptotic_preVFP_v11-v2/MINIAODSIM|VALID|21978558|275|0.878|2021-12-08
DS|/QCD_Pt-80to120_EMEnriched_TuneCP5_13TeV-pythia8/RunIISummer20UL16MiniAODAPVv2-106X_mcRun2_asymptotic_preVFP_v11-v2/MINIAODSIM|VALID|4847354|58|0.177|2021-12-21
DS|/QCD_Pt_1000to1400_TuneCP5_13TeV_pythia8/RunIISummer20UL16MiniAODAPVv2-106X_mcRun2_asymptotic_preVFP_v11-v1/MINIAODSIM|VALID|19077000|279|1.053|2021-06-04
DS|/QCD_Pt_120to170_TuneCP5_13TeV_pythia8/RunIISummer20UL16MiniAODAPVv2-106X_mcRun2_asymptotic_preVFP_v11-v1/MINIAODSIM|VALID|28652000|303|1.082|2021-06-03
DS|/QCD_Pt_1400to1800_TuneCP5_13TeV_pythia8/RunIISummer20UL16MiniAODAPVv2-106X_mcRun2_asymptotic_preVFP_v11-v1/MINIAODSIM|VALID|11000000|167|0.638|2021-06-04
DS|/QCD_Pt_15to30_TuneCP5_13TeV_pythia8/RunIISummer20UL16MiniAODAPVv2-106X_mcRun2_asymptotic_preVFP_v11-v1/MINIAODSIM|VALID|19143000|152|0.516|2021-06-04
DS|/QCD_Pt_170to300_TuneCP5_13TeV_pythia8/RunIISummer20UL16MiniAODAPVv2-106X_mcRun2_asymptotic_preVFP_v11-v1/MINIAODSIM|VALID|27953000|403|1.159|2021-06-05
DS|/QCD_Pt_1800to2400_TuneCP5_13TeV_pythia8/RunIISummer20UL16MiniAODAPVv2-106X_mcRun2_asymptotic_preVFP_v11-v1/MINIAODSIM|VALID|5262000|79|0.319|2021-06-05
DS|/QCD_Pt_2400to3200_TuneCP5_13TeV_pythia8/RunIISummer20UL16MiniAODAPVv2-106X_mcRun2_asymptotic_preVFP_v11-v1/MINIAODSIM|VALID|2999000|88|0.192|2021-06-03
DS|/QCD_Pt_300to470_TuneCP5_13TeV_pythia8/RunIISummer20UL16MiniAODAPVv2-106X_mcRun2_asymptotic_preVFP_v11-v1/MINIAODSIM|VALID|54096000|785|2.490|2021-06-05
DS|/QCD_Pt_30to50_TuneCP5_13TeV_pythia8/RunIISummer20UL16MiniAODAPVv2-106X_mcRun2_asymptotic_preVFP_v11-v1/MINIAODSIM|VALID|18944000|149|0.552|2021-06-04
DS|/QCD_Pt_3200toInf_TuneCP5_13TeV_pythia8/RunIISummer20UL16MiniAODAPVv2-106X_mcRun2_asymptotic_preVFP_v11-v1/MINIAODSIM|VALID|1000000|30|0.067|2021-06-12
DS|/QCD_Pt_3200toInf_TuneCP5_13TeV_pythia8/RunIISummer20UL16MiniAODAPVv2-pilot_106X_mcRun2_asymptotic_preVFP_v11-v1/MINIAODSIM|VALID|20000|2|0.001|2021-06-11
DS|/QCD_Pt_470to600_TuneCP5_13TeV_pythia8/RunIISummer20UL16MiniAODAPVv2-106X_mcRun2_asymptotic_preVFP_v11-v1/MINIAODSIM|VALID|50782000|738|2.495|2021-06-03
DS|/QCD_Pt_50to80_TuneCP5_13TeV_pythia8/RunIISummer20UL16MiniAODAPVv2-106X_mcRun2_asymptotic_preVFP_v11-v1/MINIAODSIM|VALID|19928000|211|0.633|2021-06-04
DS|/QCD_Pt_600to800_TuneCP5_13TeV_pythia8/RunIISummer20UL16MiniAODAPVv2-106X_mcRun2_asymptotic_preVFP_v11-v1/MINIAODSIM|VALID|61972000|898|3.166|2021-06-03
DS|/QCD_Pt_800to1000_TuneCP5_13TeV_pythia8/RunIISummer20UL16MiniAODAPVv2-106X_mcRun2_asymptotic_preVFP_v11-v1/MINIAODSIM|VALID|35527000|526|1.890|2021-06-04
DS|/QCD_Pt_80to120_TuneCP5_13TeV_pythia8/RunIISummer20UL16MiniAODAPVv2-106X_mcRun2_asymptotic_preVFP_v11-v1/MINIAODSIM|VALID|29743000|305|1.035|2021-06-03
DS|/ST_s-channel_4f_hadronicDecays_TuneCP5_13TeV-amcatnlo-pythia8/RunIISummer20UL16MiniAODAPVv2-106X_mcRun2_asymptotic_preVFP_v11-v2/MINIAODSIM|VALID|4700000|134|0.235|2022-04-03
DS|/ST_s-channel_4f_leptonDecays_TuneCP5_13TeV-amcatnlo-pythia8/RunIISummer20UL16MiniAODAPVv2-106X_mcRun2_asymptotic_preVFP_v11-v1/MINIAODSIM|VALID|5518000|106|0.235|2021-06-06
DS|/ST_t-channel_antitop_4f_InclusiveDecays_TuneCP5_13TeV-powheg-madspin-pythia8/RunIISummer20UL16MiniAODAPVv2-106X_mcRun2_asymptotic_preVFP_v11-v3/MINIAODSIM|VALID|31024000|580|1.278|2021-07-09
DS|/ST_t-channel_top_4f_InclusiveDecays_TuneCP5_13TeV-powheg-madspin-pythia8/RunIISummer20UL16MiniAODAPVv2-106X_mcRun2_asymptotic_preVFP_v11-v3/MINIAODSIM|VALID|55961000|908|2.291|2021-07-09
DS|/ST_tW_antitop_5f_NoFullyHadronicDecays_TuneCP5_13TeV-powheg-pythia8/RunIISummer20UL16MiniAODAPVv2-106X_mcRun2_asymptotic_preVFP_v11-v1/MINIAODSIM|VALID|3176485|75|0.146|2021-06-03
DS|/ST_tW_antitop_5f_NoFullyHadronicDecays_TuneCP5_13TeV_PDFWeights-powheg-pythia8/RunIISummer20UL16MiniAODAPVv2-106X_mcRun2_asymptotic_preVFP_v11-v2/MINIAODSIM|VALID|3594458|43|0.166|2022-01-07
DS|/ST_tW_antitop_5f_inclusiveDecays_TuneCP5_13TeV-powheg-pythia8/RunIISummer20UL16MiniAODAPVv2-106X_mcRun2_asymptotic_preVFP_v11-v1/MINIAODSIM|VALID|2300000|33|0.107|2021-06-05
DS|/ST_tW_top_5f_NoFullyHadronicDecays_TuneCP5_13TeV-powheg-pythia8/RunIISummer20UL16MiniAODAPVv2-106X_mcRun2_asymptotic_preVFP_v11-v1/MINIAODSIM|VALID|3294673|66|0.151|2021-10-02
DS|/ST_tW_top_5f_inclusiveDecays_TuneCP5_13TeV-powheg-pythia8/RunIISummer20UL16MiniAODAPVv2-106X_mcRun2_asymptotic_preVFP_v11-v1/MINIAODSIM|VALID|2300000|35|0.107|2021-06-07
DS|/THQ_ctcvcp_4f_Hincl_TuneCP5_13TeV_madgraph_pythia8/RunIISummer20UL16MiniAODAPVv2-106X_mcRun2_asymptotic_preVFP_v11-v2/MINIAODSIM|VALID|14752983|253|0.818|2021-11-07
DS|/THW_ctcvcp_5f_Hincl_TuneCP5_13TeV_madgraph_pythia8/RunIISummer20UL16MiniAODAPVv2-106X_mcRun2_asymptotic_preVFP_v11-v2/MINIAODSIM|VALID|7498000|265|0.567|2022-03-22
DS|/TT4b_TuneCP5_13TeV_madgraph_pythia8/RunIISummer20UL16MiniAODAPVv2-106X_mcRun2_asymptotic_preVFP_v11-v2/MINIAODSIM|VALID|4801000|105|0.321|2021-11-17
DS|/TTHHTo4b_TuneCP5_13TeV-madgraph-pythia8/RunIISummer20UL16MiniAODAPVv2-106X_mcRun2_asymptotic_preVFP_v11-v2/MINIAODSIM|VALID|4950000|143|0.367|2022-01-04
DS|/TTJets_TuneCP5_13TeV-amcatnloFXFX-pythia8/RunIISummer20UL16MiniAODAPVv2-106X_mcRun2_asymptotic_preVFP_v11-v1/MINIAODSIM|VALID|94164991|1389|5.012|2021-11-28
DS|/TTJets_TuneCP5_13TeV-madgraphMLM-pythia8/RunIISummer20UL16MiniAODAPVv2-106X_mcRun2_asymptotic_preVFP_v11-v2/MINIAODSIM|VALID|5047017|200|0.360|2022-03-30
DS|/TTTT_TuneCP5_13TeV-amcatnlo-pythia8/RunIISummer20UL16MiniAODAPVv2-106X_mcRun2_asymptotic_preVFP_v11-v2/MINIAODSIM|VALID|4207000|103|0.341|2021-10-08
DS|/TTTW_TuneCP5_13TeV-madgraph-pythia8/RunIISummer20UL16MiniAODAPVv2-106X_mcRun2_asymptotic_preVFP_v11-v2/MINIAODSIM|VALID|140000|4|0.011|2021-11-15
DS|/TTTo2L2Nu_TuneCP5_13TeV-powheg-pythia8/RunIISummer20UL16MiniAODAPVv2-106X_mcRun2_asymptotic_preVFP_v11-v1/MINIAODSIM|VALID|37505000|594|1.824|2021-06-05
DS|/TTTo2L2Nu_TuneCP5_13TeV-powheg-pythia8/RunIISummer20UL16MiniAODAPVv2-PU35ForTRK_TRK_106X_mcRun2_asymptotic_preVFP_v11-v2/MINIAODSIM|VALID|100000|5|0.008|2022-09-28
DS|/TTTo2L2Nu_TuneCP5_13TeV-powheg-pythia8/RunIISummer20UL16MiniAODAPVv2-PU35ForTRKv2_TRKv2_106X_mcRun2_asymptotic_preVFP_v11-v2/MINIAODSIM|VALID|100000|4|0.008|2022-11-09
DS|/TTToHadronic_TuneCP5_13TeV-powheg-pythia8/RunIISummer20UL16MiniAODAPVv2-106X_mcRun2_asymptotic_preVFP_v11-v1/MINIAODSIM|VALID|97600000|1458|4.874|2021-06-05
DS|/TTToSemiLeptonic_TuneCP5_13TeV-powheg-pythia8/RunIISummer20UL16MiniAODAPVv2-106X_mcRun2_asymptotic_preVFP_v11-v1/MINIAODSIM|VALID|132178000|1979|6.512|2021-06-05
DS|/TTWH_TuneCP5_13TeV-madgraph-pythia8/RunIISummer20UL16MiniAODAPVv2-106X_mcRun2_asymptotic_preVFP_v11-v2/MINIAODSIM|VALID|140000|4|0.010|2021-11-08
DS|/TTWJetsToLNu_TuneCP5_13TeV-amcatnloFXFX-madspin-pythia8/RunIISummer20UL16MiniAODAPVv2-106X_mcRun2_asymptotic_preVFP_v11-v2/MINIAODSIM|VALID|2850164|72|0.177|2021-09-04
DS|/TTWJetsToQQ_TuneCP5_13TeV-amcatnloFXFX-madspin-pythia8/RunIISummer20UL16MiniAODAPVv2-106X_mcRun2_asymptotic_preVFP_v11-v2/MINIAODSIM|VALID|271496|10|0.017|2021-11-08
DS|/TTWW_TuneCP5_13TeV-madgraph-pythia8/RunIISummer20UL16MiniAODAPVv2-106X_mcRun2_asymptotic_preVFP_v11-v1/MINIAODSIM|VALID|278000|14|0.019|2021-06-09
DS|/TTWW_TuneCP5_13TeV-madgraph-pythia8/RunIISummer20UL16MiniAODAPVv2-106X_mcRun2_asymptotic_preVFP_v11_ext1-v2/MINIAODSIM|VALID|3940017|117|0.359|2024-11-19
DS|/TTWZ_TuneCP5_13TeV-madgraph-pythia8/RunIISummer20UL16MiniAODAPVv2-106X_mcRun2_asymptotic_preVFP_v11-v1/MINIAODSIM|VALID|140000|5|0.009|2021-06-07
DS|/TTZHTo4b_TuneCP5_13TeV-madgraph-pythia8/RunIISummer20UL16MiniAODAPVv2-106X_mcRun2_asymptotic_preVFP_v11-v2/MINIAODSIM|VALID|2496000|75|0.184|2022-01-04
DS|/TTZHTo4b_TuneCP5_13TeV-madgraph-pythia8/RunIISummer20UL16MiniAODAPVv2-106X_mcRun2_asymptotic_preVFP_v11_ext1-v2/MINIAODSIM|VALID|2500000|111|0.243|2022-10-29
DS|/TTZToBB_TuneCP5_13TeV-amcatnlo-pythia8/RunIISummer20UL16MiniAODAPVv2-106X_mcRun2_asymptotic_preVFP_v11-v2/MINIAODSIM|VALID|2894000|62|0.186|2021-11-30
DS|/TTZToLLNuNu_M-10_TuneCP5_13TeV-amcatnlo-pythia8/RunIISummer20UL16MiniAODAPVv2-106X_mcRun2_asymptotic_preVFP_v11-v1/MINIAODSIM|VALID|5792000|110|0.347|2021-06-05
DS|/TTZToQQ_TuneCP5_13TeV-amcatnlo-pythia8/RunIISummer20UL16MiniAODAPVv2-106X_mcRun2_asymptotic_preVFP_v11-v1/MINIAODSIM|VALID|6277000|198|0.387|2021-06-06
DS|/TTZToQQ_TuneCP5_13TeV_amcatnlo-pythia8/RunIISummer20UL16MiniAODAPVv2-106X_mcRun2_asymptotic_preVFP_v11-v2/MINIAODSIM|VALID|32297041|1034|2.760|2023-06-25
DS|/TTZZTo4b_TuneCP5_13TeV-madgraph-pythia8/RunIISummer20UL16MiniAODAPVv2-106X_mcRun2_asymptotic_preVFP_v11-v2/MINIAODSIM|VALID|2500000|62|0.180|2021-11-30
DS|/TTZZTo4b_TuneCP5_13TeV-madgraph-pythia8/RunIISummer20UL16MiniAODAPVv2-106X_mcRun2_asymptotic_preVFP_v11_ext1-v2/MINIAODSIM|VALID|2500000|112|0.238|2022-10-30
DS|/TTbb_4f_TTTo2L2Nu_TuneCP5-Powheg-Openloops-Pythia8/RunIISummer20UL16MiniAODAPVv2-106X_mcRun2_asymptotic_preVFP_v11-v1/MINIAODSIM|VALID|1388348|21|0.070|2021-06-14
DS|/TTbb_4f_TTTo2L2Nu_TuneCP5-Powheg-Openloops-Pythia8/RunIISummer20UL16MiniAODAPVv2-106X_mcRun2_asymptotic_preVFP_v11_ext1-v2/MINIAODSIM|INVALID|0|0|0.000|2022-11-08
DS|/TTbb_4f_TTTo2L2Nu_TuneCP5-Powheg-Openloops-Pythia8/RunIISummer20UL16MiniAODAPVv2-106X_mcRun2_asymptotic_preVFP_v11_ext1-v3/MINIAODSIM|INVALID|0|0|0.000|2022-11-17
DS|/TTbb_4f_TTToHadronic_TuneCP5-Powheg-Openloops-Pythia8/RunIISummer20UL16MiniAODAPVv2-106X_mcRun2_asymptotic_preVFP_v11-v1/MINIAODSIM|VALID|2303410|33|0.121|2021-06-16
DS|/TTbb_4f_TTToSemiLeptonic_TuneCP5-Powheg-Openloops-Pythia8/RunIISummer20UL16MiniAODAPVv2-106X_mcRun2_asymptotic_preVFP_v11-v1/MINIAODSIM|VALID|2991789|44|0.155|2021-06-06
DS|/TTbb_4f_TTToSemiLeptonic_TuneCP5-Powheg-Openloops-Pythia8/RunIISummer20UL16MiniAODAPVv2-106X_mcRun2_asymptotic_preVFP_v11_ext1-v2/MINIAODSIM|INVALID|0|0|0.000|2022-11-05
DS|/WJetsToLNu_HT-100To200_TuneCP5_13TeV-madgraphMLM-pythia8/RunIISummer20UL16MiniAODAPVv2-106X_mcRun2_asymptotic_preVFP_v11-v1/MINIAODSIM|VALID|21734530|328|0.902|2021-06-26
DS|/WJetsToLNu_HT-100To200_TuneCP5_13TeV-madgraphMLM-pythia8/RunIISummer20UL16MiniAODAPVv2-106X_mcRun2_asymptotic_preVFP_v11_ext1-v3/MINIAODSIM|VALID|22131975|594|1.281|2024-01-30
DS|/WJetsToLNu_HT-1200To2500_TuneCP5_13TeV-madgraphMLM-pythia8/RunIISummer20UL16MiniAODAPVv2-106X_mcRun2_asymptotic_preVFP_v11-v1/MINIAODSIM|VALID|2119975|71|0.141|2021-07-16
DS|/WJetsToLNu_HT-1200To2500_TuneCP5_13TeV-madgraphMLM-pythia8/RunIISummer20UL16MiniAODAPVv2-106X_mcRun2_asymptotic_preVFP_v11_ext1-v2/MINIAODSIM|VALID|1917705|67|0.128|2022-02-24
DS|/WJetsToLNu_HT-1200To2500_TuneCP5_13TeV-madgraphMLM-pythia8/RunIISummer20UL16MiniAODAPVv2-106X_mcRun2_asymptotic_preVFP_v11_ext2-v3/MINIAODSIM|VALID|4385058|299|0.394|2024-03-13
DS|/WJetsToLNu_HT-200To400_TuneCP5_13TeV-madgraphMLM-pythia8/RunIISummer20UL16MiniAODAPVv2-106X_mcRun2_asymptotic_preVFP_v11-v1/MINIAODSIM|VALID|17870845|283|0.859|2021-06-03
DS|/WJetsToLNu_HT-200To400_TuneCP5_13TeV-madgraphMLM-pythia8/RunIISummer20UL16MiniAODAPVv2-106X_mcRun2_asymptotic_preVFP_v11_ext1-v1/MINIAODSIM|INVALID|0|0|0.000|2023-10-06
DS|/WJetsToLNu_HT-200To400_TuneCP5_13TeV-madgraphMLM-pythia8/RunIISummer20UL16MiniAODAPVv2-106X_mcRun2_asymptotic_preVFP_v11_ext1-v3/MINIAODSIM|VALID|20269777|601|1.338|2024-03-16
DS|/WJetsToLNu_HT-2500ToInf_TuneCP5_13TeV-madgraphMLM-pythia8/RunIISummer20UL16MiniAODAPVv2-106X_mcRun2_asymptotic_preVFP_v11-v2/MINIAODSIM|VALID|808649|31|0.061|2021-10-05
DS|/WJetsToLNu_HT-2500ToInf_TuneCP5_13TeV-madgraphMLM-pythia8/RunIISummer20UL16MiniAODAPVv2-106X_mcRun2_asymptotic_preVFP_v11_ext1-v2/MINIAODSIM|VALID|3901253|109|0.287|2022-03-14
DS|/WJetsToLNu_HT-2500ToInf_TuneCP5_13TeV-madgraphMLM-pythia8/RunIISummer20UL16MiniAODAPVv2-106X_mcRun2_asymptotic_preVFP_v11_ext2-v3/MINIAODSIM|VALID|4258411|272|0.419|2024-03-04
DS|/WJetsToLNu_HT-400To600_TuneCP5_13TeV-madgraphMLM-pythia8/RunIISummer20UL16MiniAODAPVv2-106X_mcRun2_asymptotic_preVFP_v11-v1/MINIAODSIM|VALID|2467498|63|0.135|2021-06-06
DS|/WJetsToLNu_HT-400To600_TuneCP5_13TeV-madgraphMLM-pythia8/RunIISummer20UL16MiniAODAPVv2-106X_mcRun2_asymptotic_preVFP_v11_ext1-v1/MINIAODSIM|VALID|674032|36|0.038|2022-02-09
DS|/WJetsToLNu_HT-400To600_TuneCP5_13TeV-madgraphMLM-pythia8/RunIISummer20UL16MiniAODAPVv2-106X_mcRun2_asymptotic_preVFP_v11_ext2-v3/MINIAODSIM|VALID|3150490|148|0.236|2024-01-27
DS|/WJetsToLNu_HT-600To800_TuneCP5_13TeV-madgraphMLM-pythia8/RunIISummer20UL16MiniAODAPVv2-106X_mcRun2_asymptotic_preVFP_v11-v1/MINIAODSIM|VALID|2344130|56|0.138|2021-07-17
DS|/WJetsToLNu_HT-600To800_TuneCP5_13TeV-madgraphMLM-pythia8/RunIISummer20UL16MiniAODAPVv2-106X_mcRun2_asymptotic_preVFP_v11_ext1-v2/MINIAODSIM|VALID|2227346|58|0.131|2022-02-19
DS|/WJetsToLNu_HT-600To800_TuneCP5_13TeV-madgraphMLM-pythia8/RunIISummer20UL16MiniAODAPVv2-106X_mcRun2_asymptotic_preVFP_v11_ext2-v1/MINIAODSIM|INVALID|0|0|0.000|2023-10-05
DS|/WJetsToLNu_HT-600To800_TuneCP5_13TeV-madgraphMLM-pythia8/RunIISummer20UL16MiniAODAPVv2-106X_mcRun2_asymptotic_preVFP_v11_ext2-v3/MINIAODSIM|VALID|4766065|237|0.383|2024-03-16
DS|/WJetsToLNu_HT-70To100_TuneCP5_13TeV-madgraphMLM-pythia8/RunIISummer20UL16MiniAODAPVv2-106X_mcRun2_asymptotic_preVFP_v11-v1/MINIAODSIM|VALID|16931765|225|0.663|2021-11-28
DS|/WJetsToLNu_HT-70To100_TuneCP5_13TeV-madgraphMLM-pythia8/RunIISummer20UL16MiniAODAPVv2-106X_mcRun2_asymptotic_preVFP_v11_ext1-v3/MINIAODSIM|VALID|21287649|577|1.146|2024-01-27
DS|/WJetsToLNu_HT-800To1200_TuneCP5_13TeV-madgraphMLM-pythia8/RunIISummer20UL16MiniAODAPVv2-106X_mcRun2_asymptotic_preVFP_v11-v1/MINIAODSIM|VALID|2510487|96|0.156|2021-06-04
DS|/WJetsToLNu_HT-800To1200_TuneCP5_13TeV-madgraphMLM-pythia8/RunIISummer20UL16MiniAODAPVv2-106X_mcRun2_asymptotic_preVFP_v11_ext1-v2/MINIAODSIM|VALID|1932857|57|0.121|2022-02-24
DS|/WJetsToLNu_HT-800To1200_TuneCP5_13TeV-madgraphMLM-pythia8/RunIISummer20UL16MiniAODAPVv2-106X_mcRun2_asymptotic_preVFP_v11_ext2-v3/MINIAODSIM|VALID|4584029|149|0.387|2024-03-16
DS|/WJetsToLNu_TuneCP5_13TeV-amcatnloFXFX-pythia8/RunIISummer20UL16MiniAODAPVv2-106X_mcRun2_asymptotic_preVFP_v11-v2/MINIAODSIM|VALID|28880770|316|0.978|2021-09-20
DS|/WJetsToLNu_TuneCP5_13TeV-madgraphMLM-pythia8/RunIISummer20UL16MiniAODAPVv2-106X_mcRun2_asymptotic_preVFP_v11-v2/MINIAODSIM|VALID|74676454|859|2.611|2021-10-13
DS|/WJetsToLNu_TuneCP5_13TeV-madgraphMLM-pythia8/RunIISummer20UL16MiniAODAPVv2-106X_mcRun2_asymptotic_preVFP_v11_ext1-v2/MINIAODSIM|VALID|79324896|1478|3.390|2024-01-28
DS|/WJetsToQQ_HT-400to600_TuneCP5_13TeV-madgraphMLM-pythia8/RunIISummer20UL16MiniAODAPVv2-106X_mcRun2_asymptotic_preVFP_v11-v2/MINIAODSIM|VALID|5144427|106|0.269|2021-10-01
DS|/WJetsToQQ_HT-600to800_TuneCP5_13TeV-madgraphMLM-pythia8/RunIISummer20UL16MiniAODAPVv2-106X_mcRun2_asymptotic_preVFP_v11-v2/MINIAODSIM|VALID|7668058|146|0.432|2021-09-30
DS|/WJetsToQQ_HT-800toInf_TuneCP5_13TeV-madgraphMLM-pythia8/RunIISummer20UL16MiniAODAPVv2-106X_mcRun2_asymptotic_preVFP_v11-v2/MINIAODSIM|VALID|7740501|170|0.470|2021-09-20
DS|/WW_TuneCP5_13TeV-pythia8/RunIISummer20UL16MiniAODAPVv2-106X_mcRun2_asymptotic_preVFP_v11-v1/MINIAODSIM|VALID|15859000|185|0.546|2021-06-09
DS|/WZ_TuneCP5_13TeV-pythia8/RunIISummer20UL16MiniAODAPVv2-106X_mcRun2_asymptotic_preVFP_v11-v1/MINIAODSIM|VALID|7934000|103|0.275|2021-06-10
DS|/ZJetsToQQ_HT-400to600_TuneCP5_13TeV-madgraphMLM-pythia8/RunIISummer20UL16MiniAODAPVv2-106X_mcRun2_asymptotic_preVFP_v11-v2/MINIAODSIM|VALID|7709128|139|0.399|2021-11-05
DS|/ZJetsToQQ_HT-600to800_TuneCP5_13TeV-madgraphMLM-pythia8/RunIISummer20UL16MiniAODAPVv2-106X_mcRun2_asymptotic_preVFP_v11-v2/MINIAODSIM|VALID|6116617|121|0.350|2021-10-21
DS|/ZJetsToQQ_HT-800toInf_TuneCP5_13TeV-madgraphMLM-pythia8/RunIISummer20UL16MiniAODAPVv2-106X_mcRun2_asymptotic_preVFP_v11-v2/MINIAODSIM|VALID|3726992|77|0.230|2021-12-08
DS|/ZZ_TuneCP5_13TeV-pythia8/RunIISummer20UL16MiniAODAPVv2-106X_mcRun2_asymptotic_preVFP_v11-v1/MINIAODSIM|VALID|1282000|24|0.045|2021-06-09
DS|/ttHToNonbb_M125_TuneCP5_13TeV-powheg-pythia8/RunIISummer20UL16MiniAODAPVv2-106X_mcRun2_asymptotic_preVFP_v11-v2/MINIAODSIM|VALID|1977996|40|0.120|2021-10-25
DS|/ttHTobb_M125_TuneCP5_13TeV-powheg-pythia8/RunIISummer20UL16MiniAODAPVv2-106X_mcRun2_asymptotic_preVFP_v11-v2/MINIAODSIM|VALID|4566000|84|0.280|2021-11-05
### done: 30897 rows in /afs/cern.ch/user/j/junghyun/CMSSW_14_2_1/src/NtupleForge/script/das_inventory_ul16pre_miniaodv2_20260916_0856.tsv
===========================================================================
end_utc     : 2026-09-16T06:57:54Z
wall_s      : 93
EXIT        : 0
outputs (modified during the run, under script/ and branches/):
     9404894  script/das_inventory_ul16pre_miniaodv2_20260916_0856.tsv
       11929  script/das_inventory_ul16pre_miniaodv2_20260916_0856.tsv.match.txt
     4561627  script/das_inventory_ul16pre_miniaodv2_20260916_0856.tsv.names.txt
log         : script/runlogs/run_ul16pre_miniaodv2_20260916_065618.log
=== END ===================================================================
