=== RUNLOG ================================================================
step        : discover_ul16_btagcsv_v15
start_utc   : 2026-09-18T06:03:05Z
host        : lxplus988   user: junghyun
cwd         : /afs/cern.ch/user/j/junghyun/CMSSW_14_2_1/src/NtupleForge
repo        : /afs/cern.ch/user/j/junghyun/CMSSW_14_2_1/src/NtupleForge
git_head    : 1b576b9   modified_tracked_files: 1
cmd         : dasgoclient -query dataset=/BTagCSV/Run2016\*UL2016\*NanoAODv15\*/NANOAOD 
CMSSW_BASE  : <unset>
root        : 6.40.04
dasgoclient : Build: git=v02.04.54 go=go1.26.6 date=2026-09-18 08:03:05.879381654 +0200 CEST m=+0.000823295
proxy_left_s: 43188
===========================================================================
/BTagCSV/Run2016B-HIPM_UL2016_NanoAODv15-v1/NANOAOD
/BTagCSV/Run2016B-HIPM_UL2016_NanoAODv15_v2-v1/NANOAOD
/BTagCSV/Run2016C-HIPM_UL2016_NanoAODv15-v1/NANOAOD
/BTagCSV/Run2016D-HIPM_UL2016_NanoAODv15-v1/NANOAOD
/BTagCSV/Run2016E-HIPM_UL2016_NanoAODv15-v1/NANOAOD
/BTagCSV/Run2016F-HIPM_UL2016_NanoAODv15-v1/NANOAOD
/BTagCSV/Run2016F-UL2016_NanoAODv15-v1/NANOAOD
/BTagCSV/Run2016G-UL2016_NanoAODv15-v1/NANOAOD
/BTagCSV/Run2016H-UL2016_NanoAODv15-v1/NANOAOD
===========================================================================
end_utc     : 2026-09-18T06:03:06Z
wall_s      : 1
EXIT        : 0
outputs     : (none under script/ or branches/)
log         : script/runlogs/run_discover_ul16_btagcsv_v15_20260918_060305.log
=== END ===================================================================
