=== RUNLOG ================================================================
step        : p5_2024C_Data_6j20
start_utc   : 2026-09-29T06:59:40Z
host        : lxplus9105   user: junghyun
cwd         : /afs/cern.ch/user/j/junghyun/CMSSW_14_2_1/src/NtupleForge
repo        : /afs/cern.ch/user/j/junghyun/CMSSW_14_2_1/src/NtupleForge
git_head    : 039f12b   modified_tracked_files: 1
cmd         : /bin/bash -c cd\ localcheck_v15\ \&\&\ python3\ ../script/run_postproc.py\ root://cms-xrd-global.cern.ch//store/data/Run2024C/JetMET0/NANOAOD/MINIv6NANOv15-v1/2540000/064aaf18-b694-49d9-b2cd-2fae03f98476.root\ -I\ modules.noop:MODULES\ -b\ ../branches/branch_hadronic_2024_v15_Data.txt\ --skim\ 6j20\ --audit\ -N\ 20000\ -o\ out_2024C_Data_6j20.root 
CMSSW_BASE  : /afs/cern.ch/user/j/junghyun/CMSSW_14_2_1
root        : 6.30.09
dasgoclient : Build: git=v02.04.54 go=go1.26.6 date=2026-09-29 08:59:39.964463267 +0200 CEST m=+0.001446904
proxy_left_s: 688196
===========================================================================
[run_postproc] : ============================================================
[run_postproc] : Execution Started at: 2026-09-29 08:59:42
[run_postproc] : ============================================================
[run_postproc] : Branch Selection File loaded: ../branches/branch_hadronic_2024_v15_Data.txt
[run_postproc] :   -> Applied to: OUTPUT tree only (input is read in full)
[run_postproc] :   -> Preview: ['# =============================================================================', '#  branch_hadronic_2024_v15_Data.txt', '#  ttHH -> 4b, fully-hadronic channel -- COMPRESSED output branch selection'] ...
[run_postproc] : Module Loaded: modules.noop (List Variable: 'MODULES')
[run_postproc] : Input Files Detected: 1
[run_postproc] :   -> First file: root://cms-xrd-global.cern.ch//store/data/Run2024C/JetMET0/NANOAOD/MINIv6NANOv15-v1/2540000/064aaf18-b694-49d9-b2cd-2fae03f98476.root
[run_postproc] : Output Strategy: MERGE (Hadd enabled)
[run_postproc] :   -> Final Target: out_2024C_Data_6j20.root
[run_postproc] : ------------------------------------------------------------
[run_postproc] : ============================================================
[run_postproc] : EVENT SKIM (production): 6j20
[run_postproc] :   cut = Sum$(Jet_pt>20 && abs(Jet_eta)<2.5)>=6
[run_postproc] :   Runs / LuminosityBlocks stay whole; audit ON (forge_audit.py)
[run_postproc] : ============================================================
[run_postproc] : Initializing PostProcessor engine...
[run_postproc] : Running Event Loop, then the forge audit...
Will write selected trees to .
29-Sep-2026 08:59:42 CEST  Initiating request to open file root://cms-xrd-global.cern.ch//store/data/Run2024C/JetMET0/NANOAOD/MINIv6NANOv15-v1/2540000/064aaf18-b694-49d9-b2cd-2fae03f98476.root
Adding file ./064aaf18-b694-49d9-b2cd-2fae03f98476_Skim.root
Merging Events
Merging LuminosityBlocks
Merging Runs
Merging MetaData
Merging ParameterSets
Merging tag
Pre-select 1764 entries out of 20000 (8.82%)
Selected 1764 / 20000 entries from root://cms-xrd-global.cern.ch//store/data/Run2024C/JetMET0/NANOAOD/MINIv6NANOv15-v1/2540000/064aaf18-b694-49d9-b2cd-2fae03f98476.root (8.82%)
Done ./064aaf18-b694-49d9-b2cd-2fae03f98476_Skim.root
Total time 341.0 sec. to process 20000 events. Rate = 58.7 Hz.
FORGE|EVT|379454:136:204776690|nj20=0|ht20=0.00|pass=0|gtid=-
FORGE|EVT|379454:136:204599207|nj20=2|ht20=633.00|pass=0|gtid=-
FORGE|EVT|379454:136:205927401|nj20=4|ht20=498.47|pass=0|gtid=-
FORGE|EVT|379454:136:205500767|nj20=8|ht20=875.95|pass=1|gtid=-
FORGE|EVT|379454:136:205088535|nj20=5|ht20=459.39|pass=0|gtid=-
FORGE|EVT|379454:136:204937955|nj20=4|ht20=646.45|pass=0|gtid=-
FORGE|EVT|379454:136:203869746|nj20=2|ht20=693.25|pass=0|gtid=-
FORGE|EVT|379454:136:205783972|nj20=2|ht20=368.12|pass=0|gtid=-
FORGE|EVT|379454:136:205982959|nj20=7|ht20=1378.14|pass=1|gtid=-
FORGE|EVT|379454:136:205889777|nj20=1|ht20=23.09|pass=0|gtid=-
FORGE|EVT|379454:136:204095595|nj20=3|ht20=217.84|pass=0|gtid=-
FORGE|EVT|379454:136:204256865|nj20=4|ht20=749.22|pass=0|gtid=-
FORGE|EVT|379454:136:205859305|nj20=3|ht20=407.50|pass=0|gtid=-
FORGE|EVT|379454:136:204170849|nj20=3|ht20=1006.75|pass=0|gtid=-
FORGE|EVT|379454:136:205273191|nj20=2|ht20=388.00|pass=0|gtid=-
FORGE|EVT|379454:136:204756965|nj20=2|ht20=393.38|pass=0|gtid=-
FORGE|EVT|379454:136:205292893|nj20=4|ht20=790.20|pass=0|gtid=-
FORGE|EVT|379454:136:204617117|nj20=4|ht20=319.95|pass=0|gtid=-
FORGE|EVT|379454:136:204570537|nj20=8|ht20=770.66|pass=1|gtid=-
FORGE|EVT|379454:136:205947114|nj20=4|ht20=629.23|pass=0|gtid=-
FORGE|FILE|/store/data/Run2024C/JetMET0/NANOAOD/MINIv6NANOv15-v1/2540000/064aaf18-b694-49d9-b2cd-2fae03f98476.root|n_in=20000|n_pass=1764|sumw=0|runs_sumw=0|runs_count=0|t_s=36.3
FORGE|CHECK|C1|PASS|output Events 1764, RVec pass 1764
FORGE|CHECK|C2|PASS|every file read to the end of its range (1 files)
FORGE|CHECK|C2e|PASS|0 ROOT error line(s)
FORGE|CHECK|write|PASS|ForgeAudit 1 row(s), no ForgeTTbbKeys (no genTtbarId), ForgeProvenance, in out_2024C_Data_6j20.root
FORGE|JOB|files=1|n_in=20000|n_pass=1764|n_out=1764|t_s=442.1|exit=0
[run_postproc] : Job Finished Successfully at 2026-09-29 09:07:04 (exit 0)
[run_postproc] :    Total Runtime: 0:07:22.146554
===========================================================================
end_utc     : 2026-09-29T07:07:04Z
wall_s      : 444
EXIT        : 0
outputs     : (none under script/ or branches/)
log         : script/runlogs/run_p5_2024C_Data_6j20_20260929_065938.log
=== END ===================================================================
