=== RUNLOG ================================================================
step        : sweep_v9_2016_2018
start_utc   : 2026-09-18T07:25:31Z
host        : lxplus988   user: junghyun
cwd         : /afs/cern.ch/user/j/junghyun/CMSSW_14_2_1/src/NtupleForge
repo        : /afs/cern.ch/user/j/junghyun/CMSSW_14_2_1/src/NtupleForge
git_head    : 1b576b9   modified_tracked_files: 1
cmd         : /bin/bash script/sweep_inventories.sh script/inventory_manifest_v9_2016_2018.txt 
CMSSW_BASE  : /afs/cern.ch/user/j/junghyun/CMSSW_14_2_1
root        : 6.30.09
dasgoclient : Build: git=v02.04.54 go=go1.26.6 date=2026-09-18 09:25:31.074811368 +0200 CEST m=+0.000570961
proxy_left_s: 38242
===========================================================================
========================================================================
 sweep_inventories.sh   out=/afs/cern.ch/user/j/junghyun/CMSSW_14_2_1/src/NtupleForge/script/inventory
 manifest=script/inventory_manifest_v9_2016_2018.txt
========================================================================
  OK    2016preVFP_v9_MC       Events=1504  HLT=601   /TTToHadronic_TuneCP5_13TeV-powheg-pythia8/RunIISummer20UL16NanoAODAPVv9-106X_mcRun2_asymptotic_preVFP_v11-v1/NANOAODSIM
  OK    2016postVFP_v9_MC      Events=1504  HLT=601   /TTToHadronic_TuneCP5_13TeV-powheg-pythia8/RunIISummer20UL16NanoAODv9-106X_mcRun2_asymptotic_v17-v1/NANOAODSIM
  OK    2018UL_v9_MC           Events=1628  HLT=651   /TTToHadronic_TuneCP5_13TeV-powheg-pythia8/RunIISummer20UL18NanoAODv9-106X_upgrade2018_realistic_v16_L1v1-v1/NANOAODSIM
  OK    2016B1_v9_Data         Events=1286  HLT=498   /JetHT/Run2016B-ver1_HIPM_UL2016_MiniAODv2_NanoAODv9-v2/NANOAOD
  OK    2016B2_v9_Data         Events=1345  HLT=538   /JetHT/Run2016B-ver2_HIPM_UL2016_MiniAODv2_NanoAODv9-v2/NANOAOD
  OK    2016C_v9_Data          Events=1347  HLT=545   /JetHT/Run2016C-HIPM_UL2016_MiniAODv2_NanoAODv9-v2/NANOAOD
  OK    2016D_v9_Data          Events=1338  HLT=536   /JetHT/Run2016D-HIPM_UL2016_MiniAODv2_NanoAODv9-v2/NANOAOD
  OK    2016E_v9_Data          Events=1362  HLT=549   /JetHT/Run2016E-HIPM_UL2016_MiniAODv2_NanoAODv9-v2/NANOAOD
  OK    2016FHIPM_v9_Data      Events=1355  HLT=534   /JetHT/Run2016F-HIPM_UL2016_MiniAODv2_NanoAODv9-v2/NANOAOD
  OK    2016F_v9_Data          Events=1355  HLT=534   /JetHT/Run2016F-UL2016_MiniAODv2_NanoAODv9-v1/NANOAOD
  OK    2016G_v9_Data          Events=1363  HLT=554   /JetHT/Run2016G-UL2016_MiniAODv2_NanoAODv9-v1/NANOAOD
  OK    2016H_v9_Data          Events=1346  HLT=518   /JetHT/Run2016H-UL2016_MiniAODv2_NanoAODv9-v1/NANOAOD
  OK    2018A_v9_Data          Events=1749  HLT=664   /JetHT/Run2018A-UL2018_MiniAODv2_NanoAODv9-v2/NANOAOD
  OK    2018B_v9_Data          Events=1567  HLT=685   /JetHT/Run2018B-UL2018_MiniAODv2_NanoAODv9-v1/NANOAOD
  OK    2018C_v9_Data          Events=1542  HLT=642   /JetHT/Run2018C-UL2018_MiniAODv2_NanoAODv9-v1/NANOAOD
  OK    2018D_v9_Data          Events=1561  HLT=657   /JetHT/Run2018D-UL2018_MiniAODv2_NanoAODv9-v2/NANOAOD
------------------------------------------------------------------------
 dumped=16  skipped=0  failed=0
 next: python3 script/branch_presence_matrix.py --inventory-dir /afs/cern.ch/user/j/junghyun/CMSSW_14_2_1/src/NtupleForge/script/inventory \
           --profile main --mc --era 2017 --partial-only
------------------------------------------------------------------------
===========================================================================
end_utc     : 2026-09-18T07:26:42Z
wall_s      : 71
EXIT        : 0
outputs (modified during the run, under script/ and branches/):
       52392  script/inventory/inv_2016B1_v9_Data.tsv
       54789  script/inventory/inv_2016B2_v9_Data.tsv
       54835  script/inventory/inv_2016C_v9_Data.tsv
       54546  script/inventory/inv_2016D_v9_Data.tsv
       55559  script/inventory/inv_2016E_v9_Data.tsv
       55177  script/inventory/inv_2016FHIPM_v9_Data.tsv
       55168  script/inventory/inv_2016F_v9_Data.tsv
       55573  script/inventory/inv_2016G_v9_Data.tsv
       54590  script/inventory/inv_2016H_v9_Data.tsv
       61123  script/inventory/inv_2016postVFP_v9_MC.tsv
       61132  script/inventory/inv_2016preVFP_v9_MC.tsv
       74687  script/inventory/inv_2018A_v9_Data.tsv
       67855  script/inventory/inv_2018B_v9_Data.tsv
       65853  script/inventory/inv_2018C_v9_Data.tsv
       66825  script/inventory/inv_2018D_v9_Data.tsv
       68723  script/inventory/inv_2018UL_v9_MC.tsv
log         : script/runlogs/run_sweep_v9_2016_2018_20260918_072530.log
=== END ===================================================================
