=== RUNLOG ================================================================
step        : probe_2018A_sixjet
start_utc   : 2026-09-18T07:21:59Z
host        : lxplus988   user: junghyun
cwd         : /afs/cern.ch/user/j/junghyun/CMSSW_14_2_1/src/NtupleForge
repo        : /afs/cern.ch/user/j/junghyun/CMSSW_14_2_1/src/NtupleForge
git_head    : 1b576b9   modified_tracked_files: 1
cmd         : python3 script/probe_hlt_path_by_run.py --dataset /JetHT/Run2018A-UL2018_NanoAODv15-v2/NANOAOD --paths HLT_PFHT400_SixPFJet32_DoublePFBTagDeepCSV_2p94\,HLT_PFHT450_SixPFJet36_PFBTagDeepCSV_1p59\,HLT_PFHT380_SixPFJet32_DoublePFBTagDeepCSV_2p2\,HLT_PFHT430_SixPFJet40_PFBTagDeepCSV_1p5 --min-run 316700 --every 2 
CMSSW_BASE  : /afs/cern.ch/user/j/junghyun/CMSSW_14_2_1
root        : 6.30.09
dasgoclient : Build: git=v02.04.54 go=go1.26.6 date=2026-09-18 09:21:59.432838129 +0200 CEST m=+0.002093767
proxy_left_s: 38454
===========================================================================
# dataset      : /JetHT/Run2018A-UL2018_NanoAODv15-v2/NANOAOD
# runs in DAS  : 127 (315257..316995); probing 12 run(s), every 2, window 316700..-
# paths        : HLT_PFHT400_SixPFJet32_DoublePFBTagDeepCSV_2p94, HLT_PFHT450_SixPFJet36_PFBTagDeepCSV_1p59, HLT_PFHT380_SixPFJet32_DoublePFBTagDeepCSV_2p2, HLT_PFHT430_SixPFJet40_PFBTagDeepCSV_1p5
RUN|316700|/store/data/Run2018A/JetHT/NANOAOD/UL2018_NanoAODv15-v2/120000/2e00eaad-eb6e-4608-93e6-b08c2b0f1d37.root|315363-316993|HLT_PFHT400_SixPFJet32_DoublePFBTagDeepCSV_2p94=0 HLT_PFHT450_SixPFJet36_PFBTagDeepCSV_1p59=0 HLT_PFHT380_SixPFJet32_DoublePFBTagDeepCSV_2p2=1 HLT_PFHT430_SixPFJet40_PFBTagDeepCSV_1p5=1
RUN|316702|/store/data/Run2018A/JetHT/NANOAOD/UL2018_NanoAODv15-v2/120000/6426e490-5827-46c7-b4c5-c530b950f367.root|315488-316993|HLT_PFHT400_SixPFJet32_DoublePFBTagDeepCSV_2p94=0 HLT_PFHT450_SixPFJet36_PFBTagDeepCSV_1p59=0 HLT_PFHT380_SixPFJet32_DoublePFBTagDeepCSV_2p2=1 HLT_PFHT430_SixPFJet40_PFBTagDeepCSV_1p5=1
RUN|316716|/store/data/Run2018A/JetHT/NANOAOD/UL2018_NanoAODv15-v2/120000/f024034b-b663-47f6-b696-6272cdc67771.root|315264-316995|HLT_PFHT400_SixPFJet32_DoublePFBTagDeepCSV_2p94=0 HLT_PFHT450_SixPFJet36_PFBTagDeepCSV_1p59=0 HLT_PFHT380_SixPFJet32_DoublePFBTagDeepCSV_2p2=1 HLT_PFHT430_SixPFJet40_PFBTagDeepCSV_1p5=1
RUN|316718|/store/data/Run2018A/JetHT/NANOAOD/UL2018_NanoAODv15-v2/120000/065411b1-69f8-4e56-8247-26c3204b22f7.root|315361-316944|HLT_PFHT400_SixPFJet32_DoublePFBTagDeepCSV_2p94=0 HLT_PFHT450_SixPFJet36_PFBTagDeepCSV_1p59=0 HLT_PFHT380_SixPFJet32_DoublePFBTagDeepCSV_2p2=1 HLT_PFHT430_SixPFJet40_PFBTagDeepCSV_1p5=1
RUN|316720|/store/data/Run2018A/JetHT/NANOAOD/UL2018_NanoAODv15-v2/120000/472524ec-2fc1-42ff-bea7-9aeb7c1357cb.root|315366-316944|HLT_PFHT400_SixPFJet32_DoublePFBTagDeepCSV_2p94=0 HLT_PFHT450_SixPFJet36_PFBTagDeepCSV_1p59=0 HLT_PFHT380_SixPFJet32_DoublePFBTagDeepCSV_2p2=1 HLT_PFHT430_SixPFJet40_PFBTagDeepCSV_1p5=1
RUN|316722|/store/data/Run2018A/JetHT/NANOAOD/UL2018_NanoAODv15-v2/120000/1ca09758-f1ba-4f99-8da5-06bcd3f328af.root|315713-316944|HLT_PFHT400_SixPFJet32_DoublePFBTagDeepCSV_2p94=0 HLT_PFHT450_SixPFJet36_PFBTagDeepCSV_1p59=0 HLT_PFHT380_SixPFJet32_DoublePFBTagDeepCSV_2p2=1 HLT_PFHT430_SixPFJet40_PFBTagDeepCSV_1p5=1
RUN|316758|/store/data/Run2018A/JetHT/NANOAOD/UL2018_NanoAODv15-v2/120000/1f96dd6f-6e39-4a8f-bdbf-f6b487cd9545.root|315257-316993|HLT_PFHT400_SixPFJet32_DoublePFBTagDeepCSV_2p94=0 HLT_PFHT450_SixPFJet36_PFBTagDeepCSV_1p59=0 HLT_PFHT380_SixPFJet32_DoublePFBTagDeepCSV_2p2=1 HLT_PFHT430_SixPFJet40_PFBTagDeepCSV_1p5=1
RUN|316876|/store/data/Run2018A/JetHT/NANOAOD/UL2018_NanoAODv15-v2/120000/0c9f47c7-9117-40bc-bb4e-efe4dc4c11da.root|315488-316876|HLT_PFHT400_SixPFJet32_DoublePFBTagDeepCSV_2p94=0 HLT_PFHT450_SixPFJet36_PFBTagDeepCSV_1p59=0 HLT_PFHT380_SixPFJet32_DoublePFBTagDeepCSV_2p2=1 HLT_PFHT430_SixPFJet40_PFBTagDeepCSV_1p5=1
RUN|316879|/store/data/Run2018A/JetHT/NANOAOD/UL2018_NanoAODv15-v2/120000/2e00eaad-eb6e-4608-93e6-b08c2b0f1d37.root|315363-316993|HLT_PFHT400_SixPFJet32_DoublePFBTagDeepCSV_2p94=0 HLT_PFHT450_SixPFJet36_PFBTagDeepCSV_1p59=0 HLT_PFHT380_SixPFJet32_DoublePFBTagDeepCSV_2p2=1 HLT_PFHT430_SixPFJet40_PFBTagDeepCSV_1p5=1
RUN|316944|/store/data/Run2018A/JetHT/NANOAOD/UL2018_NanoAODv15-v2/120000/065411b1-69f8-4e56-8247-26c3204b22f7.root|315361-316944|HLT_PFHT400_SixPFJet32_DoublePFBTagDeepCSV_2p94=0 HLT_PFHT450_SixPFJet36_PFBTagDeepCSV_1p59=0 HLT_PFHT380_SixPFJet32_DoublePFBTagDeepCSV_2p2=1 HLT_PFHT430_SixPFJet40_PFBTagDeepCSV_1p5=1
RUN|316993|/store/data/Run2018A/JetHT/NANOAOD/UL2018_NanoAODv15-v2/120000/1f96dd6f-6e39-4a8f-bdbf-f6b487cd9545.root|315257-316993|HLT_PFHT400_SixPFJet32_DoublePFBTagDeepCSV_2p94=0 HLT_PFHT450_SixPFJet36_PFBTagDeepCSV_1p59=0 HLT_PFHT380_SixPFJet32_DoublePFBTagDeepCSV_2p2=1 HLT_PFHT430_SixPFJet40_PFBTagDeepCSV_1p5=1
RUN|316995|/store/data/Run2018A/JetHT/NANOAOD/UL2018_NanoAODv15-v2/120000/3c0a255d-315d-4d93-85ff-c7473db65100.root|315257-316995|HLT_PFHT400_SixPFJet32_DoublePFBTagDeepCSV_2p94=0 HLT_PFHT450_SixPFJet36_PFBTagDeepCSV_1p59=0 HLT_PFHT380_SixPFJet32_DoublePFBTagDeepCSV_2p2=1 HLT_PFHT430_SixPFJet40_PFBTagDeepCSV_1p5=1
# files opened : 9
SUMMARY|HLT_PFHT400_SixPFJet32_DoublePFBTagDeepCSV_2p94|first_file_with=-|last_file_without=316995
SUMMARY|HLT_PFHT450_SixPFJet36_PFBTagDeepCSV_1p59|first_file_with=-|last_file_without=316995
SUMMARY|HLT_PFHT380_SixPFJet32_DoublePFBTagDeepCSV_2p2|first_file_with=315257|last_file_without=-
SUMMARY|HLT_PFHT430_SixPFJet40_PFBTagDeepCSV_1p5|first_file_with=315257|last_file_without=-
===========================================================================
end_utc     : 2026-09-18T07:23:38Z
wall_s      : 99
EXIT        : 0
outputs     : (none under script/ or branches/)
log         : script/runlogs/run_probe_2018A_sixjet_20260918_072158.log
=== END ===================================================================
