=== RUNLOG ================================================================
step        : build_2018UL_had
start_utc   : 2026-09-23T07:21:32Z
host        : lxplus963   user: junghyun
cwd         : /afs/cern.ch/user/j/junghyun/CMSSW_14_2_1/src/NtupleForge
repo        : /afs/cern.ch/user/j/junghyun/CMSSW_14_2_1/src/NtupleForge
git_head    : 8ab47c0   modified_tracked_files: 1
cmd         : python3 script/build_from_scan_log.py script/das/das_ttHH_2018UL_v15_20260923_0853.log --emit-config --job-tag ttHH2018UL_v15_had_\{tier\}_v1 --branch-file branches/branch_hadronic_2018_v15_MC.txt --data-branch-file branches/branch_hadronic_2018_v15_Data.txt --allow-notfound TTHHto4b\,tHW\,TTZHTo4b\,TTZZTo4b\,TT4b 
CMSSW_BASE  : <unset>
root        : 6.40.04
dasgoclient : Build: git=v02.04.54 go=go1.26.6 date=2026-09-23 09:21:32.940297927 +0200 CEST m=+0.000935638
proxy_left_s: 41403
===========================================================================
[build] wrote /afs/cern.ch/user/j/junghyun/CMSSW_14_2_1/src/NtupleForge/script/drafts/review_das_ttHH_2018UL_v15_20260923_0853.md
[build] wrote /afs/cern.ch/user/j/junghyun/CMSSW_14_2_1/src/NtupleForge/script/drafts/review_das_ttHH_2018UL_v15_20260923_0853.tsv
[build] NOTE: 5 NOT_FOUND key(s) explicitly allowed (TTHHto4b, tHW, TTZHTo4b, TTZZTo4b, TT4b); they are listed as a commented block in the config, not as datasets.
[build] wrote /afs/cern.ch/user/j/junghyun/CMSSW_14_2_1/src/NtupleForge/script/drafts/config_das_ttHH_2018UL_v15_20260923_0853_MC.yaml.draft
[build] wrote /afs/cern.ch/user/j/junghyun/CMSSW_14_2_1/src/NtupleForge/script/drafts/config_das_ttHH_2018UL_v15_20260923_0853_Data.yaml.draft
===========================================================================
end_utc     : 2026-09-23T07:21:33Z
wall_s      : 1
EXIT        : 0
outputs (modified during the run, under script/ and branches/):
        2190  script/drafts/config_das_ttHH_2018UL_v15_20260923_0853_Data.yaml.draft
        7664  script/drafts/config_das_ttHH_2018UL_v15_20260923_0853_MC.yaml.draft
        9742  script/drafts/review_das_ttHH_2018UL_v15_20260923_0853.md
        7080  script/drafts/review_das_ttHH_2018UL_v15_20260923_0853.tsv
log         : script/runlogs/run_build_2018UL_had_20260923_072132.log
=== END ===================================================================
