=== RUNLOG ================================================================
step        : localcheck_2018_MC
start_utc   : 2026-09-23T07:35:00Z
host        : lxplus963   user: junghyun
cwd         : /afs/cern.ch/user/j/junghyun/CMSSW_14_2_1/src/NtupleForge
repo        : /afs/cern.ch/user/j/junghyun/CMSSW_14_2_1/src/NtupleForge
git_head    : 3cb789b   modified_tracked_files: 0
cmd         : /bin/bash -c cd\ localcheck_v15\ \&\&\ F=\$\(dasgoclient\ -query\ \"file\ dataset=/TTToHadronic_TuneCP5_13TeV-powheg-pythia8/RunIISummer20UL18NanoAODv15-150X_mc2018_realistic_v1-v2/NANOAODSIM\"\ \|\ head\ -1\)\ \&\&\ python3\ ../script/run_postproc.py\ \"root://cms-xrd-global.cern.ch/\$F\"\ -I\ modules.noop:MODULES\ -b\ ../branches/branch_hadronic_2018_v15_MC.txt\ -N\ 500\ -o\ out_2018_MC.root 
CMSSW_BASE  : /afs/cern.ch/user/j/junghyun/CMSSW_14_2_1
root        : 6.30.09
dasgoclient : Build: git=v02.04.54 go=go1.26.6 date=2026-09-23 09:34:59.863993521 +0200 CEST m=+0.004303948
proxy_left_s: 42406
===========================================================================
[run_postproc] : ============================================================
[run_postproc] : Execution Started at: 2026-09-23 09:35:03
[run_postproc] : ============================================================
[run_postproc] : Branch Selection File loaded: ../branches/branch_hadronic_2018_v15_MC.txt
[run_postproc] :   -> Applied to: OUTPUT tree only (input is read in full)
[run_postproc] :   -> Preview: ['# =============================================================================', '#  branch_hadronic_2018_v15_MC.txt', '#  ttHH -> 4b, fully-hadronic channel -- COMPRESSED output branch selection'] ...
[run_postproc] : Module Loaded: modules.noop (List Variable: 'MODULES')
[run_postproc] : Input Files Detected: 1
[run_postproc] :   -> First file: root://cms-xrd-global.cern.ch//store/mc/RunIISummer20UL18NanoAODv15/TTToHadronic_TuneCP5_13TeV-powheg-pythia8/NANOAODSIM/150X_mc2018_realistic_v1-v2/100000/002d2fd2-a3b0-45f0-8e23-2e0304114149.root
[run_postproc] : Output Strategy: MERGE (Hadd enabled)
[run_postproc] :   -> Final Target: out_2018_MC.root
[run_postproc] : ------------------------------------------------------------
[run_postproc] : Initializing PostProcessor engine...
[run_postproc] : Running Event Loop...
Will write selected trees to .
23-Sep-2026 09:35:03 CEST  Initiating request to open file root://cms-xrd-global.cern.ch//store/mc/RunIISummer20UL18NanoAODv15/TTToHadronic_TuneCP5_13TeV-powheg-pythia8/NANOAODSIM/150X_mc2018_realistic_v1-v2/100000/002d2fd2-a3b0-45f0-8e23-2e0304114149.root
Adding file ./002d2fd2-a3b0-45f0-8e23-2e0304114149_Skim.root
Merging Events
Merging LuminosityBlocks
Merging Runs
Merging MetaData
Merging ParameterSets
Merging tag
[run_postproc] : ✅ Job Finished Successfully at 2026-09-23 09:35:28
[run_postproc] :    Total Runtime: 0:00:24.927986
Pre-select 500 entries out of 500 (100.00%)
Selected 500 / 500 entries from root://cms-xrd-global.cern.ch//store/mc/RunIISummer20UL18NanoAODv15/TTToHadronic_TuneCP5_13TeV-powheg-pythia8/NANOAODSIM/150X_mc2018_realistic_v1-v2/100000/002d2fd2-a3b0-45f0-8e23-2e0304114149.root (100.00%)
Done ./002d2fd2-a3b0-45f0-8e23-2e0304114149_Skim.root
Total time 18.4 sec. to process 500 events. Rate = 27.1 Hz.
===========================================================================
end_utc     : 2026-09-23T07:35:28Z
wall_s      : 28
EXIT        : 0
outputs     : (none under script/ or branches/)
log         : script/runlogs/run_localcheck_2018_MC_20260923_073458.log
=== END ===================================================================
