=== RUNLOG ================================================================
step        : sweep_v9_2016_2018
start_utc   : 2026-09-19T07:42:58Z
host        : lxplus990   user: junghyun
cwd         : /afs/cern.ch/user/j/junghyun/CMSSW_14_2_1/src/NtupleForge
repo        : /afs/cern.ch/user/j/junghyun/CMSSW_14_2_1/src/NtupleForge
git_head    : 6c0b5d4   modified_tracked_files: 1
cmd         : /bin/bash script/sweep_inventories.sh script/inventory_manifest_v9_2016_2018.txt 
CMSSW_BASE  : /afs/cern.ch/user/j/junghyun/CMSSW_14_2_1
root        : 6.30.09
dasgoclient : Neither X509_USER_PROXY or X509_USER_KEY/X509_USER_CERT are set
none
proxy_left_s: none
===========================================================================
ERROR: no valid grid proxy. Run:
       voms-proxy-init -voms cms -rfc -valid 192:00
===========================================================================
end_utc     : 2026-09-19T07:42:58Z
wall_s      : 0
EXIT        : 2
outputs     : (none under script/ or branches/)
log         : script/runlogs/run_sweep_v9_2016_2018_20260919_074257.log
=== END ===================================================================
