=== RUNLOG ================================================================
step        : probe_2018B_sixjet
start_utc   : 2026-09-18T06:03:59Z
host        : lxplus988   user: junghyun
cwd         : /afs/cern.ch/user/j/junghyun/CMSSW_14_2_1/src/NtupleForge
repo        : /afs/cern.ch/user/j/junghyun/CMSSW_14_2_1/src/NtupleForge
git_head    : 1b576b9   modified_tracked_files: 1
cmd         : python3 script/probe_hlt_path_by_run.py --dataset /JetHT/Run2018B-UL2018_NanoAODv15-v2/NANOAOD --paths HLT_PFHT400_SixPFJet32_DoublePFBTagDeepCSV_2p94\,HLT_PFHT450_SixPFJet36_PFBTagDeepCSV_1p59\,HLT_PFHT380_SixPFJet32_DoublePFBTagDeepCSV_2p2\,HLT_PFHT430_SixPFJet40_PFBTagDeepCSV_1p5 --every 8 
CMSSW_BASE  : <unset>
root        : none
dasgoclient : Build: git=v02.04.54 go=go1.26.6 date=2026-09-18 08:03:59.959790623 +0200 CEST m=+0.000615730
proxy_left_s: 43134
===========================================================================
  File "script/probe_hlt_path_by_run.py", line 41
    from __future__ import annotations
    ^
SyntaxError: future feature annotations is not defined
===========================================================================
end_utc     : 2026-09-18T06:03:59Z
wall_s      : 0
EXIT        : 1
outputs     : (none under script/ or branches/)
log         : script/runlogs/run_probe_2018B_sixjet_20260918_060359.log
=== END ===================================================================
